
08-10 13:23:33.124 I/SpectrePeripheral( 4204): event=char_write peer=Spectre-2c85e2(xx:7A:39) char=event_batch requestId=1435 offset=0 chunkBytes=202 totalBytes=202 prepared=false responseNeeded=true
08-10 13:23:33.125 I/SpectrePeripheral( 4204): event=event_batch_received peer=Spectre-2c85e2(xx:7A:39) cipherBytes=202 plainBytes=180 recordsEstimate=18 sessionId=0 batchId=0 totalBatches=3
08-10 13:23:35.084 I/SpectrePeripheral( 4204): event=char_read peer=Spectre-2c85e2(xx:7A:39) char=control requestId=1436 offset=0 valueBytes=26 responseBytes=26
08-10 13:23:37.213 I/SpectrePeripheral( 4204): event=char_read peer=Spectre-2c85e2(xx:7A:39) char=control requestId=1437 offset=0 valueBytes=26 responseBytes=26
08-10 13:23:38.118 I/SpectrePeripheral( 4204): event=char_read peer=Spectre-2c85e2(xx:7A:39) char=gps requestId=1438 offset=0 valueBytes=42 responseBytes=42
08-10 13:23:39.315 I/SpectrePeripheral( 4204): event=char_read peer=Spectre-2c85e2(xx:7A:39) char=control requestId=1439 offset=0 valueBytes=26 responseBytes=26
08-10 13:23:41.413 I/SpectrePeripheral( 4204): event=char_read peer=Spectre-2c85e2(xx:7A:39) char=control requestId=1440 offset=0 valueBytes=26 responseBytes=26
08-10 13:23:43.217 I/SpectrePeripheral( 4204): event=char_read peer=Spectre-2c85e2(xx:7A:39) char=gps requestId=1441 offset=0 valueBytes=42 responseBytes=42
08-10 13:23:43.501 I/SpectrePeripheral( 4204): event=char_read peer=Spectre-2c85e2(xx:7A:39) char=control requestId=1442 offset=0 valueBytes=26 responseBytes=26
08-10 13:23:45.135 I/SpectrePeripheral( 4204): event=location_history_native_load buckets=6 samples=147 oldest=1784066852000 newest=1786385582990
08-10 13:23:45.136 W/SpectrePeripheral( 4204): event=enrichment_native_deferred records=18 bytes=846 matches=18 reason=js_reply_timeout
08-10 13:23:45.136 W/SpectrePeripheral( 4204): event=enrichment_response_unframed records=18 pendingRecords=18 sessionId=0 batchId=0
08-10 13:23:45.136 I/SpectrePeripheral( 4204): event=notify_chunked char=enrichment plainBytes=846 chunks=5 chunkPlainMax=200
08-10 13:23:45.136 I/SpectrePeripheral( 4204): event=notify_chunk char=enrichment chunk=0 plainBytes=200 bytes=222
08-10 13:23:45.138 I/SpectrePeripheral( 4204): event=notify_queued peer=Spectre-2c85e2(xx:7A:39) char=enrichment bytes=222 label=chunked chunk=0 chunks=5 queued=1
08-10 13:23:45.139 I/SpectrePeripheral( 4204): event=notify_send reason=enqueue peer=Spectre-2c85e2(xx:7A:39) char=enrichment bytes=222 label=chunked chunk=0 chunks=5 remaining=0
08-10 13:23:45.140 I/SpectrePeripheral( 4204): event=notify_chunk char=enrichment chunk=1 plainBytes=200 bytes=222
08-10 13:23:45.141 I/SpectrePeripheral( 4204): event=notify_queued peer=Spectre-2c85e2(xx:7A:39) char=enrichment bytes=222 label=chunked chunk=1 chunks=5 queued=1
08-10 13:23:45.141 I/SpectrePeripheral( 4204): event=notify_chunk char=enrichment chunk=2 plainBytes=200 bytes=222
08-10 13:23:45.142 I/SpectrePeripheral( 4204): event=notify_queued peer=Spectre-2c85e2(xx:7A:39) char=enrichment bytes=222 label=chunked chunk=2 chunks=5 queued=2
08-10 13:23:45.142 I/SpectrePeripheral( 4204): event=notify_chunk char=enrichment chunk=3 plainBytes=200 bytes=222
08-10 13:23:45.143 I/SpectrePeripheral( 4204): event=notify_queued peer=Spectre-2c85e2(xx:7A:39) char=enrichment bytes=222 label=chunked chunk=3 chunks=5 queued=3
08-10 13:23:45.143 I/SpectrePeripheral( 4204): event=notify_chunk char=enrichment chunk=4 plainBytes=46 bytes=68
08-10 13:23:45.143 I/SpectrePeripheral( 4204): event=notify_queued peer=Spectre-2c85e2(xx:7A:39) char=enrichment bytes=68 label=chunked chunk=4 chunks=5 queued=4
08-10 13:23:45.144 I/SpectrePeripheral( 4204): event=notify_sent peer=Spectre-2c85e2(xx:7A:39) status=success remaining=4
08-10 13:23:45.222 I/SpectrePeripheral( 4204): event=notify_send reason=sent_paced peer=Spectre-2c85e2(xx:7A:39) char=enrichment bytes=222 label=chunked chunk=1 chunks=5 remaining=3
08-10 13:23:45.226 I/SpectrePeripheral( 4204): event=notify_sent peer=Spectre-2c85e2(xx:7A:39) status=success remaining=3
08-10 13:23:45.303 I/SpectrePeripheral( 4204): event=notify_send reason=sent_paced peer=Spectre-2c85e2(xx:7A:39) char=enrichment bytes=222 label=chunked chunk=2 chunks=5 remaining=2
08-10 13:23:45.306 I/SpectrePeripheral( 4204): event=notify_sent peer=Spectre-2c85e2(xx:7A:39) status=success remaining=2
08-10 13:23:45.384 I/SpectrePeripheral( 4204): event=notify_send reason=sent_paced peer=Spectre-2c85e2(xx:7A:39) char=enrichment bytes=222 label=chunked chunk=3 chunks=5 remaining=1
08-10 13:23:45.386 I/SpectrePeripheral( 4204): event=notify_sent peer=Spectre-2c85e2(xx:7A:39) status=success remaining=1
08-10 13:23:45.464 I/SpectrePeripheral( 4204): event=notify_send reason=sent_paced peer=Spectre-2c85e2(xx:7A:39) char=enrichment bytes=68 label=chunked chunk=4 chunks=5 remaining=0
08-10 13:23:45.468 I/SpectrePeripheral( 4204): event=notify_sent peer=Spectre-2c85e2(xx:7A:39) status=success remaining=0
08-10 13:23:45.632 I/SpectrePeripheral( 4204): event=char_read peer=Spectre-2c85e2(xx:7A:39) char=control requestId=1443 offset=0 valueBytes=26 responseBytes=26
08-10 13:23:47.542 I/SpectrePeripheral( 4204): event=char_write peer=Spectre-2c85e2(xx:7A:39) char=event_batch requestId=1444 offset=0 chunkBytes=202 totalBytes=202 prepared=false responseNeeded=true
08-10 13:23:47.544 I/SpectrePeripheral( 4204): event=event_batch_received peer=Spectre-2c85e2(xx:7A:39) cipherBytes=202 plainBytes=180 recordsEstimate=18 sessionId=0 batchId=0 totalBatches=4
08-10 13:23:47.634 I/SpectrePeripheral( 4204): event=char_read peer=Spectre-2c85e2(xx:7A:39) char=control requestId=1445 offset=0 valueBytes=26 responseBytes=26
08-10 13:23:47.913 I/SpectrePeripheral( 4204): event=char_write peer=Spectre-2c85e2(xx:7A:39) char=storage requestId=1446 offset=0 chunkBytes=90 totalBytes=90 prepared=false responseNeeded=true
08-10 13:23:47.914 I/SpectrePeripheral( 4204): event=storage_snapshot_received peer=Spectre-2c85e2(xx:7A:39) cipherBytes=90 plainBytes=68
08-10 13:23:48.273 I/SpectrePeripheral( 4204): event=char_read peer=Spectre-2c85e2(xx:7A:39) char=gps requestId=1447 offset=0 valueBytes=42 responseBytes=42
08-10 13:23:49.787 I/SpectrePeripheral( 4204): event=char_read peer=Spectre-2c85e2(xx:7A:39) char=control requestId=1448 offset=0 valueBytes=26 responseBytes=26
08-10 13:23:51.913 I/SpectrePeripheral( 4204): event=char_read peer=Spectre-2c85e2(xx:7A:39) char=control requestId=1449 offset=0 valueBytes=26 responseBytes=26
08-10 13:23:53.415 I/SpectrePeripheral( 4204): event=char_read peer=Spectre-2c85e2(xx:7A:39) char=gps requestId=1450 offset=0 valueBytes=42 responseBytes=42
08-10 13:23:54.012 I/SpectrePeripheral( 4204): event=char_read peer=Spectre-2c85e2(xx:7A:39) char=control requestId=1451 offset=0 valueBytes=26 responseBytes=26
08-10 13:23:56.125 I/SpectrePeripheral( 4204): event=char_read peer=Spectre-2c85e2(xx:7A:39) char=control requestId=1452 offset=0 valueBytes=26 responseBytes=26
08-10 13:23:58.248 I/SpectrePeripheral( 4204): event=char_read peer=Spectre-2c85e2(xx:7A:39) char=control requestId=1453 offset=0 valueBytes=26 responseBytes=26
08-10 13:23:58.563 I/SpectrePeripheral( 4204): event=char_read peer=Spectre-2c85e2(xx:7A:39) char=gps requestId=1454 offset=0 valueBytes=42 responseBytes=42
08-10 13:23:59.553 I/SpectrePeripheral( 4204): event=location_history_native_load buckets=6 samples=147 oldest=1784066852000 newest=1786385582990
08-10 13:23:59.554 W/SpectrePeripheral( 4204): event=enrichment_native_deferred records=18 bytes=846 matches=18 reason=js_reply_timeout
08-10 13:23:59.554 W/SpectrePeripheral( 4204): event=enrichment_response_unframed records=18 pendingRecords=18 sessionId=0 batchId=0
08-10 13:23:59.554 I/SpectrePeripheral( 4204): event=notify_chunked char=enrichment plainBytes=846 chunks=5 chunkPlainMax=200
08-10 13:23:59.554 I/SpectrePeripheral( 4204): event=notify_chunk char=enrichment chunk=0 plainBytes=200 bytes=222
08-10 13:23:59.556 I/SpectrePeripheral( 4204): event=notify_queued peer=Spectre-2c85e2(xx:7A:39) char=enrichment bytes=222 label=chunked chunk=0 chunks=5 queued=1
08-10 13:23:59.557 I/SpectrePeripheral( 4204): event=notify_send reason=enqueue peer=Spectre-2c85e2(xx:7A:39) char=enrichment bytes=222 label=chunked chunk=0 chunks=5 remaining=0
08-10 13:23:59.558 I/SpectrePeripheral( 4204): event=notify_chunk char=enrichment chunk=1 plainBytes=200 bytes=222
08-10 13:23:59.559 I/SpectrePeripheral( 4204): event=notify_queued peer=Spectre-2c85e2(xx:7A:39) char=enrichment bytes=222 label=chunked chunk=1 chunks=5 queued=1
08-10 13:23:59.559 I/SpectrePeripheral( 4204): event=notify_chunk char=enrichment chunk=2 plainBytes=200 bytes=222
08-10 13:23:59.560 I/SpectrePeripheral( 4204): event=notify_queued peer=Spectre-2c85e2(xx:7A:39) char=enrichment bytes=222 label=chunked chunk=2 chunks=5 queued=2
08-10 13:23:59.560 I/SpectrePeripheral( 4204): event=notify_chunk char=enrichment chunk=3 plainBytes=200 bytes=222
08-10 13:23:59.561 I/SpectrePeripheral( 4204): event=notify_queued peer=Spectre-2c85e2(xx:7A:39) char=enrichment bytes=222 label=chunked chunk=3 chunks=5 queued=3
08-10 13:23:59.561 I/SpectrePeripheral( 4204): event=notify_chunk char=enrichment chunk=4 plainBytes=46 bytes=68
08-10 13:23:59.561 I/SpectrePeripheral( 4204): event=notify_queued peer=Spectre-2c85e2(xx:7A:39) char=enrichment bytes=68 label=chunked chunk=4 chunks=5 queued=4
08-10 13:23:59.562 I/SpectrePeripheral( 4204): event=notify_sent peer=Spectre-2c85e2(xx:7A:39) status=success remaining=4
08-10 13:23:59.638 I/SpectrePeripheral( 4204): event=notify_send reason=sent_paced peer=Spectre-2c85e2(xx:7A:39) char=enrichment bytes=222 label=chunked chunk=1 chunks=5 remaining=3
08-10 13:23:59.641 I/SpectrePeripheral( 4204): event=notify_sent peer=Spectre-2c85e2(xx:7A:39) status=success remaining=3
08-10 13:23:59.718 I/SpectrePeripheral( 4204): event=notify_send reason=sent_paced peer=Spectre-2c85e2(xx:7A:39) char=enrichment bytes=222 label=chunked chunk=2 chunks=5 remaining=2
08-10 13:23:59.721 I/SpectrePeripheral( 4204): event=notify_sent peer=Spectre-2c85e2(xx:7A:39) status=success remaining=2
08-10 13:23:59.799 I/SpectrePeripheral( 4204): event=notify_send reason=sent_paced peer=Spectre-2c85e2(xx:7A:39) char=enrichment bytes=222 label=chunked chunk=3 chunks=5 remaining=1
08-10 13:23:59.803 I/SpectrePeripheral( 4204): event=notify_sent peer=Spectre-2c85e2(xx:7A:39) status=success remaining=1
08-10 13:23:59.884 I/SpectrePeripheral( 4204): event=notify_send reason=sent_paced peer=Spectre-2c85e2(xx:7A:39) char=enrichment bytes=68 label=chunked chunk=4 chunks=5 remaining=0
08-10 13:23:59.888 I/SpectrePeripheral( 4204): event=notify_sent peer=Spectre-2c85e2(xx:7A:39) status=success remaining=0
08-10 13:24:01.814 I/SpectrePeripheral( 4204): event=char_read peer=Spectre-2c85e2(xx:7A:39) char=control requestId=1455 offset=0 valueBytes=26 responseBytes=26
08-10 13:24:01.957 I/SpectrePeripheral( 4204): event=char_write peer=Spectre-2c85e2(xx:7A:39) char=event_batch requestId=1456 offset=0 chunkBytes=162 totalBytes=162 prepared=false responseNeeded=true
08-10 13:24:01.959 I/SpectrePeripheral( 4204): event=event_batch_received peer=Spectre-2c85e2(xx:7A:39) cipherBytes=162 plainBytes=140 recordsEstimate=14 sessionId=0 batchId=0 totalBatches=5
08-10 13:24:02.931 I/SpectrePeripheral( 4204): event=char_write peer=Spectre-2c85e2(xx:7A:39) char=storage requestId=1457 offset=0 chunkBytes=90 totalBytes=90 prepared=false responseNeeded=true
08-10 13:24:02.932 I/SpectrePeripheral( 4204): event=storage_snapshot_received peer=Spectre-2c85e2(xx:7A:39) cipherBytes=90 plainBytes=68
08-10 13:24:03.644 I/SpectrePeripheral( 4204): event=char_read peer=Spectre-2c85e2(xx:7A:39) char=gps requestId=1458 offset=0 valueBytes=42 responseBytes=42
08-10 13:24:03.933 I/SpectrePeripheral( 4204): event=char_read peer=Spectre-2c85e2(xx:7A:39) char=control requestId=1459 offset=0 valueBytes=26 responseBytes=26
08-10 13:24:06.051 I/SpectrePeripheral( 4204): event=char_read peer=Spectre-2c85e2(xx:7A:39) char=control requestId=1460 offset=0 valueBytes=26 responseBytes=26
08-10 13:24:08.143 I/SpectrePeripheral( 4204): event=char_read peer=Spectre-2c85e2(xx:7A:39) char=control requestId=1461 offset=0 valueBytes=26 responseBytes=26
08-10 13:24:08.810 I/SpectrePeripheral( 4204): event=char_read peer=Spectre-2c85e2(xx:7A:39) char=gps requestId=1462 offset=0 valueBytes=42 responseBytes=42
08-10 13:24:10.217 I/SpectrePeripheral( 4204): event=char_read peer=Spectre-2c85e2(xx:7A:39) char=control requestId=1463 offset=0 valueBytes=26 responseBytes=26
08-10 13:24:12.258 I/SpectrePeripheral( 4204): event=char_read peer=Spectre-2c85e2(xx:7A:39) char=control requestId=1464 offset=0 valueBytes=26 responseBytes=26
08-10 13:24:13.934 I/SpectrePeripheral( 4204): event=char_read peer=Spectre-2c85e2(xx:7A:39) char=gps requestId=1465 offset=0 valueBytes=42 responseBytes=42
08-10 13:24:13.966 I/SpectrePeripheral( 4204): event=location_history_native_load buckets=6 samples=147 oldest=1784066852000 newest=1786385582990
08-10 13:24:13.967 W/SpectrePeripheral( 4204): event=enrichment_native_deferred records=14 bytes=658 matches=14 reason=js_reply_timeout
08-10 13:24:13.967 W/SpectrePeripheral( 4204): event=enrichment_response_unframed records=14 pendingRecords=14 sessionId=0 batchId=0
08-10 13:24:13.967 I/SpectrePeripheral( 4204): event=notify_chunked char=enrichment plainBytes=658 chunks=4 chunkPlainMax=200
08-10 13:24:13.967 I/SpectrePeripheral( 4204): event=notify_chunk char=enrichment chunk=0 plainBytes=200 bytes=222
08-10 13:24:13.968 I/SpectrePeripheral( 4204): event=notify_queued peer=Spectre-2c85e2(xx:7A:39) char=enrichment bytes=222 label=chunked chunk=0 chunks=4 queued=1
08-10 13:24:13.968 I/SpectrePeripheral( 4204): event=notify_send reason=enqueue peer=Spectre-2c85e2(xx:7A:39) char=enrichment bytes=222 label=chunked chunk=0 chunks=4 remaining=0
08-10 13:24:13.969 I/SpectrePeripheral( 4204): event=notify_chunk char=enrichment chunk=1 plainBytes=200 bytes=222
08-10 13:24:13.970 I/SpectrePeripheral( 4204): event=notify_queued peer=Spectre-2c85e2(xx:7A:39) char=enrichment bytes=222 label=chunked chunk=1 chunks=4 queued=1
08-10 13:24:13.970 I/SpectrePeripheral( 4204): event=notify_chunk char=enrichment chunk=2 plainBytes=200 bytes=222
08-10 13:24:13.971 I/SpectrePeripheral( 4204): event=notify_queued peer=Spectre-2c85e2(xx:7A:39) char=enrichment bytes=222 label=chunked chunk=2 chunks=4 queued=2
08-10 13:24:13.971 I/SpectrePeripheral( 4204): event=notify_chunk char=enrichment chunk=3 plainBytes=58 bytes=80
08-10 13:24:13.972 I/SpectrePeripheral( 4204): event=notify_queued peer=Spectre-2c85e2(xx:7A:39) char=enrichment bytes=80 label=chunked chunk=3 chunks=4 queued=3
08-10 13:24:13.972 I/SpectrePeripheral( 4204): event=notify_sent peer=Spectre-2c85e2(xx:7A:39) status=success remaining=3
08-10 13:24:14.050 I/SpectrePeripheral( 4204): event=notify_send reason=sent_paced peer=Spectre-2c85e2(xx:7A:39) char=enrichment bytes=222 label=chunked chunk=1 chunks=4 remaining=2
08-10 13:24:14.052 I/SpectrePeripheral( 4204): event=notify_sent peer=Spectre-2c85e2(xx:7A:39) status=success remaining=2
08-10 13:24:14.129 I/SpectrePeripheral( 4204): event=notify_send reason=sent_paced peer=Spectre-2c85e2(xx:7A:39) char=enrichment bytes=222 label=chunked chunk=2 chunks=4 remaining=1
08-10 13:24:14.132 I/SpectrePeripheral( 4204): event=notify_sent peer=Spectre-2c85e2(xx:7A:39) status=success remaining=1
08-10 13:24:14.210 I/SpectrePeripheral( 4204): event=notify_send reason=sent_paced peer=Spectre-2c85e2(xx:7A:39) char=enrichment bytes=80 label=chunked chunk=3 chunks=4 remaining=0
08-10 13:24:14.214 I/SpectrePeripheral( 4204): event=notify_sent peer=Spectre-2c85e2(xx:7A:39) status=success remaining=0
08-10 13:24:14.376 I/SpectrePeripheral( 4204): event=char_read peer=Spectre-2c85e2(xx:7A:39) char=control requestId=1466 offset=0 valueBytes=26 responseBytes=26
08-10 13:24:16.933 I/SpectrePeripheral( 4204): event=char_read peer=Spectre-2c85e2(xx:7A:39) char=control requestId=1467 offset=0 valueBytes=26 responseBytes=26
08-10 13:24:18.556 I/SpectrePeripheral( 4204): event=char_write peer=Spectre-2c85e2(xx:7A:39) char=storage requestId=1468 offset=0 chunkBytes=90 totalBytes=90 prepared=false responseNeeded=true
08-10 13:24:18.558 I/SpectrePeripheral( 4204): event=storage_snapshot_received peer=Spectre-2c85e2(xx:7A:39) cipherBytes=90 plainBytes=68
08-10 13:24:18.660 I/SpectrePeripheral( 4204): event=char_write peer=Spectre-2c85e2(xx:7A:39) char=event_batch requestId=1469 offset=0 chunkBytes=62 totalBytes=62 prepared=false responseNeeded=true
08-10 13:24:18.662 I/SpectrePeripheral( 4204): event=event_batch_received peer=Spectre-2c85e2(xx:7A:39) cipherBytes=62 plainBytes=40 recordsEstimate=4 sessionId=0 batchId=0 totalBatches=6
08-10 13:24:18.962 I/SpectrePeripheral( 4204): event=char_read peer=Spectre-2c85e2(xx:7A:39) char=gps requestId=1470 offset=0 valueBytes=42 responseBytes=42
08-10 13:24:19.014 I/SpectrePeripheral( 4204): event=char_read peer=Spectre-2c85e2(xx:7A:39) char=control requestId=1471 offset=0 valueBytes=26 responseBytes=26
08-10 13:24:21.104 I/SpectrePeripheral( 4204): event=char_read peer=Spectre-2c85e2(xx:7A:39) char=control requestId=1472 offset=0 valueBytes=26 responseBytes=26
08-10 13:24:23.177 I/SpectrePeripheral( 4204): event=char_read peer=Spectre-2c85e2(xx:7A:39) char=control requestId=1473 offset=0 valueBytes=26 responseBytes=26
08-10 13:24:24.077 I/SpectrePeripheral( 4204): event=char_read peer=Spectre-2c85e2(xx:7A:39) char=gps requestId=1474 offset=0 valueBytes=42 responseBytes=42
08-10 13:24:25.306 I/SpectrePeripheral( 4204): event=char_read peer=Spectre-2c85e2(xx:7A:39) char=control requestId=1475 offset=0 valueBytes=26 responseBytes=26
08-10 13:24:27.411 I/SpectrePeripheral( 4204): event=char_read peer=Spectre-2c85e2(xx:7A:39) char=control requestId=1476 offset=0 valueBytes=26 responseBytes=26
08-10 13:24:29.211 I/SpectrePeripheral( 4204): event=char_read peer=Spectre-2c85e2(xx:7A:39) char=gps requestId=1477 offset=0 valueBytes=42 responseBytes=42
08-10 13:24:29.488 I/SpectrePeripheral( 4204): event=char_read peer=Spectre-2c85e2(xx:7A:39) char=control requestId=1478 offset=0 valueBytes=26 responseBytes=26
08-10 13:24:30.675 I/SpectrePeripheral( 4204): event=location_history_native_load buckets=6 samples=147 oldest=1784066852000 newest=1786385582990
08-10 13:24:30.675 W/SpectrePeripheral( 4204): event=enrichment_native_deferred records=4 bytes=188 matches=4 reason=js_reply_timeout
08-10 13:24:30.675 W/SpectrePeripheral( 4204): event=enrichment_response_unframed records=4 pendingRecords=4 sessionId=0 batchId=0
08-10 13:24:30.675 I/SpectrePeripheral( 4204): event=notify_chunked char=enrichment plainBytes=188 chunks=1 chunkPlainMax=200
08-10 13:24:30.675 I/SpectrePeripheral( 4204): event=notify_chunk char=enrichment chunk=0 plainBytes=188 bytes=210
08-10 13:24:30.678 I/SpectrePeripheral( 4204): event=notify_queued peer=Spectre-2c85e2(xx:7A:39) char=enrichment bytes=210 label=chunked chunk=0 chunks=1 queued=1
08-10 13:24:30.678 I/SpectrePeripheral( 4204): event=notify_send reason=enqueue peer=Spectre-2c85e2(xx:7A:39) char=enrichment bytes=210 label=chunked chunk=0 chunks=1 remaining=0
08-10 13:24:30.682 I/SpectrePeripheral( 4204): event=notify_sent peer=Spectre-2c85e2(xx:7A:39) status=success remaining=0
08-10 13:24:32.684 I/SpectrePeripheral( 4204): event=char_read peer=Spectre-2c85e2(xx:7A:39) char=control requestId=1479 offset=0 valueBytes=26 responseBytes=26
08-10 13:24:34.217 I/SpectrePeripheral( 4204): event=char_read peer=Spectre-2c85e2(xx:7A:39) char=gps requestId=1480 offset=0 valueBytes=42 responseBytes=42
08-10 13:24:34.265 I/SpectrePeripheral( 4204): event=char_write peer=Spectre-2c85e2(xx:7A:39) char=storage requestId=1481 offset=0 chunkBytes=90 totalBytes=90 prepared=false responseNeeded=true
08-10 13:24:34.266 I/SpectrePeripheral( 4204): event=storage_snapshot_received peer=Spectre-2c85e2(xx:7A:39) cipherBytes=90 plainBytes=68
08-10 13:24:35.086 I/SpectrePeripheral( 4204): event=char_read peer=Spectre-2c85e2(xx:7A:39) char=control requestId=1482 offset=0 valueBytes=26 responseBytes=26
08-10 13:24:35.376 I/SpectrePeripheral( 4204): event=connection_state peer=Spectre-2c85e2(xx:7A:39) status=0 newState=disconnected connectedBefore=1
08-10 13:24:35.376 I/SpectrePeripheral( 4204): event=advertise_restart reason=disconnect mode=uuidOnly count=2
08-10 13:24:35.376 I/SpectrePeripheral( 4204): event=app_log message=Advertising restart requested: disconnect
08-10 13:24:35.376 I/SpectrePeripheral( 4204): event=advertise_stop_request mode=uuidOnly
08-10 13:24:35.377 I/SpectrePeripheral( 4204): event=advertise_start_request mode=uuidOnly includeName=false includeService=true scanResponseService=false connectable=true
08-10 13:24:35.378 I/SpectrePeripheral( 4204): event=app_log message=Peripheral disconnected: Spectre-2c85e2
08-10 13:24:35.395 I/SpectrePeripheral( 4204): event=advertise_start_success mode=uuidOnly txPower=3 advertiseMode=2 restarts=2
08-10 13:24:35.395 I/SpectrePeripheral( 4204): event=app_log message=Spectre peripheral advertising started
08-10 13:31:50.760 I/SpectrePeripheral( 4204): event=connection_state peer=Spectre-2c85e2(xx:7A:39) status=0 newState=connected connectedBefore=0
08-10 13:31:50.760 I/SpectrePeripheral( 4204): event=app_log message=Peripheral connected: Spectre-2c85e2
08-10 13:31:50.761 I/SpectrePeripheral( 4204): event=mtu_changed peer=Spectre-2c85e2(xx:7A:39) mtu=247
08-10 13:31:51.143 I/SpectrePeripheral( 4204): event=descriptor_write peer=Spectre-353e79(xx:7A:39) descriptor=cccd char=auth requestId=1483 offset=0 bytes=2 responseNeeded=true value=notify
08-10 13:31:51.477 I/SpectrePeripheral( 4204): event=char_write peer=Spectre-353e79(xx:7A:39) char=auth_request requestId=1484 offset=0 chunkBytes=20 totalBytes=20 prepared=false responseNeeded=true
08-10 13:31:51.478 I/SpectrePeripheral( 4204): event=auth_challenge_chunk peer=Spectre-353e79(xx:7A:39) bytes=20 targetBytes=163
08-10 13:31:51.534 I/SpectrePeripheral( 4204): event=char_write peer=Spectre-353e79(xx:7A:39) char=auth_request requestId=1485 offset=0 chunkBytes=20 totalBytes=40 prepared=false responseNeeded=true
08-10 13:31:51.535 I/SpectrePeripheral( 4204): event=auth_challenge_chunk peer=Spectre-353e79(xx:7A:39) bytes=40 targetBytes=163
08-10 13:31:51.596 I/SpectrePeripheral( 4204): event=char_write peer=Spectre-353e79(xx:7A:39) char=auth_request requestId=1486 offset=0 chunkBytes=20 totalBytes=60 prepared=false responseNeeded=true
08-10 13:31:51.596 I/SpectrePeripheral( 4204): event=auth_challenge_chunk peer=Spectre-353e79(xx:7A:39) bytes=60 targetBytes=163
08-10 13:31:51.650 I/SpectrePeripheral( 4204): event=char_write peer=Spectre-353e79(xx:7A:39) char=auth_request requestId=1487 offset=0 chunkBytes=20 totalBytes=80 prepared=false responseNeeded=true
08-10 13:31:51.651 I/SpectrePeripheral( 4204): event=auth_challenge_chunk peer=Spectre-353e79(xx:7A:39) bytes=80 targetBytes=163
08-10 13:31:51.711 I/SpectrePeripheral( 4204): event=char_write peer=Spectre-353e79(xx:7A:39) char=auth_request requestId=1488 offset=0 chunkBytes=20 totalBytes=100 prepared=false responseNeeded=true
08-10 13:31:51.712 I/SpectrePeripheral( 4204): event=auth_challenge_chunk peer=Spectre-353e79(xx:7A:39) bytes=100 targetBytes=163
08-10 13:31:51.804 I/SpectrePeripheral( 4204): event=char_write peer=Spectre-353e79(xx:7A:39) char=auth_request requestId=1489 offset=0 chunkBytes=20 totalBytes=120 prepared=false responseNeeded=true
08-10 13:31:51.804 I/SpectrePeripheral( 4204): event=auth_challenge_chunk peer=Spectre-353e79(xx:7A:39) bytes=120 targetBytes=163
08-10 13:31:51.868 I/SpectrePeripheral( 4204): event=char_write peer=Spectre-353e79(xx:7A:39) char=auth_request requestId=1490 offset=0 chunkBytes=20 totalBytes=140 prepared=false responseNeeded=true
08-10 13:31:51.869 I/SpectrePeripheral( 4204): event=auth_challenge_chunk peer=Spectre-353e79(xx:7A:39) bytes=140 targetBytes=163
08-10 13:31:51.928 I/SpectrePeripheral( 4204): event=char_write peer=Spectre-353e79(xx:7A:39) char=auth_request requestId=1491 offset=0 chunkBytes=20 totalBytes=160 prepared=false responseNeeded=true
08-10 13:31:51.928 I/SpectrePeripheral( 4204): event=auth_challenge_chunk peer=Spectre-353e79(xx:7A:39) bytes=160 targetBytes=163
08-10 13:31:51.985 I/SpectrePeripheral( 4204): event=char_write peer=Spectre-353e79(xx:7A:39) char=auth_request requestId=1492 offset=0 chunkBytes=3 totalBytes=163 prepared=false responseNeeded=true
08-10 13:31:51.986 I/SpectrePeripheral( 4204): event=auth_challenge_received peer=Spectre-353e79(xx:7A:39) bytes=163
08-10 13:31:51.990 I/SpectrePeripheral( 4204): event=notify_requested char=auth bytes=163 connected=1
08-10 13:31:51.990 I/SpectrePeripheral( 4204): event=notify_queued peer=Spectre-353e79(xx:7A:39) char=auth bytes=163 label=value chunk=0 chunks=1 queued=1
08-10 13:31:51.991 I/SpectrePeripheral( 4204): event=notify_send reason=enqueue peer=Spectre-353e79(xx:7A:39) char=auth bytes=163 label=value chunk=0 chunks=1 remaining=0
08-10 13:31:51.992 I/SpectrePeripheral( 4204): event=secure_value_updated char=metadata channel=3 plainBytes=14 cipherBytes=36 notify=false
08-10 13:31:51.992 I/SpectrePeripheral( 4204): event=notify_requested char=gps bytes=42 connected=1
08-10 13:31:51.993 I/SpectrePeripheral( 4204): event=notify_queued peer=Spectre-353e79(xx:7A:39) char=gps bytes=42 label=value chunk=0 chunks=1 queued=1
08-10 13:31:51.993 I/SpectrePeripheral( 4204): event=secure_value_updated char=gps channel=1 plainBytes=20 cipherBytes=42 notify=true
08-10 13:31:51.993 I/SpectrePeripheral( 4204): event=secure_value_updated char=control channel=2 plainBytes=4 cipherBytes=26 notify=false
08-10 13:31:51.993 I/SpectrePeripheral( 4204): event=auth_session_ready peer=Spectre-353e79(xx:7A:39) responseBytes=163
08-10 13:31:51.994 I/SpectrePeripheral( 4204): event=app_log message=Secure session established with Spectre-353e79
08-10 13:31:51.995 I/SpectrePeripheral( 4204): event=notify_sent peer=Spectre-353e79(xx:7A:39) status=success remaining=1
08-10 13:31:51.995 I/SpectrePeripheral( 4204): event=notify_send reason=sent peer=Spectre-353e79(xx:7A:39) char=gps bytes=42 label=value chunk=0 chunks=1 remaining=0
08-10 13:31:51.996 I/SpectrePeripheral( 4204): event=notify_sent peer=Spectre-353e79(xx:7A:39) status=success remaining=0
08-10 13:31:52.029 I/SpectrePeripheral( 4204): event=update_value char=gps bytes=20
08-10 13:31:52.029 I/SpectrePeripheral( 4204): event=notify_requested char=gps bytes=42 connected=1
08-10 13:31:52.030 I/SpectrePeripheral( 4204): event=notify_queued peer=Spectre-353e79(xx:7A:39) char=gps bytes=42 label=value chunk=0 chunks=1 queued=1
08-10 13:31:52.031 I/SpectrePeripheral( 4204): event=notify_send reason=enqueue peer=Spectre-353e79(xx:7A:39) char=gps bytes=42 label=value chunk=0 chunks=1 remaining=0
08-10 13:31:52.032 I/SpectrePeripheral( 4204): event=secure_value_updated char=gps channel=1 plainBytes=20 cipherBytes=42 notify=true
08-10 13:31:52.033 I/SpectrePeripheral( 4204): event=notify_sent peer=Spectre-353e79(xx:7A:39) status=success remaining=0
08-10 13:31:52.523 I/SpectrePeripheral( 4204): event=descriptor_write peer=Spectre-353e79(xx:7A:39) descriptor=cccd char=enrichment requestId=1493 offset=0 bytes=2 responseNeeded=true value=notify
08-10 13:31:52.644 I/SpectrePeripheral( 4204): event=descriptor_write peer=Spectre-353e79(xx:7A:39) descriptor=cccd char=command_req requestId=1494 offset=0 bytes=2 responseNeeded=true value=notify
08-10 13:31:52.702 I/SpectrePeripheral( 4204): event=char_read peer=Spectre-353e79(xx:7A:39) char=metadata requestId=1495 offset=0 valueBytes=36 responseBytes=36
08-10 13:31:52.802 I/SpectrePeripheral( 4204): event=char_read peer=Spectre-353e79(xx:7A:39) char=gps requestId=1496 offset=0 valueBytes=42 responseBytes=42
08-10 13:31:52.857 I/SpectrePeripheral( 4204): event=char_read peer=Spectre-353e79(xx:7A:39) char=control requestId=1497 offset=0 valueBytes=26 responseBytes=26
08-10 13:31:52.921 I/SpectrePeripheral( 4204): event=char_write peer=Spectre-353e79(xx:7A:39) char=storage requestId=1498 offset=0 chunkBytes=90 totalBytes=90 prepared=false responseNeeded=true
08-10 13:31:52.922 I/SpectrePeripheral( 4204): event=storage_snapshot_received peer=Spectre-353e79(xx:7A:39) cipherBytes=90 plainBytes=68
08-10 13:31:53.506 I/SpectrePeripheral( 4204): event=char_read peer=Spectre-353e79(xx:7A:39) char=gps requestId=1499 offset=0 valueBytes=42 responseBytes=42
08-10 13:31:53.573 I/SpectrePeripheral( 4204): event=char_read peer=Spectre-353e79(xx:7A:39) char=control requestId=1500 offset=0 valueBytes=26 responseBytes=26
08-10 13:31:53.640 I/SpectrePeripheral( 4204): event=char_write peer=Spectre-353e79(xx:7A:39) char=event_batch requestId=1501 offset=0 chunkBytes=172 totalBytes=172 prepared=false responseNeeded=true
08-10 13:31:53.641 I/SpectrePeripheral( 4204): event=event_batch_received peer=Spectre-353e79(xx:7A:39) cipherBytes=172 plainBytes=150 recordsEstimate=15 sessionId=0 batchId=0 totalBatches=7
08-10 13:32:05.648 I/SpectrePeripheral( 4204): event=location_history_native_load buckets=6 samples=147 oldest=1784066852000 newest=1786385582990
08-10 13:32:05.648 W/SpectrePeripheral( 4204): event=enrichment_native_deferred records=15 bytes=705 matches=15 reason=js_reply_timeout
08-10 13:32:05.648 W/SpectrePeripheral( 4204): event=enrichment_response_unframed records=15 pendingRecords=15 sessionId=0 batchId=0
08-10 13:32:05.648 I/SpectrePeripheral( 4204): event=notify_chunked char=enrichment plainBytes=705 chunks=4 chunkPlainMax=200
08-10 13:32:05.649 I/SpectrePeripheral( 4204): event=notify_chunk char=enrichment chunk=0 plainBytes=200 bytes=222
08-10 13:32:05.651 I/SpectrePeripheral( 4204): event=notify_queued peer=Spectre-353e79(xx:7A:39) char=enrichment bytes=222 label=chunked chunk=0 chunks=4 queued=1
08-10 13:32:05.651 I/SpectrePeripheral( 4204): event=notify_send reason=enqueue peer=Spectre-353e79(xx:7A:39) char=enrichment bytes=222 label=chunked chunk=0 chunks=4 remaining=0
08-10 13:32:05.653 I/SpectrePeripheral( 4204): event=notify_chunk char=enrichment chunk=1 plainBytes=200 bytes=222
08-10 13:32:05.654 I/SpectrePeripheral( 4204): event=notify_queued peer=Spectre-353e79(xx:7A:39) char=enrichment bytes=222 label=chunked chunk=1 chunks=4 queued=1
08-10 13:32:05.654 I/SpectrePeripheral( 4204): event=notify_chunk char=enrichment chunk=2 plainBytes=200 bytes=222
08-10 13:32:05.654 I/SpectrePeripheral( 4204): event=notify_queued peer=Spectre-353e79(xx:7A:39) char=enrichment bytes=222 label=chunked chunk=2 chunks=4 queued=2
08-10 13:32:05.654 I/SpectrePeripheral( 4204): event=notify_chunk char=enrichment chunk=3 plainBytes=105 bytes=127
08-10 13:32:05.655 I/SpectrePeripheral( 4204): event=notify_queued peer=Spectre-353e79(xx:7A:39) char=enrichment bytes=127 label=chunked chunk=3 chunks=4 queued=3
08-10 13:32:05.655 I/SpectrePeripheral( 4204): event=notify_sent peer=Spectre-353e79(xx:7A:39) status=success remaining=3
08-10 13:32:05.733 I/SpectrePeripheral( 4204): event=notify_send reason=sent_paced peer=Spectre-353e79(xx:7A:39) char=enrichment bytes=222 label=chunked chunk=1 chunks=4 remaining=2
08-10 13:32:05.736 I/SpectrePeripheral( 4204): event=notify_sent peer=Spectre-353e79(xx:7A:39) status=success remaining=2
08-10 13:32:05.813 I/SpectrePeripheral( 4204): event=notify_send reason=sent_paced peer=Spectre-353e79(xx:7A:39) char=enrichment bytes=222 label=chunked chunk=2 chunks=4 remaining=1
08-10 13:32:05.816 I/SpectrePeripheral( 4204): event=notify_sent peer=Spectre-353e79(xx:7A:39) status=success remaining=1
08-10 13:32:05.894 I/SpectrePeripheral( 4204): event=notify_send reason=sent_paced peer=Spectre-353e79(xx:7A:39) char=enrichment bytes=127 label=chunked chunk=3 chunks=4 remaining=0
08-10 13:32:05.898 I/SpectrePeripheral( 4204): event=notify_sent peer=Spectre-353e79(xx:7A:39) status=success remaining=0
08-10 13:32:08.694 I/SpectrePeripheral( 4204): event=connection_state peer=Spectre-353e79(xx:7A:39) status=0 newState=disconnected connectedBefore=1
08-10 13:32:08.694 I/SpectrePeripheral( 4204): event=advertise_restart reason=disconnect mode=uuidOnly count=3
08-10 13:32:08.694 I/SpectrePeripheral( 4204): event=app_log message=Advertising restart requested: disconnect
08-10 13:32:08.695 I/SpectrePeripheral( 4204): event=advertise_stop_request mode=uuidOnly
08-10 13:32:08.696 I/SpectrePeripheral( 4204): event=advertise_start_request mode=uuidOnly includeName=false includeService=true scanResponseService=false connectable=true
08-10 13:32:08.697 I/SpectrePeripheral( 4204): event=app_log message=Peripheral disconnected: Spectre-353e79
08-10 13:32:08.711 I/SpectrePeripheral( 4204): event=advertise_start_success mode=uuidOnly txPower=3 advertiseMode=2 restarts=3
08-10 13:32:08.711 I/SpectrePeripheral( 4204): event=app_log message=Spectre peripheral advertising started


