=== reconnecting capture opened 2026-08-15T21:15:29.9253296-05:00 port=COM13 ===
=== serial connected 2026-08-15T21:15:29.9444202-05:00 attempt=1 ===
[13717][I][ENTITY] Rebuild complete entities=73 observations=1291 ms=6422
[13718][I][ENTITY] Ready entities=73 observations=1291 links=98304 psram=3088KB selftest=pass rebuild=ok
[13740][I][PWNY] PMKID capture index loaded count=0
[13740][I][WIFI] WiFiManager initialized
[13914][I][WIFI] Allocation: OK
[14072][I][WIFI] Radio suspended
[14072][I][CORE] Hardware ready
[14282][I][STORAGE] RAMSpool worker paused inflight=0 lastInflight=0
[14283][I][STORAGE] Exclusive window begin kind=maintenance reason=radio_owner_window workerPaused=1 displaySuspended=1
[14283][I][STORAGE] Maintenance start reason=radio_owner_window budgetMs=30000 flags=dirty_summary|counter_untrusted|segment_audit|fs_audit captureSafe=0
[14441][I][STORAGE] Segment lifecycle seg=554 sealed->indexed trust=trusted pending=28
[15016][I][STORAGE] Spool repair start reason=maintenance_repair segs=32
[15100][I][STORAGE] Spool repair checkpoint seg=550 off=42213 records=220 events=110 enrich=110
[15224][I][STORAGE] Spool repair checkpoint seg=551 off=38420 records=200 events=100 enrich=100
[15348][I][STORAGE] Spool repair checkpoint seg=552 off=37933 records=200 events=100 enrich=100
[15459][I][STORAGE] Spool repair checkpoint seg=553 off=14576 records=76 events=38 enrich=38
[15568][I][STORAGE] Spool repair checkpoint seg=554 off=10851 records=58 events=28 enrich=30
[15784][I][STORAGE] Spool repair checkpoint seg=562 off=8215 records=42 events=22 enrich=20
[15899][I][STORAGE] Spool repair checkpoint seg=563 off=26683 records=140 events=70 enrich=70
[16005][I][STORAGE] Spool repair checkpoint seg=569 off=7600 records=40 events=20 enrich=20
[16115][I][STORAGE] Spool repair checkpoint seg=571 off=16505 records=84 events=44 enrich=40
[16220][I][STORAGE] Spool repair checkpoint seg=572 off=8668 records=44 events=22 enrich=22
[16259][I][STORAGE] Maintenance skip action=counter_recount reason=repair_in_progress flags=dirty_summary|counter_untrusted|segment_audit|fs_audit
[17796][I][FSAUDIT] pass done files=78 dirs=14 valid=78 invalid=0 legacy=0 forensic=0 tmp=0 unknown=0 vaulted=0 missing=0 skipped=0 actions del=0 quar=0 rebuild=0 salv=0 evict=0 skip=0 fail=0 spool_seg=32 maxSeg
[17899][I][STORAGE] fs_audit done mode=1 complete=1 files=78 invalid=0 tmp=0 missing=0 del=0 quar=0 rebuild=0 salv=0 evict=0 skip=0 fail=0 drift=0 ms=1535
[18011][I][STORAGE] Maintenance done reason=radio_owner_window actions=segment_audit|fs_audit skipped=dirty_summary|counter_untrusted|segment_audit remaining=dirty_summary|counter_untrusted|segment_audit elapsed
[18012][I][STORAGE] RAMSpool worker resumed
[18012][I][STORAGE] Exclusive window end kind=maintenance result=pending reason=radio_owner_window
[18012][I][STORAGE] maintenance owner window ms=3730 captureSafe=0 remaining=dirty_summary|counter_untrusted|segment_audit
[18171][I][WIFI] Radio suspended
[18172][W][CORE] TaskHardware loop gap=4100ms owner=STORAGE_MAINT pendingUpload=1278 maintPending=1 suppressed=0
[18175][I][STORAGE] RAMSpool worker paused inflight=0 lastInflight=0
[18175][I][STORAGE] Exclusive window begin kind=maintenance reason=radio_owner_window workerPaused=1 displaySuspended=1
[18176][I][STORAGE] Maintenance start reason=radio_owner_window budgetMs=30000 flags=dirty_summary|counter_untrusted|segment_audit captureSafe=0
[18316][I][STORAGE] Segment lifecycle seg=562 sealed->indexed trust=trusted pending=22
[19015][I][STORAGE] Spool repair checkpoint seg=574 off=26257 records=138 events=69 enrich=69
[19140][I][STORAGE] Spool repair checkpoint seg=575 off=35857 records=184 events=93 enrich=91
[19260][I][STORAGE] Spool repair checkpoint seg=577 off=38261 records=186 events=102 enrich=84
[19365][I][STORAGE] Spool repair checkpoint seg=578 off=1165 records=12 events=2 enrich=10
[19472][I][STORAGE] Spool repair checkpoint seg=579 off=11116 records=64 events=28 enrich=36
[19706][I][STORAGE] Spool repair checkpoint seg=583 off=21024 records=107 events=54 enrich=53
[19816][I][STORAGE] Spool repair checkpoint seg=584 off=19785 records=116 events=48 enrich=10
[19918][I][STORAGE] Spool repair checkpoint seg=588 off=7648 records=40 events=20 enrich=20
[20019][I][STORAGE] Spool repair checkpoint seg=596 off=2455 records=12 events=6 enrich=6
[20120][I][STORAGE] Spool repair checkpoint seg=599 off=3322 records=15 events=8 enrich=7
[20159][I][STORAGE] Maintenance skip action=counter_recount reason=repair_in_progress flags=dirty_summary|counter_untrusted|segment_audit
[20270][I][STORAGE] Maintenance done reason=radio_owner_window actions=segment_audit skipped=dirty_summary|counter_untrusted|segment_audit remaining=dirty_summary|counter_untrusted|segment_audit elapsedMs=2095 c
[20271][I][STORAGE] RAMSpool worker resumed
[20271][I][STORAGE] Exclusive window end kind=maintenance result=pending reason=radio_owner_window
[20272][I][STORAGE] maintenance owner window ms=2097 captureSafe=0 remaining=dirty_summary|counter_untrusted|segment_audit
[20431][I][WIFI] Radio suspended
[20435][I][STORAGE] RAMSpool worker paused inflight=0 lastInflight=0
[20435][I][STORAGE] Exclusive window begin kind=maintenance reason=radio_owner_window workerPaused=1 displaySuspended=1
[20436][I][STORAGE] Maintenance start reason=radio_owner_window budgetMs=30000 flags=dirty_summary|counter_untrusted|segment_audit captureSafe=0
[20756][I][STORAGE] Segment lifecycle seg=563 sealed->indexed trust=trusted pending=70
[21671][I][STORAGE] Spool repair checkpoint seg=600 off=9178 records=44 events=23 enrich=21
[21764][I][STORAGE] Spool repair checkpoint seg=602 off=5789 records=30 events=15 enrich=15
[21866][I][STORAGE] Spool repair checkpoint seg=603 off=26734 records=132 events=66 enrich=66
[21960][I][STORAGE] Spool repair checkpoint seg=604 off=9814 records=50 events=25 enrich=25
[22064][I][STORAGE] Spool repair checkpoint seg=605 off=34093 records=168 events=84 enrich=84
[22160][I][STORAGE] Spool repair checkpoint seg=606 off=16763 records=84 events=42 enrich=42
[22250][I][STORAGE] Spool repair checkpoint seg=607 off=7433 records=38 events=19 enrich=19
[22340][I][STORAGE] Spool repair checkpoint seg=609 off=4339 records=18 events=12 enrich=6
[22428][I][STORAGE] Spool repair checkpoint seg=612 off=2773 records=14 events=7 enrich=7
[23086][W][STORAGE] Counter trust=trusted reason=repair_complete since=23086
[23087][W][STORAGE] Spool repair slow reason=maintenance_repair segs=31 recs=32 ms=8072
[23087][I][STORAGE] Spool audit[maintenance_repair] scannedSegs=31 scannedRecords=32 validEvents=10 uploadedRetained=0 validEnrichDeltas=22 invalidRecords=0 skippedRecords=0 quarantined=0 unreadable=0 pendingUpl
[23540][I][STORAGE] Maintenance done reason=radio_owner_window actions=segment_audit skipped=dirty_summary remaining=dirty_summary elapsedMs=3104 captureSafe=1
[23540][I][STORAGE] RAMSpool worker resumed
[23541][I][STORAGE] Exclusive window end kind=maintenance result=capture_safe reason=radio_owner_window
[23541][I][STORAGE] maintenance owner window ms=3107 captureSafe=1 remaining=dirty_summary
[23700][I][WIFI] Radio suspended
[23873][I][STORAGE] RAMSpool worker paused inflight=0 lastInflight=0
[23873][I][STORAGE] Exclusive window begin kind=maintenance reason=radio_owner_window workerPaused=1 displaySuspended=1
[23874][I][STORAGE] Maintenance start reason=radio_owner_window budgetMs=5000 flags=dirty_summary captureSafe=1
[24574][I][STORAGE] Maintenance continuity log wrote clean=1 reason=radio_owner_window completed=dirty_summary remaining=none gen=9422
[24574][I][STORAGE] Maintenance done reason=radio_owner_window actions=dirty_summary|continuity_pass skipped=none remaining=none elapsedMs=701 captureSafe=1
[24575][I][STORAGE] RAMSpool worker resumed
[24575][I][STORAGE] Exclusive window end kind=maintenance result=capture_safe reason=radio_owner_window
[24575][I][STORAGE] maintenance owner window ms=702 captureSafe=1 remaining=none
[24685][I][WIFI] Promiscuous: YES
[24685][I][WIFI] Promiscuous mode started data=0
[24692][I][WIFI] Radio paused
[24852][I][WIFI] Radio suspended
[24853][I][BLE] BLE payload buffers in PSRAM bytes=6276
[24929][I][BLE] begin phase=nimble_pre bt=idle/0 heap=125692 largest=55284 stack=6672 devLen=14
[24929][I][BLE] begin phase=nimble_init
[24939][I][BLE] begin phase=nimble_init_ok bt=enabled/2 heap=62676 largest=31732 stack=6672
[24939][I][BLE] BLE SM disabled; app-layer P-256/AES-GCM required
[24941][I][BLE] begin phase=server_ok
[24941][I][BLE] scanner configured legacy=1 active=0 interval=30 window=30 srTimeout=200
[24941][I][BLE] begin phase=scanner_ok
[24942][I][BLE] begin phase=worker_ok
[24942][I][BLE] begin ready
[24942][I][BLE] radio enabled settle=500ms
[24944][I][BLE] advertising start
[24945][I][BLE] companion link requested reason=backlog_probe mode=fresh_scan timeout=15s settle=500ms cacheAge=0ms rssi=0
[24950][I][BLE] Phone probe lease granted reason=backlog_probe cachedFirst=1 hold=60000ms
[25447][I][BLE] scan start
[25448][I][BLE] scan start diag=1 deliverDuplicates=1 diagLeft=44494 state=1 window=8000ms weakRecent=0 lastRssi=0
[29372][I][BLE] target found matchedBy=service cachePeer=0 addr=6e:5b:6b:94:ef:98 name=SpectrePhone rssi=-101
[29373][I][BLE] target found matchedBy=service cachePeer=0 addr=6e:5b:6b:94:ef:98 name=SpectrePhone rssi=-101
[29389][I][BLE] scan stop; connect pending addr=6e:5b:6b:94:ef:98
[29649][I][BLE] connect pending settled addr=6e:5b:6b:94:ef:98
[29650][I][BLE] connect attempt addr=6e:5b:6b:94:ef:98 name=SpectrePhone
[29650][I][BLE] connect params timeoutMs=15000 scanItvl=16 scanWin=16 addrType=1
[30004][I][HEAP] heap free=4521KB min=4520KB largest=4352KB frag=3% internalFree=59KB internalLargest=31KB psramFree=4462KB core=0/0% owner=BLE_GPS nets=0 pendingUpload=1272 pendingEnrich=84
[HEALTH] uptime=0h00m30s
[HEALTH] CLOCK=UNSYNCED records-this-boot-unenrichable lastNtp=passive_wait age=15s
[HEALTH] heap used=3932/8452KB free=4521KB min=4520KB largest=4352KB frag=3%
[HEALTH] internal used=202/260KB free=59KB min=58KB largest=31KB
[HEALTH] psram used=3730/8192KB free=4462KB largest=4352KB
[HEALTH] stack free_min: core0=7KB/18KB core1=5KB/10KB
[HEALTH] loopTask free_min=3080B/5120B
[HEALTH] core usage: core0=0% core1=0%
[HEALTH] power=usb state=usb batt=100% 4624mV trend=0mV/min runtime=0min cap=1100mAh charging=0
[HEALTH] radio=BLE_GPS wifi=0 ble=0 gps=0 nets=0 pendingUpload=1272 pendingEnrich=84
[HEALTH] subghz=NONE mode=OFF pkts=0 nodes=0
[30007][I][STACK] TaskStorage watermark=3496B
[30007][I][STORAGE] RAMSpool enq=0 cons=0 inflight=0/1024 high=0 pressure=0 drop[full=0 big=0 noise=0 p3Evict=0 p3Drop=0 p2Drop=0 p1Fail=0] free=1024
[30007][I][STORAGE] RAMSpool enqueue probe[ok=0 drop=0] device[ok=0 drop=0]
[30007][I][STORAGE] RAMSpool worker probe[ok=0 sup=0 drop=0 fail=0 slow=0] device[ok=0 sup=0 drop=0 fail=0 slow=0] slowTotal=0 maxMs=0
[30008][I][STORAGE] RAMSpool prioEnq p0=0 p1=0 p2=0 p3=0
[30008][I][STORAGE] RAMSpool lanes p1=0/0 p2=0/0 p3=0/0
[30990][I][STACK] TaskButtons watermark=2092B min=2092B
[31033][I][STACK] TaskHardware watermark=6672B min=6672B
[32083][I][STACK] TaskDisplay watermark=5244B min=5244B
=== send: companion link ===
companion link
[COMP] persistent link queued
[38723][I][COMP] Persistent link request received; holding until release
[42977][I][BLE] connect result ok=1 err=0 addr=6e:5b:6b:94:ef:98
[42977][I][BLE] BLE link connected; starting app-layer auth watchdog=50000ms
[42978][I][BLE] remote service lookup begin core=1 internalFree=59968 largest=31732
[43066][I][BLE] remote service lookup end found=1 err=0
[43066][I][BLE] remote characteristic discovery begin
[43320][I][BLE] remote characteristic discovery end count=13 err=0
[43443][I][BLE] remote descriptor discovery char=auth count=2 err=0
[43443][I][BLE] auth notify subscribe begin
[43471][I][BLE] auth notify subscribe end ok=1 err=0
[43821][I][BLE] auth challenge write bytes=163 mtu=247 attPayload=244 mode=response
[44402][I][BLE] app secure session ready alg=P-256+ECDH+AES-256-GCM
[44402][I][BLE] phone auth confirmed; caching peer addr=6e:5b:6b:94:ef:98 ttl=300000ms rssi=-101
[44491][I][BLE] remote descriptor discovery char=enrichment count=2 err=0
[44611][I][BLE] remote descriptor discovery char=command_req count=2 err=0
[44956][I][BLE] remote bound gps=1 ctrl=1 meta=1 batch=1 enrich=1 auth=1 authReq=1 storage=1 cmdReq=1 cmdResp=1 logStream=1 dashStream=1 notification=1 notify(gps=0 ctrl=0 enrich=1 auth=1 cmdReq=1) mtu=247 a
[44957][I][BLE] probe_summary seen=1 matchedBy=service rssi=-101 scanMs=18956
[44957][I][BLE] phone_session_summary auth=ok mtu=247 gps=1 ctrl=1 enrich=1 storage=1
[45000][I][BLE] storage snapshot sent pendingUp=0/1272 pendingEnrich=0/84 usedPct=13
[45005][I][BLE] Phone probe succeeded ??? backoff reset
[45006][I][BLE] Persistent companion link established
[45017][I][BLE] link ready state=4
[54959][I][BLE] worker stack free=7440B min=7440B
=== serial connected 2026-08-15T21:16:12.3146248-05:00 attempt=2 ===
[984][I][SYS] Booting
[984][I][CORE] Idle hooks core0=1 core1=1
[984][I][SYS] Starting tasks
[985][I][CORE] Button input task started
[985][I][STACK] TaskButtons watermark=2092B
[985][I][CORE] Display task started
[986][I][STACK] TaskDisplay watermark=7660B
[1020][I][SYS] Tasks launched
[1020][I][CORE] Hardware task started
[1020][I][STACK] loopTask setup watermark=3080B
[1021][I][STACK] TaskHardware watermark=14628B
[1033][I][POWER] Source UNKNOWN -> USB (4640mV trend=0)
[1034][I][POWER] State BAT_NORMAL -> USB (100% 4640mV runtime=0min charge=0)
[1034][I][POWER] Power manager ready
[1034][I][CORE] Settings=OK Time=OK
[1034][I][CORE] Display ready=1 before storage init
[1034][I][CORE] Storage begin start heapFree=167672 largest=118772
[1379][I][STORAGE] Segment lifecycle seg=550 partially_uploaded->indexed trust=trusted pending=110
[1427][I][STORAGE] Segment lifecycle seg=562 sealed->indexed trust=trusted pending=22
[1436][I][STORAGE] Segment lifecycle seg=563 sealed->indexed trust=trusted pending=70
[1444][I][STORAGE] Segment lifecycle seg=569 sealed->indexed trust=trusted pending=20
[1453][I][STORAGE] Segment lifecycle seg=571 sealed->indexed trust=trusted pending=44
[1462][I][STORAGE] Segment lifecycle seg=572 sealed->indexed trust=trusted pending=22
[1470][I][STORAGE] Segment lifecycle seg=574 sealed->indexed trust=trusted pending=69
[1479][I][STORAGE] Segment lifecycle seg=575 sealed->indexed trust=trusted pending=93
[1487][I][STORAGE] Segment lifecycle seg=577 sealed->indexed trust=trusted pending=102
[1496][I][STORAGE] Segment lifecycle seg=578 sealed->indexed trust=trusted pending=2
[1505][I][STORAGE] Segment lifecycle seg=579 sealed->indexed trust=trusted pending=28
[1521][I][STORAGE] Segment lifecycle seg=583 sealed->indexed trust=trusted pending=54
[1530][I][STORAGE] Segment lifecycle seg=584 sealed->indexed trust=trusted pending=48
[1538][I][STORAGE] Segment lifecycle seg=588 sealed->indexed trust=trusted pending=20
[1555][I][STORAGE] Segment lifecycle seg=599 sealed->indexed trust=trusted pending=8
[1563][I][STORAGE] Segment lifecycle seg=600 sealed->indexed trust=trusted pending=23
[1572][I][STORAGE] Segment lifecycle seg=602 sealed->indexed trust=trusted pending=15
[1581][I][STORAGE] Segment lifecycle seg=603 sealed->indexed trust=trusted pending=66
[1589][I][STORAGE] Segment lifecycle seg=604 sealed->indexed trust=trusted pending=25
[1598][I][STORAGE] Segment lifecycle seg=605 sealed->indexed trust=trusted pending=84
[1606][I][STORAGE] Segment lifecycle seg=606 sealed->indexed trust=trusted pending=42
[1615][I][STORAGE] Segment lifecycle seg=607 sealed->fully_uploaded trust=trusted pending=0
[1624][I][STORAGE] Segment lifecycle seg=609 sealed->indexed trust=trusted pending=12
[2823][I][STORAGE] Counter trust=trusted reason=metadata_generation_match gen=9422 pending=1272 nextEventId=38418
[2828][I][STORAGE] Spool diag[ensure_ready_pre_rescan] validSegments=32 untrustedSegments=0 invalidSegments=0 activeSegment=614 totalRecords=2598 storedEvents=1291
[2847][I][STORAGE] Maintenance continuity log loaded clean=1 remaining=none gen=9422 pending=1272
[2988][I][STORAGE] Fast boot: repair not required pending=1272 summary=0 dirty=0
[2994][I][STORAGE] Config synced from settings for: Spectre
[3339][I][STORAGE] Ready. Used=1120KB / 8128KB Free=7008KB / 8128KB
[3340][I][STORAGE] Spool diag[ensure_ready] validSegments=32 untrustedSegments=0 invalidSegments=0 activeSegment=614 totalRecords=2598 storedEvents=1291 pendingUpload=1272 nextEventId=38418
[3345][I][CORE] Storage begin done ok=1 ready=1 pending=1272 heapFree=164396 largest=118772
[3359][I][STORAGE] RAMSpool worker started on core 1
[3359][I][STORAGE] RAMSpool ready slots=1024 slotBytes=416 total=416KB core=1
[3368][I][DLOG] DebugLog started - build Aug 15 2026 20:42:02
[BLE] rxdiag crash stage=138 len=0 uptimeMs=55142
[BLE] workerdiag crash stage=172 detail=2 uptimeMs=55079
[4045][I][STOR] Loaded 0 known locations
[4069][I][MQTT] Backlog loaded: 1272 records
[4290][I][BADUSB] Loaded 0 scripts
[4290][I][BADUSB] IDLE
[4291][I][WIO] UART1 begin tx=1 rx=2 baud=115200
[6791][I][WIO] Accessory not detected within 2500ms
[6791][I][XPORT] transport=internal_ble previous=internal_ble reason=initial wio.available=0 wio.proxy=0 ble.begun=0 ble.state=0 transitions=0
[6792][I][WIO_SX] SX1262 not present; backend idle (Reyax fallback)
[7393][I][MESH] Meshtastic client ready node=0x334B7A38 chanHash=0x08 (disabled)
[7575][I][ENTITY] Boot selftest accepted=1 idempotent=1 result=pass
[14157][I][ENTITY] Rebuild complete entities=73 observations=1291 ms=6491
[14157][I][ENTITY] Ready entities=73 observations=1291 links=98304 psram=3088KB selftest=pass rebuild=ok
[14182][I][PWNY] PMKID capture index loaded count=0
[14182][I][WIFI] WiFiManager initialized
[14490][I][WIFI] Allocation: OK
[14595][I][WIFI] Promiscuous: YES
[14595][I][WIFI] Promiscuous mode started data=0
[14599][I][CORE] Hardware ready
[14834][I][COMP] Automatic phone offload recovery requested
[14836][I][WIFI] Radio paused
[15000][I][WIFI] Radio suspended
[15001][I][BLE] BLE payload buffers in PSRAM bytes=6276
[15076][I][BLE] begin phase=nimble_pre bt=idle/0 heap=126108 largest=55284 stack=12868 devLen=14
[15076][I][BLE] begin phase=nimble_init
[15087][I][BLE] begin phase=nimble_init_ok bt=enabled/2 heap=63104 largest=31732 stack=12868
[15088][I][BLE] BLE SM disabled; app-layer P-256/AES-GCM required
[15090][I][BLE] begin phase=server_ok
[15091][I][BLE] scanner configured legacy=1 active=0 interval=30 window=30 srTimeout=200
[15091][I][BLE] begin phase=scanner_ok
[15092][I][BLE] begin phase=worker_ok
[15092][I][BLE] begin ready
[15092][I][BLE] radio enabled settle=500ms
[15094][I][BLE] advertising start
[15094][I][BLE] companion link requested reason=offload_prep mode=fresh_scan timeout=15s settle=500ms cacheAge=0ms rssi=0
[15100][I][BLE] Phone probe lease granted reason=offload_prep cachedFirst=1 hold=60000ms
[15111][W][CORE] TaskHardware loop gap=511ms owner=BLE_GPS pendingUpload=1272 maintPending=0 suppressed=0
[15233][I][OFFLOAD] automatic recovery deferred reason=new_enrichment_work retryIn=300s
[15610][I][BLE] scan start
[15611][I][BLE] scan start diag=1 deliverDuplicates=1 diagLeft=44482 state=1 window=8000ms weakRecent=0 lastRssi=0
[19454][I][BLE] target found matchedBy=service cachePeer=0 addr=67:7c:4f:9d:13:25 name=SpectrePhone rssi=-100
[19455][I][BLE] target found matchedBy=service cachePeer=0 addr=67:7c:4f:9d:13:25 name=SpectrePhone rssi=-100
[19466][I][BLE] scan stop; connect pending addr=67:7c:4f:9d:13:25
[19724][I][BLE] connect pending settled addr=67:7c:4f:9d:13:25
[19724][I][BLE] connect attempt addr=67:7c:4f:9d:13:25 name=SpectrePhone
[19725][I][BLE] connect params timeoutMs=15000 scanItvl=16 scanWin=16 addrType=1
[29718][I][BLE] connect result ok=1 err=0 addr=67:7c:4f:9d:13:25
[29718][I][BLE] BLE link connected; starting app-layer auth watchdog=50000ms
[29719][I][BLE] remote service lookup begin core=1 internalFree=60432 largest=31732
[29749][I][BLE] remote service lookup end found=1 err=0
[29749][I][BLE] remote characteristic discovery begin
[30007][I][HEAP] heap free=4472KB min=4469KB largest=4352KB frag=2% internalFree=57KB internalLargest=31KB psramFree=4415KB core=0/0% owner=BLE_GPS nets=0 pendingUpload=1272 pendingEnrich=84
[HEALTH] time=2026-08-15 21:15:15 src=ntp
[HEALTH] heap used=3980/8452KB free=4472KB min=4469KB largest=4352KB frag=2%
[HEALTH] internal used=203/260KB free=57KB min=54KB largest=31KB
[HEALTH] psram used=3777/8192KB free=4415KB largest=4352KB
[HEALTH] stack free_min: core0=13KB/18KB core1=5KB/10KB
[HEALTH] loopTask free_min=3080B/5120B
[HEALTH] core usage: core0=0% core1=0%
[HEALTH] power=usb state=usb batt=100% 4619mV trend=0mV/min runtime=0min cap=1100mAh charging=0
[HEALTH] radio=BLE_GPS wifi=0 ble=1 gps=0 nets=0 pendingUpload=1272 pendingEnrich=84
[HEALTH] subghz=NONE mode=OFF pkts=0 nodes=0
[30010][I][STACK] TaskStorage watermark=3488B
[30010][I][STORAGE] RAMSpool enq=0 cons=0 inflight=0/1024 high=0 pressure=0 drop[full=0 big=0 noise=0 p3Evict=0 p3Drop=0 p2Drop=0 p1Fail=0] free=1024
[30010][I][STORAGE] RAMSpool enqueue probe[ok=0 drop=0] device[ok=0 drop=0]
[30010][I][STORAGE] RAMSpool worker probe[ok=0 sup=0 drop=0 fail=0 slow=0] device[ok=0 sup=0 drop=0 fail=0 slow=0] slowTotal=0 maxMs=0
[30011][I][STORAGE] RAMSpool prioEnq p0=0 p1=0 p2=0 p3=0
[30011][I][STORAGE] RAMSpool lanes p1=0/0 p2=0/0 p3=0/0
[30138][I][BLE] remote characteristic discovery end count=13 err=0
[30199][I][BLE] remote descriptor discovery char=auth count=2 err=0
[30199][I][BLE] auth notify subscribe begin
[30258][I][BLE] auth notify subscribe end ok=1 err=0
[30582][I][BLE] auth challenge write bytes=163 mtu=247 attPayload=244 mode=response
[30995][I][STACK] TaskButtons watermark=2092B min=2092B
[31029][I][STACK] TaskHardware watermark=12868B min=12868B
[31041][I][STACK] TaskDisplay watermark=4936B min=4936B
[31271][I][BLE] app secure session ready alg=P-256+ECDH+AES-256-GCM
[31272][I][BLE] phone auth confirmed; caching peer addr=67:7c:4f:9d:13:25 ttl=300000ms rssi=-100
[31354][I][BLE] remote descriptor discovery char=enrichment count=2 err=0
[31443][I][BLE] remote descriptor discovery char=command_req count=2 err=0
[31653][I][BLE] remote bound gps=1 ctrl=1 meta=1 batch=1 enrich=1 auth=1 authReq=1 storage=1 cmdReq=1 cmdResp=1 logStream=1 dashStream=1 notification=1 notify(gps=0 ctrl=0 enrich=1 auth=1 cmdReq=1) mtu=247 a
[31654][I][BLE] probe_summary seen=1 matchedBy=service rssi=-100 scanMs=15663
[31654][I][BLE] phone_session_summary auth=ok mtu=247 gps=1 ctrl=1 enrich=1 storage=1
[31697][I][BLE] storage snapshot sent pendingUp=0/1272 pendingEnrich=0/84 usedPct=13
[31703][I][BLE] Phone probe succeeded ??? backoff reset
[31707][I][BLE] Phone probe promoted to enrichment pendingEnrich=84 maxBatch=18
[31707][I][BLE] Enrichment pending scan begin claimed=0 max=18
[31708][I][STORAGE] batch_load_ids_enter freeInternal=57032 segments=32
[31709][I][STORAGE] load_ids_reserve count=1249 freeInternal=57032 largest=31732
[31710][I][STORAGE] load_ids_reserved freeInternal=57032
[33661][I][STORAGE] load_ids_loop_done scanned=30 skipped=2 idsCollected=1307 freeInternal=57032
[33663][I][STORAGE] batch_load_ids_done count=1287 capacity=2498 freeInternal=57032
[33663][I][STORAGE] batch_pending_loop_enter segments=32 maxCount=18 streaming=1 freeInternal=57032
[34421][I][STORAGE] Maintenance requested reason=dirty_spool_index source=enrichment_window_reconciled flags=dirty_spool_index
[34422][I][STORAGE] batch_pending_loop_done scanned=12 skipped=20 outCount=0 timeHit=0 elapsedMs=758 freeInternal=57032
[34422][I][BLE] Enrichment pending scan done count=0
[34423][I][BLE] Phone enrichment finished successfully
[34607][I][BLE] storage snapshot sent pendingUp=0/1272 pendingEnrich=0/0 usedPct=13
[34608][I][OFFLOAD] automatic handoff opened reason=localization_complete commandWindow=30s active=0
[34608][I][OFFLOAD] localization complete; bounded handoff pending=1272
[34608][I][BLE] Enrichment complete; persistent companion link retained
[34623][W][CORE] TaskHardware loop gap=2963ms owner=BLE_GPS pendingUpload=1272 maintPending=1 suppressed=0
[34629][I][BLE] link ready state=4
