=== capture opened 2026-08-14T08:02:29.6928779-05:00 ===
[42307][I][BLE] worker stack free=8152B min=8152B
[58092][I][BLE] connect result ok=0 err=13 addr=7e:94:e7:67:9d:03
[58093][W][BLE] connect failed at client->connect err=13 addr=7e:94:e7:67:9d:03
[58093][W][BLE] cleanup: dropping client and peer cache reason=connect_failed_client_connect
[58093][I][BLE] clearing cached peer reason=connect_failed_client_connect addr=7e:94:e7:67:9d:03 svcCached=0 attempts=0
[58106][W][BLE] connect failed -> return to scanning
[58106][W][BLE] probe timeout: phone not seen in 45000ms ??? releasing radio
[58106][I][BLE] probe resource release
[58107][I][BLE] advertising stop
[58108][I][BLE] client soft drop reason=radio_disabled
[58108][I][BLE] radio disabled
[58108][I][BLE] probe_release phase=worker_delete
[58170][I][WIFI] Promiscuous: YES
[58171][I][WIFI] Promiscuous mode started data=0
[58178][W][BLE] probe_summary seen=0 result=not_seen stage=1 miss=0 nextIn=60s
[58190][I][WIFI] Radio paused
[58411][I][WIFI] Radio suspended
[58412][I][BLE] begin phase=worker_ok
[58412][I][BLE] radio enabled settle=500ms
[58413][I][BLE] advertising start
[58413][I][BLE] companion link requested reason=offload_prep mode=fresh_scan timeout=15s settle=500ms cacheAge=0ms rssi=0
[58419][I][BLE] Phone probe lease granted reason=offload_prep cachedFirst=1 hold=60000ms
[58913][I][BLE] scan start
[58914][I][BLE] scan start diag=1 deliverDuplicates=1 diagLeft=44498 state=1 window=8000ms weakRecent=0 lastRssi=0
[58997][I][BLE] target found matchedBy=service cachePeer=0 addr=6e:48:02:57:82:56 name=SpectrePhone rssi=-85
[58998][I][BLE] target found matchedBy=service cachePeer=0 addr=6e:48:02:57:82:56 name=SpectrePhone rssi=-85
[59025][I][BLE] scan stop; connect pending addr=6e:48:02:57:82:56
[59275][I][BLE] connect pending settled addr=6e:48:02:57:82:56
[59276][I][BLE] connect attempt addr=6e:48:02:57:82:56 name=SpectrePhone
[59276][I][BLE] connect params timeoutMs=45000 scanItvl=16 scanWin=16 addrType=1
[59472][I][BLE] connect result ok=1 err=0 addr=6e:48:02:57:82:56
[59472][I][BLE] BLE link connected; starting app-layer auth watchdog=50000ms
[59472][I][BLE] remote service lookup begin core=1 internalFree=65212 largest=27636
[59501][I][BLE] remote service lookup end found=1 err=0
[59501][I][BLE] remote characteristic discovery begin
[59605][I][BLE] remote characteristic discovery end count=13 err=0
[59635][I][BLE] remote descriptor discovery char=auth count=2 err=0
[59636][I][BLE] auth notify subscribe begin
[59665][I][BLE] auth notify subscribe end ok=1 err=0
[59937][I][BLE] auth challenge write bytes=163 mtu=247 attPayload=244 mode=response
[60013][I][HEAP] heap free=4478KB min=4451KB largest=4352KB frag=2% internalFree=61KB internalLargest=27KB psramFree=4417KB core=0/0% owner=BLE_GPS nets=0 pendingUpload=66 pendingEnrich=8
[HEALTH] time=2026-08-14 08:02:06 src=ntp
[HEALTH] heap used=3973/8451KB free=4478KB min=4451KB largest=4352KB frag=2%
[HEALTH] internal used=198/259KB free=61KB min=34KB largest=27KB
[HEALTH] psram used=3775/8192KB free=4417KB largest=4352KB
[HEALTH] stack free_min: core0=8KB/14KB core1=5KB/10KB
[HEALTH] loopTask free_min=3080B/5120B
[HEALTH] core usage: core0=0% core1=0%
[HEALTH] power=usb state=usb batt=100% 4657mV trend=96mV/min runtime=0min cap=1100mAh charging=1
[HEALTH] radio=BLE_GPS wifi=0 ble=1 gps=0 nets=0 pendingUpload=66 pendingEnrich=8
[HEALTH] subghz=NONE mode=OFF pkts=0 nodes=0
[60015][I][STACK] TaskStorage watermark=2468B
[60015][I][STORAGE] RAMSpool enq=0 cons=0 inflight=0/1024 high=0 pressure=0 drop[full=0 big=0 noise=0 p3Evict=0 p3Drop=0 p2Drop=0 p1Fail=0] free=1024
[60016][I][STORAGE] RAMSpool enqueue probe[ok=0 drop=0] device[ok=0 drop=0]
[60016][I][STORAGE] RAMSpool worker probe[ok=0 sup=0 drop=0 fail=0 slow=0] device[ok=0 sup=0 drop=0 fail=0 slow=0] slowTotal=0 maxMs=0
[60016][I][STORAGE] RAMSpool prioEnq p0=0 p1=0 p2=0 p3=0
[60016][I][STORAGE] RAMSpool lanes p1=0/0 p2=0/0 p3=0/0
[60430][I][BLE] app secure session ready alg=P-256+ECDH+AES-256-GCM
[60430][I][BLE] phone auth confirmed; caching peer addr=6e:48:02:57:82:56 ttl=300000ms rssi=-85
[60460][I][BLE] remote descriptor discovery char=enrichment count=2 err=0
[60520][I][BLE] remote descriptor discovery char=command_req count=2 err=0
[60640][I][BLE] remote bound gps=1 ctrl=1 meta=1 batch=1 enrich=1 auth=1 authReq=1 storage=1 cmdReq=1 cmdResp=1 logStream=1 dashStream=1 notification=1 notify(gps=0 ctrl=0 enrich=1 auth=1 cmdReq=1) mtu=247 a
[60641][I][BLE] probe_summary seen=1 matchedBy=service rssi=-85 scanMs=1518
[60641][I][BLE] phone_session_summary auth=ok mtu=247 gps=1 ctrl=1 enrich=1 storage=1
[60670][I][BLE] storage snapshot sent pendingUp=0/66 pendingEnrich=0/8 usedPct=4
[60675][I][BLE] Phone probe succeeded ??? backoff reset
[60678][I][BLE] Phone probe promoted to enrichment pendingEnrich=8 maxBatch=18
[60679][I][BLE] Enrichment pending scan begin claimed=0 max=18
[60679][I][STORAGE] batch_load_ids_enter freeInternal=61864 segments=6
[60679][I][STORAGE] load_ids_reserve count=86 freeInternal=61864 largest=27636
[60680][I][STORAGE] load_ids_reserved freeInternal=61864
[60845][I][STORAGE] load_ids_loop_done scanned=3 skipped=3 idsCollected=86 freeInternal=61864
[60846][I][STORAGE] batch_load_ids_done count=86 capacity=86 freeInternal=61864
[60846][I][STORAGE] batch_pending_loop_enter segments=6 maxCount=18 streaming=1 freeInternal=61864
[60897][I][STORAGE] batch_pending_loop_done scanned=1 skipped=5 outCount=8 timeHit=0 elapsedMs=51 freeInternal=61864
[60898][I][BLE] Enrichment pending scan done count=8
[60898][I][BLE] Enrichment pending scan skipped no-epoch=8 kept=0
[60898][I][BLE] Phone enrichment finished successfully
[60925][I][BLE] storage snapshot sent pendingUp=0/66 pendingEnrich=0/0 usedPct=4
[60925][I][BLE] Localization complete; retaining phone link for offload pending=66
[60925][I][BLE] Enrichment complete; persistent companion link retained
[60940][W][CORE] TaskHardware loop gap=291ms owner=BLE_GPS pendingUpload=66 maintPending=0 suppressed=2
[60941][I][BLE] link ready state=4
[60986][I][STACK] TaskButtons watermark=1068B
[61023][I][STACK] TaskHardware watermark=8052B min=8052B
=== capture closed 2026-08-14T08:02:59.7576746-05:00 ===
