To honour the JVM settings for this build a single-use Daemon process will be forked. For more on this, please refer to https://docs.gradle.org/8.13/userguide/gradle_daemon.html#sec:disabling_the_daemon in the Gradle documentation.
Daemon will be stopped at the end of the build 
> Task :gradle-plugin:settings-plugin:checkKotlinGradlePluginConfigurationErrors SKIPPED
> Task :gradle-plugin:shared:checkKotlinGradlePluginConfigurationErrors SKIPPED
> Task :gradle-plugin:shared:compileKotlin UP-TO-DATE
> Task :gradle-plugin:shared:compileJava NO-SOURCE
> Task :gradle-plugin:shared:processResources NO-SOURCE
> Task :gradle-plugin:shared:classes UP-TO-DATE
> Task :gradle-plugin:shared:jar UP-TO-DATE
> Task :gradle-plugin:settings-plugin:compileKotlin UP-TO-DATE
> Task :gradle-plugin:settings-plugin:compileJava NO-SOURCE
> Task :gradle-plugin:settings-plugin:pluginDescriptors UP-TO-DATE
> Task :gradle-plugin:settings-plugin:processResources UP-TO-DATE
> Task :gradle-plugin:settings-plugin:classes UP-TO-DATE
> Task :gradle-plugin:settings-plugin:jar UP-TO-DATE
> Task :gradle-plugin:react-native-gradle-plugin:checkKotlinGradlePluginConfigurationErrors SKIPPED
> Task :gradle-plugin:react-native-gradle-plugin:compileKotlin UP-TO-DATE
> Task :gradle-plugin:react-native-gradle-plugin:compileJava NO-SOURCE
> Task :gradle-plugin:react-native-gradle-plugin:pluginDescriptors UP-TO-DATE
> Task :gradle-plugin:react-native-gradle-plugin:processResources UP-TO-DATE
> Task :gradle-plugin:react-native-gradle-plugin:classes UP-TO-DATE
> Task :gradle-plugin:react-native-gradle-plugin:jar UP-TO-DATE
> Task :app:generateAutolinkingNewArchitectureFiles UP-TO-DATE
> Task :app:generateAutolinkingPackageList UP-TO-DATE
> Task :app:generateCodegenSchemaFromJavaScript SKIPPED
> Task :app:generateCodegenArtifactsFromSchema SKIPPED
> Task :app:generateReactNativeEntryPoint UP-TO-DATE
> Task :app:preBuild UP-TO-DATE
> Task :app:preReleaseBuild UP-TO-DATE

> Task :app:configureCMakeRelWithDebInfo[arm64-v8a]
[CXX5304] This version only understands SDK XML versions up to 3 but an SDK XML file of version 4 was encountered. This can happen if you use versions of Android Studio and the command-line tools that were released at different times.
[CXX5304] This version only understands SDK XML versions up to 3 but an SDK XML file of version 4 was encountered. This can happen if you use versions of Android Studio and the command-line tools that were released at different times.

> Task :app:buildCMakeRelWithDebInfo[arm64-v8a]
> Task :app:configureCMakeRelWithDebInfo[armeabi-v7a]
> Task :app:buildCMakeRelWithDebInfo[armeabi-v7a]
> Task :app:configureCMakeRelWithDebInfo[x86]
> Task :app:buildCMakeRelWithDebInfo[x86]
> Task :app:configureCMakeRelWithDebInfo[x86_64]
> Task :app:buildCMakeRelWithDebInfo[x86_64]
> Task :app:mergeReleaseJniLibFolders UP-TO-DATE
> Task :react-native-ble-plx:preBuild UP-TO-DATE
> Task :react-native-ble-plx:preReleaseBuild UP-TO-DATE
> Task :react-native-ble-plx:mergeReleaseJniLibFolders UP-TO-DATE
> Task :react-native-ble-plx:mergeReleaseNativeLibs NO-SOURCE
> Task :react-native-ble-plx:copyReleaseJniLibsProjectOnly UP-TO-DATE
> Task :react-native-geolocation-service:preBuild UP-TO-DATE
> Task :react-native-geolocation-service:preReleaseBuild UP-TO-DATE
> Task :react-native-geolocation-service:mergeReleaseJniLibFolders UP-TO-DATE
> Task :react-native-geolocation-service:mergeReleaseNativeLibs NO-SOURCE
> Task :react-native-geolocation-service:copyReleaseJniLibsProjectOnly UP-TO-DATE
> Task :app:mergeReleaseNativeLibs UP-TO-DATE
> Task :app:stripReleaseDebugSymbols UP-TO-DATE
> Task :app:extractReleaseNativeSymbolTables UP-TO-DATE
> Task :app:mergeReleaseNativeDebugMetadata UP-TO-DATE
> Task :react-native-geolocation-service:generateReleaseBuildConfig UP-TO-DATE
> Task :react-native-geolocation-service:generateReleaseResValues UP-TO-DATE
> Task :react-native-geolocation-service:generateReleaseResources UP-TO-DATE
> Task :react-native-geolocation-service:packageReleaseResources UP-TO-DATE
> Task :react-native-geolocation-service:parseReleaseLocalResources UP-TO-DATE
> Task :react-native-geolocation-service:generateReleaseRFile UP-TO-DATE
> Task :react-native-geolocation-service:javaPreCompileRelease UP-TO-DATE
> Task :react-native-geolocation-service:compileReleaseJavaWithJavac UP-TO-DATE
> Task :react-native-geolocation-service:bundleLibRuntimeToDirRelease UP-TO-DATE
> Task :react-native-ble-plx:generateReleaseBuildConfig UP-TO-DATE
> Task :react-native-ble-plx:generateReleaseResValues UP-TO-DATE
> Task :react-native-ble-plx:generateReleaseResources UP-TO-DATE
> Task :react-native-ble-plx:packageReleaseResources UP-TO-DATE
> Task :react-native-ble-plx:parseReleaseLocalResources UP-TO-DATE
> Task :react-native-ble-plx:generateReleaseRFile UP-TO-DATE
> Task :react-native-ble-plx:javaPreCompileRelease UP-TO-DATE
> Task :react-native-ble-plx:compileReleaseJavaWithJavac UP-TO-DATE
> Task :react-native-ble-plx:bundleLibRuntimeToDirRelease UP-TO-DATE
> Task :app:checkReleaseDuplicateClasses UP-TO-DATE
> Task :app:buildKotlinToolingMetadata UP-TO-DATE
> Task :app:checkKotlinGradlePluginConfigurationErrors SKIPPED
> Task :app:generateReleaseBuildConfig UP-TO-DATE
> Task :react-native-ble-plx:writeReleaseAarMetadata UP-TO-DATE
> Task :react-native-geolocation-service:writeReleaseAarMetadata UP-TO-DATE
> Task :app:checkReleaseAarMetadata UP-TO-DATE
> Task :app:createBundleReleaseJsAndAssets UP-TO-DATE
> Task :app:generateReleaseResValues UP-TO-DATE
> Task :app:mapReleaseSourceSetPaths UP-TO-DATE
> Task :app:generateReleaseResources UP-TO-DATE
> Task :app:mergeReleaseResources UP-TO-DATE
> Task :app:packageReleaseResources UP-TO-DATE
> Task :app:parseReleaseLocalResources UP-TO-DATE
> Task :app:createReleaseCompatibleScreenManifests UP-TO-DATE
> Task :app:extractDeepLinksRelease UP-TO-DATE
> Task :react-native-ble-plx:extractDeepLinksRelease UP-TO-DATE
> Task :react-native-ble-plx:processReleaseManifest UP-TO-DATE
> Task :react-native-geolocation-service:extractDeepLinksRelease UP-TO-DATE
> Task :react-native-geolocation-service:processReleaseManifest UP-TO-DATE
> Task :app:processReleaseMainManifest UP-TO-DATE
> Task :app:processReleaseManifest UP-TO-DATE
> Task :app:processReleaseManifestForPackage UP-TO-DATE
> Task :react-native-ble-plx:compileReleaseLibraryResources UP-TO-DATE
> Task :react-native-geolocation-service:compileReleaseLibraryResources UP-TO-DATE
> Task :app:processReleaseResources UP-TO-DATE
> Task :react-native-ble-plx:bundleLibCompileToJarRelease UP-TO-DATE
> Task :react-native-geolocation-service:bundleLibCompileToJarRelease UP-TO-DATE
> Task :app:javaPreCompileRelease UP-TO-DATE
> Task :app:desugarReleaseFileDependencies UP-TO-DATE
> Task :app:mergeReleaseStartupProfile UP-TO-DATE
> Task :app:mergeExtDexRelease UP-TO-DATE
> Task :react-native-ble-plx:prepareReleaseArtProfile UP-TO-DATE
> Task :react-native-geolocation-service:prepareReleaseArtProfile UP-TO-DATE
> Task :app:mergeReleaseArtProfile UP-TO-DATE
> Task :react-native-geolocation-service:bundleLibRuntimeToJarRelease UP-TO-DATE
> Task :react-native-ble-plx:bundleLibRuntimeToJarRelease UP-TO-DATE
> Task :app:mergeReleaseShaders UP-TO-DATE
> Task :app:compileReleaseShaders NO-SOURCE
> Task :app:generateReleaseAssets UP-TO-DATE
> Task :react-native-ble-plx:mergeReleaseShaders UP-TO-DATE
> Task :react-native-ble-plx:compileReleaseShaders NO-SOURCE
> Task :react-native-ble-plx:generateReleaseAssets UP-TO-DATE
> Task :react-native-ble-plx:mergeReleaseAssets UP-TO-DATE
> Task :react-native-geolocation-service:mergeReleaseShaders UP-TO-DATE
> Task :react-native-geolocation-service:compileReleaseShaders NO-SOURCE
> Task :react-native-geolocation-service:generateReleaseAssets UP-TO-DATE
> Task :react-native-geolocation-service:mergeReleaseAssets UP-TO-DATE
> Task :app:mergeReleaseAssets UP-TO-DATE
> Task :app:compressReleaseAssets UP-TO-DATE
> Task :app:extractReleaseVersionControlInfo UP-TO-DATE
> Task :app:extractProguardFiles UP-TO-DATE
> Task :react-native-ble-plx:processReleaseJavaRes NO-SOURCE
> Task :react-native-ble-plx:createFullJarRelease UP-TO-DATE
> Task :react-native-ble-plx:extractProguardFiles UP-TO-DATE
> Task :react-native-ble-plx:generateReleaseLintModel UP-TO-DATE
> Task :react-native-ble-plx:prepareLintJarForPublish UP-TO-DATE
> Task :react-native-geolocation-service:processReleaseJavaRes NO-SOURCE
> Task :react-native-geolocation-service:createFullJarRelease UP-TO-DATE
> Task :react-native-geolocation-service:extractProguardFiles UP-TO-DATE
> Task :react-native-geolocation-service:generateReleaseLintModel UP-TO-DATE
> Task :react-native-geolocation-service:prepareLintJarForPublish UP-TO-DATE
> Task :react-native-geolocation-service:stripReleaseDebugSymbols NO-SOURCE
> Task :react-native-geolocation-service:copyReleaseJniLibsProjectAndLocalJars UP-TO-DATE
> Task :react-native-geolocation-service:extractDeepLinksForAarRelease UP-TO-DATE
> Task :react-native-geolocation-service:extractReleaseAnnotations UP-TO-DATE
> Task :react-native-geolocation-service:mergeReleaseGeneratedProguardFiles UP-TO-DATE
> Task :react-native-geolocation-service:mergeReleaseConsumerProguardFiles UP-TO-DATE
> Task :react-native-geolocation-service:mergeReleaseJavaResource UP-TO-DATE
> Task :react-native-geolocation-service:syncReleaseLibJars UP-TO-DATE
> Task :react-native-geolocation-service:bundleReleaseLocalLintAar UP-TO-DATE
> Task :react-native-ble-plx:stripReleaseDebugSymbols NO-SOURCE
> Task :react-native-ble-plx:copyReleaseJniLibsProjectAndLocalJars UP-TO-DATE
> Task :react-native-ble-plx:extractDeepLinksForAarRelease UP-TO-DATE
> Task :react-native-ble-plx:extractReleaseAnnotations UP-TO-DATE
> Task :react-native-ble-plx:mergeReleaseGeneratedProguardFiles UP-TO-DATE
> Task :react-native-ble-plx:mergeReleaseConsumerProguardFiles UP-TO-DATE
> Task :react-native-ble-plx:mergeReleaseJavaResource UP-TO-DATE
> Task :react-native-ble-plx:syncReleaseLibJars UP-TO-DATE
> Task :react-native-ble-plx:bundleReleaseLocalLintAar UP-TO-DATE
> Task :react-native-ble-plx:lintVitalAnalyzeRelease UP-TO-DATE
> Task :react-native-ble-plx:writeReleaseLintModelMetadata UP-TO-DATE
> Task :react-native-geolocation-service:lintVitalAnalyzeRelease UP-TO-DATE
> Task :react-native-geolocation-service:writeReleaseLintModelMetadata UP-TO-DATE
> Task :react-native-ble-plx:generateReleaseLintVitalModel UP-TO-DATE
> Task :react-native-geolocation-service:generateReleaseLintVitalModel UP-TO-DATE
> Task :app:optimizeReleaseResources UP-TO-DATE
> Task :app:collectReleaseDependencies UP-TO-DATE
> Task :app:sdkReleaseDependencyData UP-TO-DATE
> Task :app:validateSigningRelease UP-TO-DATE
> Task :app:writeReleaseAppMetadata UP-TO-DATE
> Task :app:writeReleaseSigningConfigVersions UP-TO-DATE
> Task :app:compileReleaseKotlin
> Task :app:compileReleaseJavaWithJavac UP-TO-DATE
> Task :app:dexBuilderRelease
> Task :app:mergeReleaseGlobalSynthetics UP-TO-DATE
> Task :app:generateReleaseLintVitalReportModel
> Task :app:processReleaseJavaRes UP-TO-DATE
> Task :app:mergeReleaseJavaResource UP-TO-DATE
> Task :app:mergeDexRelease
> Task :app:compileReleaseArtProfile
> Task :app:lintVitalAnalyzeRelease
> Task :app:lintVitalReportRelease UP-TO-DATE
> Task :app:lintVitalRelease
> Task :app:packageRelease
> Task :app:createReleaseApkListingFileRedirect UP-TO-DATE
> Task :app:assembleRelease

[Incubating] Problems report is available at: file:///C:/PlatformIO/Projects/Spectre/companion_app/android/build/reports/problems/problems-report.html

Deprecated Gradle features were used in this build, making it incompatible with Gradle 9.0.

You can use '--warning-mode all' to show the individual deprecation warnings and determine if they come from your own scripts or plugins.

For more on this, please refer to https://docs.gradle.org/8.13/userguide/command_line_interface.html#sec:command_line_warnings in the Gradle documentation.

BUILD SUCCESSFUL in 1m 37s
143 actionable tasks: 16 executed, 127 up-to-date
