To honour the JVM settings for this build a single-use Daemon process will be forked. For more on this, please refer to https://docs.gradle.org/8.13/userguide/gradle_daemon.html#sec:disabling_the_daemon in the Gradle documentation.
Daemon will be stopped at the end of the build 
> Task :gradle-plugin:settings-plugin:checkKotlinGradlePluginConfigurationErrors SKIPPED
> Task :gradle-plugin:shared:checkKotlinGradlePluginConfigurationErrors SKIPPED
> Task :gradle-plugin:shared:compileKotlin UP-TO-DATE
> Task :gradle-plugin:shared:compileJava NO-SOURCE
> Task :gradle-plugin:shared:processResources NO-SOURCE
> Task :gradle-plugin:shared:classes UP-TO-DATE
> Task :gradle-plugin:shared:jar UP-TO-DATE
> Task :gradle-plugin:settings-plugin:compileKotlin UP-TO-DATE
> Task :gradle-plugin:settings-plugin:compileJava NO-SOURCE
> Task :gradle-plugin:settings-plugin:pluginDescriptors UP-TO-DATE
> Task :gradle-plugin:settings-plugin:processResources UP-TO-DATE
> Task :gradle-plugin:settings-plugin:classes UP-TO-DATE
> Task :gradle-plugin:settings-plugin:jar UP-TO-DATE
> Task :gradle-plugin:react-native-gradle-plugin:checkKotlinGradlePluginConfigurationErrors SKIPPED
> Task :gradle-plugin:react-native-gradle-plugin:compileKotlin UP-TO-DATE
> Task :gradle-plugin:react-native-gradle-plugin:compileJava NO-SOURCE
> Task :gradle-plugin:react-native-gradle-plugin:pluginDescriptors UP-TO-DATE
> Task :gradle-plugin:react-native-gradle-plugin:processResources UP-TO-DATE
> Task :gradle-plugin:react-native-gradle-plugin:classes UP-TO-DATE
> Task :gradle-plugin:react-native-gradle-plugin:jar UP-TO-DATE
> Task :app:generateAutolinkingNewArchitectureFiles UP-TO-DATE
> Task :app:generateAutolinkingPackageList UP-TO-DATE
> Task :app:generateCodegenSchemaFromJavaScript SKIPPED
> Task :app:generateCodegenArtifactsFromSchema SKIPPED
> Task :app:generateReactNativeEntryPoint UP-TO-DATE
> Task :app:preBuild UP-TO-DATE
> Task :app:preDebugBuild UP-TO-DATE
> Task :app:mergeDebugNativeDebugMetadata NO-SOURCE
> Task :app:checkKotlinGradlePluginConfigurationErrors SKIPPED
> Task :app:generateDebugBuildConfig UP-TO-DATE
> Task :react-native-ble-plx:preBuild UP-TO-DATE
> Task :react-native-ble-plx:preDebugBuild UP-TO-DATE
> Task :react-native-ble-plx:writeDebugAarMetadata UP-TO-DATE
> Task :react-native-geolocation-service:preBuild UP-TO-DATE
> Task :react-native-geolocation-service:preDebugBuild UP-TO-DATE
> Task :react-native-geolocation-service:writeDebugAarMetadata UP-TO-DATE
> Task :app:checkDebugAarMetadata UP-TO-DATE
> Task :app:generateDebugResValues UP-TO-DATE
> Task :react-native-ble-plx:generateDebugResValues UP-TO-DATE
> Task :react-native-ble-plx:generateDebugResources UP-TO-DATE
> Task :react-native-ble-plx:packageDebugResources UP-TO-DATE
> Task :react-native-geolocation-service:generateDebugResValues UP-TO-DATE
> Task :react-native-geolocation-service:generateDebugResources UP-TO-DATE
> Task :react-native-geolocation-service:packageDebugResources UP-TO-DATE
> Task :app:mapDebugSourceSetPaths UP-TO-DATE
> Task :app:generateDebugResources UP-TO-DATE
> Task :app:mergeDebugResources UP-TO-DATE
> Task :app:packageDebugResources UP-TO-DATE
> Task :app:parseDebugLocalResources UP-TO-DATE
> Task :app:createDebugCompatibleScreenManifests UP-TO-DATE
> Task :app:extractDeepLinksDebug UP-TO-DATE
> Task :react-native-ble-plx:extractDeepLinksDebug UP-TO-DATE
> Task :react-native-ble-plx:processDebugManifest UP-TO-DATE
> Task :react-native-geolocation-service:extractDeepLinksDebug UP-TO-DATE
> Task :react-native-geolocation-service:processDebugManifest UP-TO-DATE
> Task :app:processDebugMainManifest UP-TO-DATE
> Task :app:processDebugManifest UP-TO-DATE
> Task :app:processDebugManifestForPackage UP-TO-DATE
> Task :react-native-ble-plx:compileDebugLibraryResources UP-TO-DATE
> Task :react-native-ble-plx:parseDebugLocalResources UP-TO-DATE
> Task :react-native-ble-plx:generateDebugRFile UP-TO-DATE
> Task :react-native-geolocation-service:compileDebugLibraryResources UP-TO-DATE
> Task :react-native-geolocation-service:parseDebugLocalResources UP-TO-DATE
> Task :react-native-geolocation-service:generateDebugRFile UP-TO-DATE
> Task :app:processDebugResources UP-TO-DATE
> Task :react-native-ble-plx:generateDebugBuildConfig UP-TO-DATE
> Task :react-native-ble-plx:javaPreCompileDebug UP-TO-DATE
> Task :react-native-ble-plx:compileDebugJavaWithJavac UP-TO-DATE
> Task :react-native-ble-plx:bundleLibCompileToJarDebug UP-TO-DATE
> Task :react-native-geolocation-service:generateDebugBuildConfig UP-TO-DATE
> Task :react-native-geolocation-service:javaPreCompileDebug UP-TO-DATE
> Task :react-native-geolocation-service:compileDebugJavaWithJavac UP-TO-DATE
> Task :react-native-geolocation-service:bundleLibCompileToJarDebug UP-TO-DATE
> Task :app:javaPreCompileDebug UP-TO-DATE
> Task :app:mergeDebugShaders UP-TO-DATE
> Task :app:compileDebugShaders NO-SOURCE
> Task :app:generateDebugAssets UP-TO-DATE
> Task :react-native-ble-plx:mergeDebugShaders UP-TO-DATE
> Task :react-native-ble-plx:compileDebugShaders NO-SOURCE
> Task :react-native-ble-plx:generateDebugAssets UP-TO-DATE
> Task :react-native-ble-plx:mergeDebugAssets UP-TO-DATE
> Task :react-native-geolocation-service:mergeDebugShaders UP-TO-DATE
> Task :react-native-geolocation-service:compileDebugShaders NO-SOURCE
> Task :react-native-geolocation-service:generateDebugAssets UP-TO-DATE
> Task :react-native-geolocation-service:mergeDebugAssets UP-TO-DATE
> Task :app:mergeDebugAssets UP-TO-DATE
> Task :app:compressDebugAssets UP-TO-DATE
> Task :react-native-geolocation-service:bundleLibRuntimeToJarDebug UP-TO-DATE
> Task :react-native-ble-plx:bundleLibRuntimeToJarDebug UP-TO-DATE
> Task :app:desugarDebugFileDependencies UP-TO-DATE
> Task :react-native-ble-plx:processDebugJavaRes NO-SOURCE
> Task :react-native-geolocation-service:processDebugJavaRes NO-SOURCE
> Task :app:checkDebugDuplicateClasses UP-TO-DATE
> Task :app:mergeExtDexDebug UP-TO-DATE
> Task :react-native-geolocation-service:bundleLibRuntimeToDirDebug UP-TO-DATE
> Task :react-native-ble-plx:bundleLibRuntimeToDirDebug UP-TO-DATE

> Task :app:configureCMakeDebug[arm64-v8a]
[CXX5304] This version only understands SDK XML versions up to 3 but an SDK XML file of version 4 was encountered. This can happen if you use versions of Android Studio and the command-line tools that were released at different times.
[CXX5304] This version only understands SDK XML versions up to 3 but an SDK XML file of version 4 was encountered. This can happen if you use versions of Android Studio and the command-line tools that were released at different times.

> Task :app:mergeLibDexDebug UP-TO-DATE
> Task :app:buildCMakeDebug[arm64-v8a]
> Task :app:configureCMakeDebug[armeabi-v7a]
> Task :app:buildCMakeDebug[armeabi-v7a]
> Task :app:configureCMakeDebug[x86]
> Task :app:buildCMakeDebug[x86]
> Task :app:configureCMakeDebug[x86_64]
> Task :app:buildCMakeDebug[x86_64]
> Task :app:mergeDebugJniLibFolders UP-TO-DATE
> Task :react-native-ble-plx:mergeDebugJniLibFolders UP-TO-DATE
> Task :react-native-ble-plx:mergeDebugNativeLibs NO-SOURCE
> Task :react-native-ble-plx:copyDebugJniLibsProjectOnly UP-TO-DATE
> Task :react-native-geolocation-service:mergeDebugJniLibFolders UP-TO-DATE
> Task :react-native-geolocation-service:mergeDebugNativeLibs NO-SOURCE
> Task :react-native-geolocation-service:copyDebugJniLibsProjectOnly UP-TO-DATE
> Task :app:mergeDebugNativeLibs UP-TO-DATE
> Task :app:stripDebugDebugSymbols UP-TO-DATE
> Task :app:validateSigningDebug UP-TO-DATE
> Task :app:writeDebugAppMetadata UP-TO-DATE
> Task :app:writeDebugSigningConfigVersions UP-TO-DATE
> Task :app:compileDebugKotlin
> Task :app:compileDebugJavaWithJavac UP-TO-DATE
> Task :app:dexBuilderDebug
> Task :app:mergeDebugGlobalSynthetics UP-TO-DATE
> Task :app:processDebugJavaRes UP-TO-DATE
> Task :app:mergeDebugJavaResource UP-TO-DATE
> Task :app:mergeProjectDexDebug
> Task :app:packageDebug
> Task :app:createDebugApkListingFileRedirect UP-TO-DATE
> Task :app:assembleDebug

[Incubating] Problems report is available at: file:///C:/PlatformIO/Projects/Spectre/companion_app/android/build/reports/problems/problems-report.html

Deprecated Gradle features were used in this build, making it incompatible with Gradle 9.0.

You can use '--warning-mode all' to show the individual deprecation warnings and determine if they come from your own scripts or plugins.

For more on this, please refer to https://docs.gradle.org/8.13/userguide/command_line_interface.html#sec:command_line_warnings in the Gradle documentation.

BUILD SUCCESSFUL in 1m 16s
96 actionable tasks: 12 executed, 84 up-to-date
