=== session opened 2026-08-07T10:28:55.5671650-05:00 ===
[15261][I][WIFI] Radio suspended
[15264][I][STORAGE] RAMSpool worker paused inflight=0 lastInflight=0
[15265][I][STORAGE] Exclusive window begin kind=maintenance reason=radio_owner_window workerPaused=1 displaySuspended=1
[15265][I][STORAGE] Maintenance start reason=radio_owner_window budgetMs=30000 flags=counter_untrusted|segment_audit captureSafe=0
[15662][I][STORAGE] Spool repair checkpoint seg=245 off=98519 records=436 events=436 enrich=0
=== send: companion status ===
[16467][I][STORAGE] Maintenance skip action=counter_recount reason=repair_in_progress flags=counter_untrusted|segment_audit
[16572][I][STORAGE] Maintenance done reason=radio_owner_window actions=segment_audit skipped=counter_untrusted|segment_audit remaining=counter_untrusted|segment_audit elapsedMs=1307 captureSafe=0
[16573][I][STORAGE] RAMSpool worker resumed
[16573][I][STORAGE] Exclusive window end kind=maintenance result=pending reason=radio_owner_window
[16574][I][STORAGE] maintenance owner window ms=1309 captureSafe=0 remaining=counter_untrusted|segment_audit
[16733][I][WIFI] Radio suspended
companion status
[COMP] enabled=0
[COMP] external accessory=0 bleProxy=0 phoneConnected=0 phone=unknown rssi=0 ageMs=0
[COMP] wio link=n/a sx1262=0 textInput=0
[COMP] phone=UNKNOWN work=IDLE
[COMP] bleBegun=0 bleRadio=0 bleState=IDLE
[COMP] ready link=0 gps=0 freshGps=0 ctrl=0 enrich=0
[COMP] bleInitAgeMs=0 scanStartAgeMs=0 disconnReason=0
[COMP] pendingEnrichMission=0 pendingEnrichNoise=0 pendingEnrichTotal=0
[COMP] lastProbeAgeMs=0 lastEnrichAgeMs=0
[COMP] radioOwner=none
[16739][I][STORAGE] RAMSpool worker paused inflight=0 lastInflight=0
[16739][I][STORAGE] Exclusive window begin kind=maintenance reason=radio_owner_window workerPaused=1 displaySuspended=1
[16740][I][STORAGE] Maintenance start reason=radio_owner_window budgetMs=30000 flags=counter_untrusted|segment_audit captureSafe=0
[17317][I][STORAGE] Spool repair checkpoint seg=256 off=98557 records=435 events=435 enrich=0
[17941][I][STORAGE] Maintenance skip action=counter_recount reason=repair_in_progress flags=counter_untrusted|segment_audit
[18046][I][STORAGE] Maintenance done reason=radio_owner_window actions=segment_audit skipped=counter_untrusted|segment_audit remaining=counter_untrusted|segment_audit elapsedMs=1307 captureSafe=0
[18047][I][STORAGE] RAMSpool worker resumed
[18047][I][STORAGE] Exclusive window end kind=maintenance result=pending reason=radio_owner_window
[18048][I][STORAGE] maintenance owner window ms=1308 captureSafe=0 remaining=counter_untrusted|segment_audit
[18207][I][WIFI] Radio suspended
[18211][I][STORAGE] RAMSpool worker paused inflight=0 lastInflight=0
[18211][I][STORAGE] Exclusive window begin kind=maintenance reason=radio_owner_window workerPaused=1 displaySuspended=1
[18211][I][STORAGE] Maintenance start reason=radio_owner_window budgetMs=30000 flags=counter_untrusted|segment_audit captureSafe=0
[18731][I][STORAGE] Spool repair checkpoint seg=259 off=11305 records=51 events=43 enrich=0
=== send: companion enrich ===
[19479][I][STORAGE] Maintenance skip action=counter_recount reason=repair_in_progress flags=counter_untrusted|segment_audit
[19584][I][STORAGE] Maintenance done reason=radio_owner_window actions=segment_audit skipped=counter_untrusted|segment_audit remaining=counter_untrusted|segment_audit elapsedMs=1373 captureSafe=0
[19585][I][STORAGE] RAMSpool worker resumed
[19585][I][STORAGE] Exclusive window end kind=maintenance result=pending reason=radio_owner_window
[19586][I][STORAGE] maintenance owner window ms=1376 captureSafe=0 remaining=counter_untrusted|segment_audit
[19745][I][WIFI] Radio suspended
companion enrich
[COMP] manual enrich queued
[19750][I][STORAGE] RAMSpool worker paused inflight=0 lastInflight=0
[19750][I][STORAGE] Exclusive window begin kind=maintenance reason=radio_owner_window workerPaused=1 displaySuspended=1
[19751][I][STORAGE] Maintenance start reason=radio_owner_window budgetMs=30000 flags=counter_untrusted|segment_audit captureSafe=0
[20324][W][STORAGE] Counter trust=trusted reason=repair_complete since=20324
[20325][W][STORAGE] Spool repair slow reason=maintenance_repair segs=44 recs=1323 ms=11177
[20325][I][STORAGE] Spool audit[maintenance_repair] scannedSegs=44 scannedRecords=1323 validEvents=1323 uploadedRetained=0 validEnrichDeltas=0 invalidRecords=0 skippedRecords=0 quarantined=0 unreadable=0 pending
[21302][I][STORAGE] Maintenance continuity log wrote clean=1 reason=radio_owner_window completed=segment_audit remaining=none gen=47120
[21302][I][STORAGE] Maintenance done reason=radio_owner_window actions=segment_audit|continuity_pass skipped=none remaining=none elapsedMs=1552 captureSafe=1
[21303][I][STORAGE] RAMSpool worker resumed
[21303][I][STORAGE] Exclusive window end kind=maintenance result=capture_safe reason=radio_owner_window
[21304][I][STORAGE] maintenance owner window ms=1554 captureSafe=1 remaining=none
[21561][I][WIFI] Promiscuous: YES
[21561][I][WIFI] Promiscuous mode started data=0
[21569][I][COMP] Manual enrich request received; probe backoff bypassed
[21570][I][WIFI] Radio paused
[21732][I][WIFI] Radio suspended
[21808][I][BLE] begin phase=nimble_pre bt=idle/0 heap=79548 largest=31732 stack=10868 devLen=14
[21808][I][BLE] begin phase=nimble_init
[21821][I][BLE] begin phase=nimble_init_ok bt=enabled/2 heap=16544 largest=8692 stack=10868
[21821][I][BLE] BLE SM disabled; app-layer P-256/AES-GCM required
[21823][I][BLE] begin phase=server_ok
[21823][I][BLE] scanner configured legacy=1 active=1 interval=30 window=30 srTimeout=200
[21823][I][BLE] begin phase=scanner_ok
[21824][I][BLE] begin phase=worker_ok
[21824][I][BLE] begin ready
[21824][I][BLE] radio enabled settle=500ms
[21824][I][BLE] companion link requested reason=manual_probe mode=fresh_scan timeout=15s settle=500ms cacheAge=0ms rssi=0
[21829][I][BLE] Phone probe lease granted reason=manual_probe cachedFirst=0 hold=60000ms
[22442][I][BLE] scan start
[22443][I][BLE] scan start diag=1 dup=1 diagLeft=44382 state=1 window=8000ms weakRecent=0 lastRssi=0
[30002][I][HEAP] heap free=7654KB min=7654KB largest=7552KB frag=1% internalFree=15KB internalLargest=7KB psramFree=7639KB core=0/0% owner=BLE_GPS nets=0 pendingUpload=4309 pendingEnrich=4312
[HEALTH] time=2026-08-07 10:28:57 src=ntp
[HEALTH] heap used=764/8418KB free=7654KB min=7654KB largest=7552KB frag=1%
[HEALTH] internal used=211/226KB free=15KB min=15KB largest=7KB
[HEALTH] psram used=553/8192KB free=7639KB largest=7552KB
[HEALTH] stack free_min: core0=11KB/22KB core1=13KB/18KB
[HEALTH] core usage: core0=0% core1=0%
[HEALTH] power=usb state=usb batt=100% 4504mV trend=0mV/min runtime=0min cap=1100mAh charging=0
[HEALTH] radio=BLE_GPS wifi=0 ble=0 gps=0 nets=0 pendingUpload=4309 pendingEnrich=4312
[HEALTH] subghz=NONE mode=OFF pkts=0 nodes=0
[30004][I][STORAGE] RAMSpool enq=0 cons=0 inflight=0/1024 high=0 pressure=0 drop[full=0 big=0 noise=0 p3Evict=0 p3Drop=0 p2Drop=0 p1Fail=0] free=1024
[30005][I][STORAGE] RAMSpool enqueue probe[ok=0 drop=0] device[ok=0 drop=0]
[30005][I][STORAGE] RAMSpool worker probe[ok=0 sup=0 drop=0 fail=0 slow=0] device[ok=0 sup=0 drop=0 fail=0 slow=0] slowTotal=0 maxMs=0
[30005][I][STORAGE] RAMSpool prioEnq p0=0 p1=0 p2=0 p3=0
[30005][I][STORAGE] RAMSpool lanes p1=0/0 p2=0/0 p3=0/0
[30455][I][BLE] scan window ended window=8000ms weakRecent=0 lastRssi=0
[30760][I][BLE] scan start
[30760][I][BLE] scan start diag=1 dup=1 diagLeft=36064 state=1 window=8000ms weakRecent=0 lastRssi=0
[30763][I][BLE] adv check addr=58:fe:e8:da:ff:74 addrType=1 targetSvc=1 matchedBy=service rssi=-64
[30764][I][BLE] adv raw name='' addr=58:fe:e8:da:ff:74 addrType=1 rssi=-64 hasName=0 hasSvc=1 targetSvc=1 rawTargetSvc=1 svcCount=1 matchedBy=service
[30765][I][BLE] adv raw payload len=21 hex=02 01 02 11 07 01 00 3A 6F 2D 6B 64 9A 4D 4D 7B 6D 80 3A F0 84
[30766][I][BLE] adv svc=84f03a80-6d7b-4d4d-9a64-6b2d6f3a0001
[30768][I][BLE] target found matchedBy=service cachePeer=0 addr=58:fe:e8:da:ff:74 name=SpectrePhone rssi=-64
[30769][I][BLE] scan stop; connect pending addr=58:fe:e8:da:ff:74
[31008][I][STACK] TaskDisplay watermark=13128B min=13128B
[31022][I][STACK] TaskHardware watermark=10868B min=10868B
[31063][I][BLE] connect pending settled addr=58:fe:e8:da:ff:74
[31064][I][BLE] connect attempt addr=58:fe:e8:da:ff:74 name=SpectrePhone
[31064][I][BLE] connect params timeoutMs=45000 scanItvl=16 scanWin=16 addrType=1
[31351][I][BLE] connect result ok=1 err=0 addr=58:fe:e8:da:ff:74
[31351][I][BLE] BLE link connected; starting app-layer auth watchdog=50000ms
[31352][I][BLE] remote service lookup begin core=1 internalFree=15328 largest=7412
[31500][I][BLE] remote service lookup end found=1 err=0
