=== session opened 2026-08-07T13:07:28.7891721-05:00 ===
=== send: companion status ===
companion status
[COMP] enabled=1
[COMP] external accessory=0 bleProxy=0 phoneConnected=0 phone=unknown rssi=0 ageMs=0
[COMP] wio link=idle sx1262=0 textInput=0
[COMP] phone=UNKNOWN work=IDLE
[COMP] bleBegun=0 bleRadio=0 bleState=IDLE
[COMP] ready link=0 gps=0 freshGps=0 ctrl=0 enrich=0
[COMP] bleInitAgeMs=0 scanStartAgeMs=0 disconnReason=0
[COMP] pendingEnrichMission=0 pendingEnrichNoise=0 pendingEnrichTotal=0
[COMP] lastProbeAgeMs=0 lastEnrichAgeMs=0
[COMP] radioOwner=wifi_capture
=== send: companion enrich ===
companion enrich
[COMP] manual enrich queued
[14653][I][COMP] Manual enrich request received; probe backoff bypassed
[14654][I][WIFI] Radio paused
[14815][I][WIFI] Radio suspended
[14891][I][BLE] begin phase=nimble_pre bt=idle/0 heap=78832 largest=31732 stack=17184 devLen=14
[14891][I][BLE] begin phase=nimble_init
[14905][I][BLE] begin phase=nimble_init_ok bt=enabled/2 heap=15844 largest=7924 stack=17184
[14906][I][BLE] BLE SM disabled; app-layer P-256/AES-GCM required
[14907][I][BLE] begin phase=server_ok
[14907][I][BLE] scanner configured legacy=1 active=0 interval=30 window=30 srTimeout=200
[14908][I][BLE] begin phase=scanner_ok
[14908][I][BLE] begin phase=worker_ok
[14908][I][BLE] begin ready
[14908][I][BLE] radio enabled settle=500ms
[14909][I][BLE] companion link requested reason=manual_probe mode=fresh_scan timeout=15s settle=500ms cacheAge=0ms rssi=0
[14915][I][BLE] Phone probe lease granted reason=manual_probe cachedFirst=0 hold=60000ms
[14926][W][CORE] TaskHardware loop gap=274ms owner=BLE_GPS pendingUpload=4431 maintPending=1 suppressed=1
[15522][I][BLE] scan start
[15523][I][BLE] scan start diag=1 deliverDuplicates=1 diagLeft=44387 state=1 window=8000ms weakRecent=0 lastRssi=0
[15530][I][BLE] adv check addr=4c:88:2a:9b:24:79 addrType=1 targetSvc=0 matchedBy=none rssi=-64
[15531][I][BLE] adv raw name='' addr=4c:88:2a:9b:24:79 addrType=1 rssi=-64 hasName=0 hasSvc=1 targetSvc=0 rawTargetSvc=0 svcCount=2 matchedBy=none
[15531][I][BLE] adv raw payload len=30 hex=02 01 1A 05 03 0A 18 F3 FE 14 16 F3 FE 51 20 00 42 10 86 00 00 03 00 80...
[15531][I][BLE] adv svc=0x180a
[15583][I][BLE] adv check addr=33:35:03:4b:e9:d1 addrType=1 targetSvc=0 matchedBy=none rssi=-65
[15584][I][BLE] adv raw name='' addr=33:35:03:4b:e9:d1 addrType=1 rssi=-65 hasName=0 hasSvc=0 targetSvc=0 rawTargetSvc=0 svcCount=0 matchedBy=none
[15584][I][BLE] adv raw payload len=31 hex=1E FF 06 00 01 09 20 22 91 38 41 C8 82 85 78 A6 10 64 75 48 A1 15 AB 3A...
[15631][I][BLE] adv check addr=4c:88:2a:9b:24:79 addrType=1 targetSvc=0 matchedBy=none rssi=-64
[15631][I][BLE] adv raw name='' addr=4c:88:2a:9b:24:79 addrType=1 rssi=-64 hasName=0 hasSvc=1 targetSvc=0 rawTargetSvc=0 svcCount=2 matchedBy=none
[15632][I][BLE] adv raw payload len=30 hex=02 01 1A 05 03 0A 18 F3 FE 14 16 F3 FE 51 20 00 42 10 86 00 00 03 00 80...
[15632][I][BLE] adv svc=0x180a
[15643][I][BLE] adv check addr=6c:d1:44:cb:57:c1 addrType=1 targetSvc=1 matchedBy=service rssi=-58
[15643][I][BLE] adv raw name='' addr=6c:d1:44:cb:57:c1 addrType=1 rssi=-58 hasName=0 hasSvc=1 targetSvc=1 rawTargetSvc=1 svcCount=1 matchedBy=service
[15644][I][BLE] adv raw payload len=21 hex=02 01 02 11 07 01 00 3A 6F 2D 6B 64 9A 4D 4D 7B 6D 80 3A F0 84
[15644][I][BLE] adv svc=84f03a80-6d7b-4d4d-9a64-6b2d6f3a0001
[15645][I][BLE] target found matchedBy=service cachePeer=0 addr=6c:d1:44:cb:57:c1 name=SpectrePhone rssi=-58
[15646][I][BLE] adv check addr=6c:d1:44:cb:57:c1 addrType=1 targetSvc=1 matchedBy=service rssi=-58
[15647][I][BLE] adv raw name='' addr=6c:d1:44:cb:57:c1 addrType=1 rssi=-58 hasName=0 hasSvc=1 targetSvc=1 rawTargetSvc=1 svcCount=1 matchedBy=service
[15648][I][BLE] adv raw payload len=21 hex=02 01 02 11 07 01 00 3A 6F 2D 6B 64 9A 4D 4D 7B 6D 80 3A F0 84
[15649][I][BLE] adv svc=84f03a80-6d7b-4d4d-9a64-6b2d6f3a0001
[15650][I][BLE] target found matchedBy=service cachePeer=0 addr=6c:d1:44:cb:57:c1 name=SpectrePhone rssi=-58
[15682][I][BLE] scan stop; connect pending addr=6c:d1:44:cb:57:c1
[15987][I][BLE] connect pending settled addr=6c:d1:44:cb:57:c1
[15987][I][BLE] connect attempt addr=6c:d1:44:cb:57:c1 name=SpectrePhone
[15989][I][BLE] connect params timeoutMs=45000 scanItvl=16 scanWin=16 addrType=1
[16154][I][BLE] connect result ok=1 err=0 addr=6c:d1:44:cb:57:c1
[16155][I][BLE] BLE link connected; starting app-layer auth watchdog=50000ms
[16156][I][BLE] remote service lookup begin core=1 internalFree=14208 largest=7156
[16213][I][BLE] remote service lookup end found=1 err=0
[16214][I][BLE] remote characteristic discovery begin
[16393][I][BLE] remote characteristic discovery end count=13 err=0
[16453][I][BLE] remote descriptor discovery char=auth count=2 err=0
[16453][I][BLE] auth notify subscribe begin
[16513][I][BLE] auth notify subscribe end ok=1 err=0
[16846][I][BLE] auth challenge write bytes=163 mtu=247 attPayload=244 mode=response
[18004][I][BLE] app secure session ready alg=P-256+ECDH+AES-256-GCM
[18004][I][BLE] phone auth confirmed; caching peer addr=6c:d1:44:cb:57:c1 ttl=300000ms rssi=-58
[18043][I][BLE] remote descriptor discovery char=enrichment count=2 err=0
[18283][I][BLE] remote bound gps=1 ctrl=1 meta=1 batch=1 enrich=1 auth=1 authReq=1 storage=1 cmdReq=1 cmdResp=1 logStream=1 dashStream=1 notification=1 notify(gps=0 ctrl=0 enrich=1 auth=1 cmdReq=0) mtu=247 a
[18284][I][BLE] probe_summary seen=1 matchedBy=service rssi=-58 scanMs=2483
[18284][I][BLE] phone_session_summary auth=ok mtu=247 gps=1 ctrl=1 enrich=1 storage=1
[18342][I][BLE] storage snapshot sent pendingUp=0/4431 pendingEnrich=0/4434 usedPct=17
[18347][I][BLE] Phone probe succeeded ??? backoff reset
[18351][I][BLE] Phone probe promoted to enrichment pendingEnrich=4434 maxBatch=18
[18352][I][STORAGE] RAMSpool worker paused inflight=0 lastInflight=0
[18352][I][STORAGE] Exclusive window begin kind=enrichment reason=manual_enrich_window workerPaused=1 displaySuspended=1
[18353][I][STORAGE] prepare_assigned records=1024 freeInternal=11144 freePsram=7795548
[18353][I][STORAGE] batch_load_ids_enter freeInternal=11144 segments=71
[18354][I][STORAGE] load_ids_reserve count=0 freeInternal=11144 largest=7156
[18354][I][STORAGE] load_ids_reserved freeInternal=11144
[18354][I][STORAGE] load_ids_loop_done scanned=0 skipped=71 idsCollected=0 freeInternal=11144
[18354][I][STORAGE] batch_load_ids_done count=0 capacity=0 freeInternal=11144
[18355][I][STORAGE] batch_pending_loop_enter segments=71 maxCount=1024 streaming=0 freeInternal=11144
[18355][I][STORAGE] batch_pending_scan seg=207 pending=10 events=10 freeInternal=11144 largest=7156 outCount=0
[18412][I][STORAGE] batch_pending_scan seg=210 pending=13 events=13 freeInternal=11144 largest=7156 outCount=10
[18469][I][STORAGE] batch_pending_scan seg=211 pending=8 events=8 freeInternal=11144 largest=7156 outCount=23
[18526][I][STORAGE] batch_pending_scan seg=214 pending=5 events=5 freeInternal=11132 largest=7156 outCount=31
[18581][I][STORAGE] batch_pending_scan seg=219 pending=51 events=51 freeInternal=11132 largest=7156 outCount=36
[18642][I][STORAGE] batch_pending_scan seg=220 pending=138 events=138 freeInternal=11132 largest=7156 outCount=87
[18716][I][STORAGE] batch_pending_scan seg=221 pending=154 events=154 freeInternal=11132 largest=7156 outCount=225
[18802][I][STORAGE] batch_pending_scan seg=222 pending=8 events=8 freeInternal=11132 largest=7156 outCount=379
[18858][I][STORAGE] batch_pending_scan seg=223 pending=9 events=9 freeInternal=11132 largest=7156 outCount=387
[18915][I][STORAGE] batch_pending_scan seg=226 pending=13 events=13 freeInternal=11132 largest=7156 outCount=396
[18971][I][STORAGE] batch_pending_scan seg=227 pending=3 events=3 freeInternal=11132 largest=7156 outCount=409
[19025][I][STORAGE] batch_pending_scan seg=228 pending=15 events=15 freeInternal=11132 largest=7156 outCount=412
[19082][I][STORAGE] batch_pending_scan seg=229 pending=11 events=11 freeInternal=11132 largest=7156 outCount=427
[19138][I][STORAGE] batch_pending_scan seg=230 pending=10 events=10 freeInternal=11132 largest=7156 outCount=438
[19193][I][STORAGE] batch_pending_scan seg=232 pending=200 events=200 freeInternal=11132 largest=7156 outCount=448
[19290][I][STORAGE] batch_pending_scan seg=233 pending=197 events=197 freeInternal=11132 largest=7156 outCount=648
[19373][I][STORAGE] batch_pending_scan seg=234 pending=194 events=194 freeInternal=11132 largest=7156 outCount=845
[19450][I][STORAGE] batch_pending_scan seg=235 pending=198 events=198 freeInternal=11132 largest=7156 outCount=1024
[19524][I][STORAGE] batch_pending_scan seg=236 pending=147 events=147 freeInternal=11132 largest=7156 outCount=1024
[19591][I][STORAGE] batch_pending_scan seg=238 pending=443 events=443 freeInternal=11132 largest=7156 outCount=1024
[19731][I][STORAGE] batch_pending_scan seg=240 pending=397 events=397 freeInternal=11132 largest=7156 outCount=1024
[19855][I][STORAGE] batch_pending_scan seg=241 pending=436 events=436 freeInternal=11132 largest=7156 outCount=1024
[20036][I][STORAGE] batch_pending_scan seg=243 pending=2 events=2 freeInternal=11132 largest=7156 outCount=1024
[20084][I][STORAGE] batch_pending_scan seg=244 pending=53 events=53 freeInternal=11132 largest=7156 outCount=1024
[20147][I][STORAGE] batch_pending_scan seg=245 pending=436 events=436 freeInternal=11132 largest=7156 outCount=1024
[20309][I][STORAGE] batch_pending_scan seg=246 pending=101 events=101 freeInternal=11132 largest=7156 outCount=1024
[20367][I][STORAGE] batch_pending_scan seg=247 pending=9 events=9 freeInternal=11132 largest=7156 outCount=1024
[20416][I][STORAGE] batch_pending_scan seg=253 pending=191 events=191 freeInternal=11132 largest=7156 outCount=1024
[20495][I][STORAGE] batch_pending_scan seg=255 pending=3 events=3 freeInternal=11132 largest=7156 outCount=1024
[20540][I][STORAGE] batch_pending_scan seg=256 pending=435 events=435 freeInternal=11132 largest=7156 outCount=1024
[20667][I][STORAGE] batch_pending_scan seg=257 pending=85 events=85 freeInternal=11132 largest=7156 outCount=1024
[20721][I][STORAGE] batch_pending_scan seg=258 pending=226 events=226 freeInternal=11132 largest=7156 outCount=1024
[20840][I][STORAGE] batch_pending_scan seg=259 pending=38 events=47 freeInternal=11132 largest=7156 outCount=1024
[20894][I][STORAGE] batch_pending_loop_done scanned=33 skipped=0 outCount=1024 timeHit=1 elapsedMs=2539 freeInternal=11132
[20895][I][STORAGE] prepare_batch_done ok=1 outCount=1024 freeInternal=11132
[20895][I][STORAGE] Enrichment window ready records=1024 truncated=1 ms=2543
[20896][I][BLE] Manual enrichment window batch count=18 active=1 noData=0 budgetExhausted=0 timeHit=0
[20896][I][STORAGE] RAMSpool worker resumed
[20897][I][STORAGE] Exclusive window end kind=enrichment result=manual_batch_built reason=manual_enrich_window
[20897][I][BLE] enrichment request queued count=18 bytes=180
[20897][I][BLE] Requested enrichment batch count=18 queued=0
[20912][I][BLE] link ready state=4
[21013][I][BLE] enrichment send mtu=247 attPayload=244 bytes=180 count=18
[21064][W][BLE] gps decrypt failed: secure decrypt replay/stale counter
[21065][I][BLE] enrichment batch sent plain=180 sealed=202 count=18 writeOk=1
