=== session opened 2026-08-07T10:34:56.2999574-05:00 ===
=== send: companion status ===
companion status
[COMP] enabled=1
[COMP] external accessory=0 bleProxy=0 phoneConnected=0 phone=unknown rssi=0 ageMs=0
[COMP] wio link=idle sx1262=0 textInput=0
[COMP] phone=UNKNOWN work=IDLE
[COMP] bleBegun=0 bleRadio=0 bleState=IDLE
[COMP] ready link=0 gps=0 freshGps=0 ctrl=0 enrich=0
[COMP] bleInitAgeMs=0 scanStartAgeMs=0 disconnReason=0
[COMP] pendingEnrichMission=0 pendingEnrichNoise=0 pendingEnrichTotal=0
[COMP] lastProbeAgeMs=0 lastEnrichAgeMs=0
[COMP] radioOwner=wifi_capture
[17223][I][STORAGE] worker ui refresh serviced uiRefreshServiceCount=3 uiDeferred=9 uiFlush=3 pressure=0 usedPct=17 pending=4342
=== send: companion enrich ===
companion enrich
[COMP] manual enrich queued
[17897][I][COMP] Manual enrich request received; probe backoff bypassed
[17899][I][WIFI] Radio paused
[18061][I][WIFI] Radio suspended
[18137][I][BLE] begin phase=nimble_pre bt=idle/0 heap=73400 largest=27636 stack=17264 devLen=14
[18137][I][BLE] begin phase=nimble_init
[18147][I][BLE] begin phase=nimble_init_ok bt=enabled/2 heap=10380 largest=7156 stack=17264
[18148][I][BLE] BLE SM disabled; app-layer P-256/AES-GCM required
[18149][I][BLE] begin phase=server_ok
[18150][I][BLE] scanner configured legacy=1 active=1 interval=30 window=30 srTimeout=200
[18151][I][BLE] begin phase=scanner_ok
[18151][I][BLE] begin phase=worker_ok
[18152][I][BLE] begin ready
[18152][I][BLE] radio enabled settle=500ms
[18153][I][BLE] companion link requested reason=manual_probe mode=fresh_scan timeout=15s settle=500ms cacheAge=0ms rssi=0
[18159][I][BLE] Phone probe lease granted reason=manual_probe cachedFirst=0 hold=60000ms
[18170][W][CORE] TaskHardware loop gap=274ms owner=BLE_GPS pendingUpload=4342 maintPending=1 suppressed=1
[18774][I][BLE] scan start
[18775][I][BLE] scan start diag=1 dup=1 diagLeft=44379 state=1 window=8000ms weakRecent=0 lastRssi=0
[26916][I][BLE] scan window ended window=8000ms weakRecent=0 lastRssi=0
[27218][I][BLE] scan start
[27219][I][BLE] scan start diag=1 dup=1 diagLeft=35935 state=1 window=8000ms weakRecent=0 lastRssi=0
[27226][I][BLE] adv check addr=45:fd:8f:da:bd:22 addrType=1 targetSvc=0 matchedBy=none rssi=-58
[27227][I][BLE] adv raw name='FWIT-MBARTHEL' addr=45:fd:8f:da:bd:22 addrType=1 rssi=-58 hasName=1 hasSvc=1 targetSvc=0 rawTargetSvc=0 svcCount=2 matchedBy=none
[27227][I][BLE] adv raw payload len=45 hex=02 01 1A 05 03 0A 18 F3 FE 14 16 F3 FE 51 20 00 02 11 02 00 00 03 44 00...
[27228][I][BLE] adv svc=0x180a
[30012][I][HEAP] heap free=7648KB min=7647KB largest=7552KB frag=1% internalFree=9KB internalLargest=7KB psramFree=7639KB core=0/0% owner=BLE_GPS nets=6 pendingUpload=4342 pendingEnrich=4345
[HEALTH] time=2026-08-07 10:34:57 src=ntp
[HEALTH] heap used=770/8418KB free=7648KB min=7647KB largest=7552KB frag=1%
[HEALTH] internal used=217/226KB free=9KB min=9KB largest=7KB
[HEALTH] psram used=553/8192KB free=7639KB largest=7552KB
[HEALTH] stack free_min: core0=17KB/22KB core1=13KB/18KB
[HEALTH] core usage: core0=0% core1=0%
[HEALTH] power=usb state=usb batt=100% 4525mV trend=0mV/min runtime=0min cap=1100mAh charging=0
[HEALTH] radio=BLE_GPS wifi=0 ble=0 gps=0 nets=6 pendingUpload=4342 pendingEnrich=4345
[HEALTH] subghz=NONE mode=OFF pkts=0 nodes=0
[30017][I][STORAGE] RAMSpool enq=9 cons=9 inflight=0/1024 high=3 pressure=0 drop[full=0 big=0 noise=0 p3Evict=0 p3Drop=0 p2Drop=0 p1Fail=0] free=1024
[30018][I][STORAGE] RAMSpool enqueue probe[ok=8 drop=0] device[ok=1 drop=0]
[30019][I][STORAGE] RAMSpool worker probe[ok=2 sup=6 drop=0 fail=0 slow=0] device[ok=1 sup=0 drop=0 fail=0 slow=0] slowTotal=0 maxMs=0
[30019][I][STORAGE] RAMSpool prioEnq p0=0 p1=0 p2=9 p3=0
[30020][I][STORAGE] RAMSpool lanes p1=0/0 p2=0/2 p3=0/0
[31007][I][STACK] TaskDisplay watermark=13128B min=13128B
[31023][I][STACK] TaskHardware watermark=17264B min=17264B
[35341][I][BLE] scan window ended window=8000ms weakRecent=0 lastRssi=0
[35645][I][BLE] scan start
[35646][I][BLE] scan start diag=1 dup=1 diagLeft=27508 state=1 window=8000ms weakRecent=0 lastRssi=0
[35648][I][BLE] adv check addr=4d:62:19:9a:51:15 addrType=1 targetSvc=1 matchedBy=service rssi=-65
[35649][I][BLE] adv raw name='' addr=4d:62:19:9a:51:15 addrType=1 rssi=-65 hasName=0 hasSvc=1 targetSvc=1 rawTargetSvc=1 svcCount=1 matchedBy=service
[35649][I][BLE] adv raw payload len=21 hex=02 01 02 11 07 01 00 3A 6F 2D 6B 64 9A 4D 4D 7B 6D 80 3A F0 84
[35650][I][BLE] adv svc=84f03a80-6d7b-4d4d-9a64-6b2d6f3a0001
[35651][I][BLE] target found matchedBy=service cachePeer=0 addr=4d:62:19:9a:51:15 name=SpectrePhone rssi=-65
[35652][I][BLE] scan stop; connect pending addr=4d:62:19:9a:51:15
[35946][I][BLE] connect pending settled addr=4d:62:19:9a:51:15
[35947][I][BLE] connect attempt addr=4d:62:19:9a:51:15 name=SpectrePhone
[35947][I][BLE] connect params timeoutMs=45000 scanItvl=16 scanWin=16 addrType=1
[36170][I][BLE] connect result ok=1 err=0 addr=4d:62:19:9a:51:15
[36171][I][BLE] BLE link connected; starting app-layer auth watchdog=50000ms
[36171][I][BLE] remote service lookup begin core=1 internalFree=9000 largest=7156
[36229][I][BLE] remote service lookup end found=1 err=0
[36229][I][BLE] remote characteristic discovery begin
[36409][I][BLE] remote characteristic discovery end count=12 err=0
