=== session opened 2026-08-07T09:55:05.2547691-05:00 ===
=== send: companion status ===
companion status
[COMP] enabled=1
[COMP] external accessory=0 bleProxy=0 phoneConnected=0 phone=unknown rssi=0 ageMs=0
[COMP] wio link=idle sx1262=0 textInput=0
[COMP] phone=UNAVAILABLE work=IDLE
[COMP] bleBegun=1 bleRadio=0 bleState=IDLE
[COMP] ready link=0 gps=0 freshGps=0 ctrl=0 enrich=0
[COMP] bleInitAgeMs=222639 scanStartAgeMs=40995 disconnReason=0
[COMP] pendingEnrichMission=0 pendingEnrichNoise=4278 pendingEnrichTotal=4278
[COMP] lastProbeAgeMs=83645 lastEnrichAgeMs=0
[COMP] radioOwner=none
=== send: companion enrich ===
companion enrich
[COMP] manual enrich queued
[249056][I][COMP] Manual enrich request received; probe backoff bypassed
[249214][I][WIFI] Radio suspended
[249214][I][BLE] begin phase=worker_ok
[249214][I][BLE] radio enabled settle=500ms
[249215][I][BLE] companion link requested reason=manual_probe mode=fresh_scan timeout=15s settle=500ms cacheAge=0ms rssi=0
[249220][I][BLE] Phone probe lease granted reason=manual_probe cachedFirst=0 hold=60000ms
[249822][I][BLE] scan start
[249822][I][BLE] scan start diag=1 dup=1 diagLeft=44393 state=1 window=8000ms weakRecent=0 lastRssi=0
[249826][I][BLE] adv check addr=4a:52:50:4f:f5:6a addrType=1 targetSvc=1 matchedBy=service rssi=-70
[249827][I][BLE] adv raw name='' addr=4a:52:50:4f:f5:6a addrType=1 rssi=-70 hasName=0 hasSvc=1 targetSvc=1 rawTargetSvc=1 svcCount=2 matchedBy=service
[249827][I][BLE] adv raw payload len=39 hex=02 01 02 11 07 01 00 3A 6F 2D 6B 64 9A 4D 4D 7B 6D 80 3A F0 84 11 07 01...
[249827][I][BLE] adv svc=84f03a80-6d7b-4d4d-9a64-6b2d6f3a0001
[249828][I][BLE] target found matchedBy=service cachePeer=0 addr=4a:52:50:4f:f5:6a name=SpectrePhone rssi=-70
[249829][I][BLE] scan stop; connect pending addr=4a:52:50:4f:f5:6a
[250125][I][BLE] connect pending settled addr=4a:52:50:4f:f5:6a
[250126][I][BLE] connect attempt addr=4a:52:50:4f:f5:6a name=SpectrePhone
[250126][I][BLE] connect params timeoutMs=45000 scanItvl=16 scanWin=16 addrType=1
[250349][I][BLE] connect result ok=1 err=0 addr=4a:52:50:4f:f5:6a
[250350][I][BLE] BLE link connected; starting app-layer auth watchdog=50000ms
