=== capture opened 2026-08-10T14:42:58.2900345-05:00 ===
=== send: companion link ===
companion link
[COMP] persistent link queued
[71997][I][COMP] Persistent link request received; holding until release
[71998][I][WIFI] Radio paused
[72215][I][WIFI] Radio suspended
[72216][I][BLE] BLE payload buffers in PSRAM bytes=6276
[72291][I][BLE] begin phase=nimble_pre bt=idle/0 heap=103268 largest=31732 stack=16256 devLen=14
[72291][I][BLE] begin phase=nimble_init
[72301][I][BLE] begin phase=nimble_init_ok bt=enabled/2 heap=40244 largest=31732 stack=16256
[72302][I][BLE] BLE SM disabled; app-layer P-256/AES-GCM required
[72303][I][BLE] begin phase=server_ok
[72304][I][BLE] scanner configured legacy=1 active=0 interval=30 window=30 srTimeout=200
[72304][I][BLE] begin phase=scanner_ok
[72304][I][BLE] begin phase=worker_ok
[72304][I][BLE] begin ready
[72305][I][BLE] radio enabled settle=500ms
[72307][I][BLE] advertising start
[72307][I][BLE] companion link requested reason=manual_probe mode=fresh_scan timeout=15s settle=500ms cacheAge=0ms rssi=0
[72313][I][BLE] Phone probe lease granted reason=manual_probe cachedFirst=0 hold=60000ms
[72324][W][CORE] TaskHardware loop gap=328ms owner=BLE_GPS pendingUpload=2137 maintPending=1 suppressed=0
[72919][I][BLE] scan start
[72920][I][BLE] scan start diag=1 deliverDuplicates=1 diagLeft=44385 state=1 window=8000ms weakRecent=0 lastRssi=0
[73023][I][BLE] target found matchedBy=service cachePeer=0 addr=62:33:4d:7a:ed:71 name=SpectrePhone rssi=-52
[73024][I][BLE] target found matchedBy=service cachePeer=0 addr=62:33:4d:7a:ed:71 name=SpectrePhone rssi=-52
[73071][I][BLE] scan stop; connect pending addr=62:33:4d:7a:ed:71
[73381][I][BLE] connect pending settled addr=62:33:4d:7a:ed:71
[73382][I][BLE] connect attempt addr=62:33:4d:7a:ed:71 name=SpectrePhone
[73382][I][BLE] connect params timeoutMs=45000 scanItvl=16 scanWin=16 addrType=1
[73524][I][BLE] connect result ok=1 err=0 addr=62:33:4d:7a:ed:71
[73525][I][BLE] BLE link connected; starting app-layer auth watchdog=50000ms
[73525][I][BLE] remote service lookup begin core=1 internalFree=37588 largest=29684
[73583][I][BLE] remote service lookup end found=1 err=0
[73583][I][BLE] remote characteristic discovery begin
[73763][I][BLE] remote characteristic discovery end count=13 err=0
[73823][I][BLE] remote descriptor discovery char=auth count=2 err=0
[73823][I][BLE] auth notify subscribe begin
[73883][I][BLE] auth notify subscribe end ok=1 err=0
[74156][I][BLE] auth challenge write bytes=163 mtu=247 attPayload=244 mode=response
[75130][I][BLE] app secure session ready alg=P-256+ECDH+AES-256-GCM
[75131][I][BLE] phone auth confirmed; caching peer addr=62:33:4d:7a:ed:71 ttl=300000ms rssi=-52
[75173][I][BLE] remote descriptor discovery char=enrichment count=2 err=0
[75293][I][BLE] remote descriptor discovery char=command_req count=2 err=0
[75533][I][BLE] remote bound gps=1 ctrl=1 meta=1 batch=1 enrich=1 auth=1 authReq=1 storage=1 cmdReq=1 cmdResp=1 logStream=1 dashStream=1 notification=1 notify(gps=0 ctrl=0 enrich=1 auth=1 cmdReq=1) mtu=247 a
[75533][I][BLE] probe_summary seen=1 matchedBy=service rssi=-52 scanMs=2212
[75534][I][BLE] phone_session_summary auth=ok mtu=247 gps=1 ctrl=1 enrich=1 storage=1
[75537][I][BLE] link ready state=4
[75653][I][BLE] storage snapshot sent pendingUp=0/2137 pendingEnrich=0/1991 usedPct=11
[75658][I][BLE] Phone probe succeeded ??? backoff reset
[75658][I][BLE] Persistent companion link established
[90013][I][HEAP] heap free=4489KB min=4483KB largest=4352KB frag=3% internalFree=33KB internalLargest=25KB psramFree=4456KB core=0/0% owner=BLE_GPS nets=1 pendingUpload=2137 pendingEnrich=1991
[HEALTH] time=2026-08-10 14:41:55 src=ntp
[HEALTH] heap used=3962/8451KB free=4489KB min=4483KB largest=4352KB frag=3%
[HEALTH] internal used=226/259KB free=33KB min=28KB largest=25KB
[HEALTH] psram used=3736/8192KB free=4456KB largest=4352KB
[HEALTH] stack free_min: core0=16KB/22KB core1=13KB/18KB
[HEALTH] core usage: core0=0% core1=0%
[HEALTH] power=usb state=usb batt=100% 4773mV trend=56mV/min runtime=0min cap=1100mAh charging=1
[HEALTH] radio=BLE_GPS wifi=0 ble=1 gps=0 nets=1 pendingUpload=2137 pendingEnrich=1991
[HEALTH] subghz=NONE mode=OFF pkts=0 nodes=0
[90015][I][STORAGE] RAMSpool enq=3 cons=3 inflight=0/1024 high=3 pressure=0 drop[full=0 big=0 noise=0 p3Evict=0 p3Drop=0 p2Drop=0 p1Fail=0] free=1024
[90016][I][STORAGE] RAMSpool enqueue probe[ok=2 drop=0] device[ok=1 drop=0]
[90016][I][STORAGE] RAMSpool worker probe[ok=1 sup=1 drop=0 fail=0 slow=0] device[ok=1 sup=0 drop=0 fail=0 slow=0] slowTotal=0 maxMs=0
[90017][I][STORAGE] RAMSpool prioEnq p0=0 p1=0 p2=3 p3=0
[90017][I][STORAGE] RAMSpool lanes p1=0/0 p2=0/2 p3=0/0
[91022][I][STACK] TaskHardware watermark=16256B min=16256B
[102354][I][BLE] worker stack free=7540B min=7540B
[120014][I][HEAP] heap free=4489KB min=4483KB largest=4352KB frag=3% internalFree=33KB internalLargest=25KB psramFree=4456KB core=0/0% owner=BLE_GPS nets=1 pendingUpload=2137 pendingEnrich=1991
[HEALTH] time=2026-08-10 14:42:25 src=ntp
[HEALTH] heap used=3962/8451KB free=4489KB min=4483KB largest=4352KB frag=3%
[HEALTH] internal used=226/259KB free=33KB min=28KB largest=25KB
[HEALTH] psram used=3736/8192KB free=4456KB largest=4352KB
[HEALTH] stack free_min: core0=16KB/22KB core1=13KB/18KB
[HEALTH] core usage: core0=0% core1=0%
[HEALTH] power=usb state=usb batt=100% 4771mV trend=37mV/min runtime=0min cap=1100mAh charging=1
[HEALTH] radio=BLE_GPS wifi=0 ble=1 gps=0 nets=1 pendingUpload=2137 pendingEnrich=1991
[HEALTH] subghz=NONE mode=OFF pkts=0 nodes=0
[120093][I][STORAGE] RAMSpool enq=3 cons=3 inflight=0/1024 high=3 pressure=0 drop[full=0 big=0 noise=0 p3Evict=0 p3Drop=0 p2Drop=0 p1Fail=0] free=1024
[120093][I][STORAGE] RAMSpool enqueue probe[ok=2 drop=0] device[ok=1 drop=0]
[120093][I][STORAGE] RAMSpool worker probe[ok=1 sup=1 drop=0 fail=0 slow=0] device[ok=1 sup=0 drop=0 fail=0 slow=0] slowTotal=0 maxMs=0
[120094][I][STORAGE] RAMSpool prioEnq p0=0 p1=0 p2=3 p3=0
[120094][I][STORAGE] RAMSpool lanes p1=0/0 p2=0/2 p3=0/0
[121030][I][STACK] TaskHardware watermark=15152B min=15152B
[132482][I][BLE] worker stack free=7540B min=7540B
[150018][I][HEAP] heap free=4489KB min=4483KB largest=4352KB frag=3% internalFree=33KB internalLargest=25KB psramFree=4456KB core=0/0% owner=BLE_GPS nets=1 pendingUpload=2137 pendingEnrich=1991
[HEALTH] time=2026-08-10 14:43:14 src=gps
[HEALTH] heap used=3962/8451KB free=4489KB min=4483KB largest=4352KB frag=3%
[HEALTH] internal used=226/259KB free=33KB min=28KB largest=25KB
[HEALTH] psram used=3736/8192KB free=4456KB largest=4352KB
[HEALTH] stack free_min: core0=15KB/22KB core1=13KB/18KB
[HEALTH] core usage: core0=0% core1=0%
[HEALTH] power=usb state=usb batt=100% 4769mV trend=27mV/min runtime=0min cap=1100mAh charging=1
[HEALTH] radio=BLE_GPS wifi=0 ble=1 gps=0 nets=1 pendingUpload=2137 pendingEnrich=1991
[HEALTH] subghz=NONE mode=OFF pkts=0 nodes=0
[150021][I][STORAGE] RAMSpool enq=3 cons=3 inflight=0/1024 high=3 pressure=0 drop[full=0 big=0 noise=0 p3Evict=0 p3Drop=0 p2Drop=0 p1Fail=0] free=1024
[150021][I][STORAGE] RAMSpool enqueue probe[ok=2 drop=0] device[ok=1 drop=0]
[150021][I][STORAGE] RAMSpool worker probe[ok=1 sup=1 drop=0 fail=0 slow=0] device[ok=1 sup=0 drop=0 fail=0 slow=0] slowTotal=0 maxMs=0
[150022][I][STORAGE] RAMSpool prioEnq p0=0 p1=0 p2=3 p3=0
[150022][I][STORAGE] RAMSpool lanes p1=0/0 p2=0/2 p3=0/0
[151036][I][STACK] TaskHardware watermark=15152B min=15152B
[162529][I][BLE] worker stack free=7540B min=7540B
[180024][I][HEAP] heap free=4489KB min=4483KB largest=4352KB frag=3% internalFree=33KB internalLargest=25KB psramFree=4456KB core=0/0% owner=BLE_GPS nets=1 pendingUpload=2137 pendingEnrich=1991
[HEALTH] time=2026-08-10 14:43:44 src=gps
[HEALTH] heap used=3962/8451KB free=4489KB min=4483KB largest=4352KB frag=3%
[HEALTH] internal used=226/259KB free=33KB min=28KB largest=25KB
[HEALTH] psram used=3736/8192KB free=4456KB largest=4352KB
[HEALTH] stack free_min: core0=15KB/22KB core1=13KB/18KB
[HEALTH] core usage: core0=0% core1=0%
[HEALTH] power=usb state=usb batt=100% 4767mV trend=21mV/min runtime=0min cap=1100mAh charging=1
[HEALTH] radio=BLE_GPS wifi=0 ble=1 gps=0 nets=1 pendingUpload=2137 pendingEnrich=1991
[HEALTH] subghz=NONE mode=OFF pkts=0 nodes=0
[180027][I][STORAGE] RAMSpool enq=3 cons=3 inflight=0/1024 high=3 pressure=0 drop[full=0 big=0 noise=0 p3Evict=0 p3Drop=0 p2Drop=0 p1Fail=0] free=1024
[180027][I][STORAGE] RAMSpool enqueue probe[ok=2 drop=0] device[ok=1 drop=0]
[180027][I][STORAGE] RAMSpool worker probe[ok=1 sup=1 drop=0 fail=0 slow=0] device[ok=1 sup=0 drop=0 fail=0 slow=0] slowTotal=0 maxMs=0
[180028][I][STORAGE] RAMSpool prioEnq p0=0 p1=0 p2=3 p3=0
[180028][I][STORAGE] RAMSpool lanes p1=0/0 p2=0/2 p3=0/0
[181042][I][STACK] TaskHardware watermark=15152B min=15152B
[184583][I][STORAGE] RAMSpool worker paused inflight=0 lastInflight=0
[184584][I][STORAGE] Exclusive window begin kind=enrichment reason=phone_offload_begin workerPaused=1 displaySuspended=1
[189781][I][STORAGE] Segment lifecycle seg=451 active->indexed trust=trusted pending=13
[192612][I][STORAGE] Upload index rebuild begin pending=2137 window=8192 heapFree=4601732 largest=4456436
[199461][I][STORAGE] Upload index rebuild progress segs=25 indexed=754 window=8192 heapFree=4521868 largest=4456436
[212386][I][STORAGE] Upload index rebuild progress segs=50 indexed=1964 window=8192 heapFree=4236392 largest=4194292
[216190][I][STORAGE] Upload window rebuild accepted indexed=2137 window=8192 pending=2137 sessions=46 skipped=0 failedSegs=0 sidecarLoaded=15 sidecarStale=49 truncated=0 heapFree=4192692 largest=4128756
[216191][I][STORAGE] Upload stream prepare index built ok=1 resident=1 ms=23579
[216191][I][STORAGE] Upload stream prepare ready=1 pending=2137 budgetMs=15000 ms=31607 internalFree=27392 internalLargest=9716 psramFree=4165300
[216192][I][STORAGE] RAMSpool worker resumed
[216192][I][STORAGE] Exclusive window end kind=enrichment result=index_ready reason=phone_offload_begin
[216193][I][OFFLOAD] begin transfer=1 pending=2137 indexed=2137 sessions=46 truncated=0
[216193][I][CMD] op=0x30 reqid=1 status=0 payload=12 elapsedMs=31610
[216233][W][CORE] TaskHardware slow section=ble_tick ms=31650 owner=BLE_GPS pendingUpload=2137 maintPending=1
[216235][I][STACK] TaskHardware watermark=15152B min=15152B
[216240][I][HEAP] heap free=4091KB min=4068KB largest=4032KB frag=1% internalFree=24KB internalLargest=9KB psramFree=4068KB core=86/45% owner=BLE_GPS nets=1 pendingUpload=2137 pendingEnrich=1991
[HEALTH] time=2026-08-10 14:43:49 src=gps
[HEALTH] heap used=4360/8451KB free=4091KB min=4068KB largest=4032KB frag=1%
[HEALTH] internal used=235/259KB free=24KB min=0KB largest=9KB
[HEALTH] psram used=4124/8192KB free=4068KB largest=4032KB
[HEALTH] stack free_min: core0=15KB/22KB core1=13KB/18KB
[HEALTH] core usage: core0=86% core1=45%
[HEALTH] power=usb state=usb batt=100% 4768mV trend=21mV/min runtime=0min cap=1100mAh charging=1
[HEALTH] radio=BLE_GPS wifi=0 ble=1 gps=0 nets=1 pendingUpload=2137 pendingEnrich=1991
[HEALTH] subghz=NONE mode=OFF pkts=0 nodes=0
[216242][I][STORAGE] RAMSpool enq=3 cons=3 inflight=0/1024 high=3 pressure=0 drop[full=0 big=0 noise=0 p3Evict=0 p3Drop=0 p2Drop=0 p1Fail=0] free=1024
[216243][I][STORAGE] RAMSpool enqueue probe[ok=2 drop=0] device[ok=1 drop=0]
[216243][I][STORAGE] RAMSpool worker probe[ok=1 sup=1 drop=0 fail=0 slow=0] device[ok=1 sup=0 drop=0 fail=0 slow=0] slowTotal=0 maxMs=0
[216243][I][STORAGE] RAMSpool prioEnq p0=0 p1=0 p2=3 p3=0
[216243][I][STORAGE] RAMSpool lanes p1=0/0 p2=0/2 p3=0/0
[216253][W][CORE] TaskHardware loop gap=31671ms owner=BLE_GPS pendingUpload=2137 maintPending=1 suppressed=0
[216387][I][BLE] worker stack free=7540B min=7540B
[246236][I][STACK] TaskHardware watermark=15152B min=15152B
[246383][I][HEAP] heap free=4091KB min=4068KB largest=4032KB frag=1% internalFree=24KB internalLargest=9KB psramFree=4068KB core=0/0% owner=BLE_GPS nets=1 pendingUpload=2137 pendingEnrich=1991
[HEALTH] time=2026-08-10 14:44:50 src=gps
[HEALTH] heap used=4360/8451KB free=4091KB min=4068KB largest=4032KB frag=1%
[HEALTH] internal used=235/259KB free=24KB min=0KB largest=9KB
[HEALTH] psram used=4124/8192KB free=4068KB largest=4032KB
[HEALTH] stack free_min: core0=15KB/22KB core1=13KB/18KB
[HEALTH] core usage: core0=0% core1=0%
[HEALTH] power=usb state=usb batt=100% 4761mV trend=20mV/min runtime=0min cap=1100mAh charging=1
[HEALTH] radio=BLE_GPS wifi=0 ble=1 gps=0 nets=1 pendingUpload=2137 pendingEnrich=1991
[HEALTH] subghz=NONE mode=OFF pkts=0 nodes=0
[246385][I][STORAGE] RAMSpool enq=3 cons=3 inflight=0/1024 high=3 pressure=0 drop[full=0 big=0 noise=0 p3Evict=0 p3Drop=0 p2Drop=0 p1Fail=0] free=1024
[246386][I][STORAGE] RAMSpool enqueue probe[ok=2 drop=0] device[ok=1 drop=0]
[246386][I][STORAGE] RAMSpool worker probe[ok=1 sup=1 drop=0 fail=0 slow=0] device[ok=1 sup=0 drop=0 fail=0 slow=0] slowTotal=0 maxMs=0
[246386][I][STORAGE] RAMSpool prioEnq p0=0 p1=0 p2=3 p3=0
[246387][I][STORAGE] RAMSpool lanes p1=0/0 p2=0/2 p3=0/0
[246400][I][BLE] worker stack free=7540B min=7540B
=== capture closed 2026-08-10T14:45:58.3082000-05:00 ===
