=== capture opened 2026-08-10T15:33:22.2803884-05:00 ===
[77540][I][STORAGE] worker ui refresh serviced uiRefreshServiceCount=3 uiDeferred=8 uiFlush=2 pressure=0 usedPct=15 pending=2158
[86071][I][STACK] TaskHardware watermark=10832B min=10832B
[86073][I][HEAP] heap free=4538KB min=4489KB largest=4352KB frag=4% internalFree=71KB internalLargest=31KB psramFree=4468KB core=0/0% owner=WIFI_CAPTURE nets=1 pendingUpload=2158 pendingEnrich=2165
[HEALTH] time=2026-08-10 15:32:49 src=ntp
[HEALTH] heap used=3913/8451KB free=4538KB min=4489KB largest=4352KB frag=4%
[HEALTH] internal used=189/259KB free=71KB min=52KB largest=31KB
[HEALTH] psram used=3724/8192KB free=4468KB largest=4352KB
[HEALTH] stack free_min: core0=11KB/22KB core1=13KB/18KB
[HEALTH] core usage: core0=0% core1=0%
[HEALTH] power=usb state=usb batt=100% 4741mV trend=28mV/min runtime=0min cap=1100mAh charging=1
[HEALTH] radio=WIFI_CAPTURE wifi=0 ble=0 gps=0 nets=1 pendingUpload=2158 pendingEnrich=2165
[HEALTH] subghz=NONE mode=OFF pkts=0 nodes=0
[86075][I][STORAGE] RAMSpool enq=8 cons=8 inflight=0/1024 high=3 pressure=0 drop[full=0 big=0 noise=0 p3Evict=0 p3Drop=0 p2Drop=0 p1Fail=0] free=1024
[86076][I][STORAGE] RAMSpool enqueue probe[ok=6 drop=0] device[ok=2 drop=0]
[86076][I][STORAGE] RAMSpool worker probe[ok=3 sup=3 drop=0 fail=0 slow=0] device[ok=2 sup=0 drop=0 fail=0 slow=0] slowTotal=0 maxMs=0
[86077][I][STORAGE] RAMSpool prioEnq p0=0 p1=0 p2=8 p3=0
[86077][I][STORAGE] RAMSpool lanes p1=0/0 p2=0/2 p3=0/0
[116079][I][STACK] TaskHardware watermark=10832B min=10832B
[116081][I][HEAP] heap free=4538KB min=4489KB largest=4352KB frag=4% internalFree=71KB internalLargest=31KB psramFree=4468KB core=0/0% owner=WIFI_CAPTURE nets=1 pendingUpload=2158 pendingEnrich=2165
[HEALTH] time=2026-08-10 15:33:19 src=ntp
[HEALTH] heap used=3913/8451KB free=4538KB min=4489KB largest=4352KB frag=4%
[HEALTH] internal used=189/259KB free=71KB min=52KB largest=31KB
[HEALTH] psram used=3724/8192KB free=4468KB largest=4352KB
[HEALTH] stack free_min: core0=11KB/22KB core1=13KB/18KB
[HEALTH] core usage: core0=0% core1=0%
[HEALTH] power=usb state=usb batt=100% 4742mV trend=20mV/min runtime=0min cap=1100mAh charging=1
[HEALTH] radio=WIFI_CAPTURE wifi=0 ble=0 gps=0 nets=1 pendingUpload=2158 pendingEnrich=2165
[HEALTH] subghz=NONE mode=OFF pkts=0 nodes=0
[116083][I][STORAGE] RAMSpool enq=8 cons=8 inflight=0/1024 high=3 pressure=0 drop[full=0 big=0 noise=0 p3Evict=0 p3Drop=0 p2Drop=0 p1Fail=0] free=1024
[116084][I][STORAGE] RAMSpool enqueue probe[ok=6 drop=0] device[ok=2 drop=0]
[116084][I][STORAGE] RAMSpool worker probe[ok=3 sup=3 drop=0 fail=0 slow=0] device[ok=2 sup=0 drop=0 fail=0 slow=0] slowTotal=0 maxMs=0
[116085][I][STORAGE] RAMSpool prioEnq p0=0 p1=0 p2=8 p3=0
[116085][I][STORAGE] RAMSpool lanes p1=0/0 p2=0/2 p3=0/0
[118430][I][STORAGE] worker ui refresh serviced uiRefreshServiceCount=4 uiDeferred=14 uiFlush=3 pressure=0 usedPct=15 pending=2159
[128852][I][STORAGE] capture write allowed owner=WIFI_CAPTURE path=/events/counter.txt reason=capture_micro_idle ms=118 ok=1
[129148][I][STORAGE] capture write allowed owner=WIFI_CAPTURE path=/events/meta.json reason=capture_micro_idle ms=295 ok=1
[130098][I][STORAGE] capture write allowed owner=WIFI_CAPTURE path=/spool/index.json reason=capture_micro_idle ms=925 ok=1
[130099][W][STORAGE] worker metadata flush reason=capture_micro_idle ms=1365 ok=1 dirty=0
[130100][I][STORAGE] worker metadata flush metadataFlushCount=16 reason=capture_micro_idle entryMetadataDirtyPending=1 entryUiRefreshPending=0 metadataDirtyPending=0 uiDeferred=14 uiFlush=3 uiRefreshServiceCount=
[130101][W][CORE] TaskHardware slow section=capture_storage_maintenance ms=1423 owner=WIFI_CAPTURE pendingUpload=2159 maintPending=0
[130111][W][CORE] TaskHardware loop gap=1434ms owner=WIFI_CAPTURE pendingUpload=2159 maintPending=0 suppressed=1
[138866][I][STORAGE] Routine maintenance requests coalesced count=1 latest=snapshot_lagged source=append_metadata_deferred flags=dirty_spool_index|snapshot_lagged
[139181][I][STORAGE] worker ui refresh serviced uiRefreshServiceCount=5 uiDeferred=17 uiFlush=4 pressure=0 usedPct=15 pending=2161
[146086][I][STACK] TaskHardware watermark=10832B min=10832B
[146088][I][HEAP] heap free=4538KB min=4438KB largest=4352KB frag=4% internalFree=70KB internalLargest=31KB psramFree=4468KB core=5/3% owner=WIFI_CAPTURE nets=1 pendingUpload=2161 pendingEnrich=2168
[HEALTH] time=2026-08-10 15:33:49 src=ntp
[HEALTH] heap used=3913/8451KB free=4538KB min=4438KB largest=4352KB frag=4%
[HEALTH] internal used=189/259KB free=70KB min=1KB largest=31KB
[HEALTH] psram used=3724/8192KB free=4468KB largest=4352KB
[HEALTH] stack free_min: core0=11KB/22KB core1=13KB/18KB
[HEALTH] core usage: core0=5% core1=3%
[HEALTH] power=usb state=usb batt=100% 4741mV trend=15mV/min runtime=0min cap=1100mAh charging=1
[HEALTH] radio=WIFI_CAPTURE wifi=0 ble=0 gps=0 nets=1 pendingUpload=2161 pendingEnrich=2168
[HEALTH] subghz=NONE mode=OFF pkts=0 nodes=0
[146090][I][STORAGE] RAMSpool enq=17 cons=17 inflight=0/1024 high=3 pressure=0 drop[full=0 big=0 noise=0 p3Evict=0 p3Drop=0 p2Drop=0 p1Fail=0] free=1024
[146091][I][STORAGE] RAMSpool enqueue probe[ok=13 drop=0] device[ok=4 drop=0]
[146091][I][STORAGE] RAMSpool worker probe[ok=4 sup=9 drop=0 fail=0 slow=0] device[ok=4 sup=0 drop=0 fail=0 slow=0] slowTotal=0 maxMs=0
[146091][I][STORAGE] RAMSpool prioEnq p0=0 p1=0 p2=17 p3=0
[146092][I][STORAGE] RAMSpool lanes p1=0/0 p2=0/2 p3=0/0
[159661][I][STORAGE] worker ui refresh serviced uiRefreshServiceCount=6 uiDeferred=22 uiFlush=5 pressure=0 usedPct=15 pending=2162
[164669][I][STORAGE] worker ui refresh serviced uiRefreshServiceCount=7 uiDeferred=30 uiFlush=6 pressure=0 usedPct=15 pending=2163
[176088][I][STACK] TaskHardware watermark=10832B min=10832B
[176090][I][HEAP] heap free=4538KB min=4438KB largest=4352KB frag=4% internalFree=70KB internalLargest=31KB psramFree=4468KB core=0/0% owner=WIFI_CAPTURE nets=1 pendingUpload=2163 pendingEnrich=2170
[HEALTH] time=2026-08-10 15:34:19 src=ntp
[HEALTH] heap used=3913/8451KB free=4538KB min=4438KB largest=4352KB frag=4%
[HEALTH] internal used=189/259KB free=70KB min=1KB largest=31KB
[HEALTH] psram used=3724/8192KB free=4468KB largest=4352KB
[HEALTH] stack free_min: core0=11KB/22KB core1=13KB/18KB
[HEALTH] core usage: core0=0% core1=0%
[HEALTH] power=usb state=usb batt=100% 4744mV trend=13mV/min runtime=0min cap=1100mAh charging=1
[HEALTH] radio=WIFI_CAPTURE wifi=0 ble=0 gps=0 nets=1 pendingUpload=2163 pendingEnrich=2170
[HEALTH] subghz=NONE mode=OFF pkts=0 nodes=0
[176092][I][STORAGE] RAMSpool enq=30 cons=30 inflight=0/1024 high=3 pressure=0 drop[full=0 big=0 noise=0 p3Evict=0 p3Drop=0 p2Drop=0 p1Fail=0] free=1024
[176093][I][STORAGE] RAMSpool enqueue probe[ok=24 drop=0] device[ok=6 drop=0]
[176093][I][STORAGE] RAMSpool worker probe[ok=4 sup=20 drop=0 fail=0 slow=0] device[ok=6 sup=0 drop=0 fail=0 slow=0] slowTotal=0 maxMs=0
[176093][I][STORAGE] RAMSpool prioEnq p0=0 p1=0 p2=30 p3=0
[176094][I][STORAGE] RAMSpool lanes p1=0/0 p2=0/2 p3=0/0
[199013][I][STORAGE] capture write allowed owner=WIFI_CAPTURE path=/events/counter.txt reason=capture_micro_idle ms=72 ok=1
[199105][I][STORAGE] capture write allowed owner=WIFI_CAPTURE path=/events/meta.json reason=capture_micro_idle ms=92 ok=1
[200270][I][STORAGE] capture write allowed owner=WIFI_CAPTURE path=/spool/index.json reason=capture_micro_idle ms=1140 ok=1
[200271][W][CORE] TaskHardware slow section=capture_storage_maintenance ms=1398 owner=WIFI_CAPTURE pendingUpload=2163 maintPending=0
[200281][W][CORE] TaskHardware loop gap=1409ms owner=WIFI_CAPTURE pendingUpload=2163 maintPending=0 suppressed=0
[200290][I][STORAGE] Routine maintenance requests coalesced count=2 latest=snapshot_lagged source=append_metadata_deferred flags=dirty_spool_index|snapshot_lagged
