=== capture opened 2026-08-10T15:49:56.5913860-05:00 ===
[24033][I][STORAGE] Spool repair start reason=maintenance_repair segs=72
[27782][I][FSAUDIT] pass done files=144 dirs=14 valid=144 invalid=0 legacy=0 forensic=0 tmp=0 unknown=0 vaulted=0 missing=0 skipped=0 actions del=0 quar=0 rebuild=0 salv=0 evict=0 skip=0 fail=0 spool_seg=72 maxS
[27878][I][STORAGE] fs_audit done mode=1 complete=1 files=144 invalid=0 tmp=0 missing=0 del=0 quar=0 rebuild=0 salv=0 evict=0 skip=0 fail=0 drift=0 ms=2546
[27982][I][STORAGE] Maintenance done reason=radio_owner_window actions=dirty_spool_index|dirty_summary|boot_safe_deferred_persist|snapshot_lagged|upload_enrich_cursor_dirty|segment_audit|fs_audit skipped=segment
[27982][I][STORAGE] RAMSpool worker resumed
[27983][I][STORAGE] Exclusive window end kind=maintenance result=capture_safe reason=radio_owner_window
[27983][I][STORAGE] maintenance owner window ms=8098 captureSafe=1 remaining=snapshot_lagged|segment_audit
[28141][I][WIFI] Radio suspended
[28142][W][CORE] TaskHardware loop gap=8521ms owner=STORAGE_MAINT pendingUpload=2163 maintPending=1 suppressed=0
[28146][I][STORAGE] RAMSpool worker paused inflight=0 lastInflight=0
[28147][I][STORAGE] Exclusive window begin kind=maintenance reason=radio_owner_window workerPaused=1 displaySuspended=1
[28148][I][STORAGE] Maintenance start reason=radio_owner_window budgetMs=5000 flags=snapshot_lagged|segment_audit captureSafe=1
[29624][I][STORAGE] worker ui refresh serviced uiRefreshServiceCount=1 uiDeferred=0 uiFlush=0 pressure=0 usedPct=16 pending=2163
[29625][W][STORAGE] worker metadata flush reason=radio_owner_window ms=1477 ok=1 dirty=1
[29625][I][STORAGE] worker metadata flush metadataFlushCount=2 reason=radio_owner_window entryMetadataDirtyPending=1 entryUiRefreshPending=0 metadataDirtyPending=1 uiDeferred=0 uiFlush=0 uiRefreshServiceCount=1 
[29765][I][STORAGE] Spool repair checkpoint seg=396 off=7262 records=32 events=32 enrich=0
[30030][I][STORAGE] Spool repair checkpoint seg=398 off=30293 records=134 events=134 enrich=0
[30200][I][STORAGE] Spool repair checkpoint seg=399 off=29765 records=131 events=131 enrich=0
[30359][I][STORAGE] Spool repair checkpoint seg=400 off=7253 records=32 events=32 enrich=0
[30759][I][STORAGE] Spool repair checkpoint seg=403 off=7477 records=33 events=33 enrich=0
[32021][I][STORAGE] Maintenance done reason=radio_owner_window actions=dirty_spool_index|boot_safe_deferred_persist|snapshot_lagged|upload_enrich_cursor_dirty|segment_audit skipped=segment_audit remaining=snapsh
[32022][I][STORAGE] RAMSpool worker resumed
[32023][I][STORAGE] Exclusive window end kind=maintenance result=capture_safe reason=radio_owner_window
[32024][I][STORAGE] maintenance owner window ms=3877 captureSafe=1 remaining=snapshot_lagged|segment_audit
[32183][I][WIFI] Radio suspended
[32188][I][STORAGE] RAMSpool worker paused inflight=0 lastInflight=0
[32188][I][STORAGE] Exclusive window begin kind=maintenance reason=radio_owner_window workerPaused=1 displaySuspended=1
[32188][I][STORAGE] Maintenance start reason=radio_owner_window budgetMs=5000 flags=snapshot_lagged|segment_audit captureSafe=1
[33840][I][STORAGE] Spool repair checkpoint seg=407 off=22343 records=99 events=99 enrich=0
[35854][I][STORAGE] Maintenance done reason=radio_owner_window actions=dirty_spool_index|boot_safe_deferred_persist|snapshot_lagged|upload_enrich_cursor_dirty|segment_audit skipped=segment_audit remaining=snapsh
[35855][I][STORAGE] RAMSpool worker resumed
[35855][I][STORAGE] Exclusive window end kind=maintenance result=capture_safe reason=radio_owner_window
[35855][I][STORAGE] maintenance owner window ms=3668 captureSafe=1 remaining=snapshot_lagged|segment_audit
[36014][I][WIFI] Radio suspended
[36018][I][STORAGE] RAMSpool worker paused inflight=0 lastInflight=0
[36019][I][STORAGE] Exclusive window begin kind=maintenance reason=radio_owner_window workerPaused=1 displaySuspended=1
[36020][I][STORAGE] Maintenance start reason=radio_owner_window budgetMs=5000 flags=snapshot_lagged|segment_audit captureSafe=1
[37623][I][STORAGE] Spool repair checkpoint seg=417 off=22081 records=98 events=98 enrich=0
[37750][I][STORAGE] Spool repair checkpoint seg=418 off=6757 records=32 events=32 enrich=0
[37919][I][STORAGE] Spool repair checkpoint seg=419 off=41192 records=193 events=193 enrich=0
[38033][I][STORAGE] Spool repair checkpoint seg=420 off=41088 records=192 events=192 enrich=0
[38146][I][STORAGE] Spool repair checkpoint seg=421 off=41431 records=194 events=194 enrich=0
[38258][I][STORAGE] Spool repair checkpoint seg=422 off=41168 records=192 events=192 enrich=0
[38354][I][STORAGE] Spool repair checkpoint seg=423 off=6885 records=32 events=32 enrich=0
[39639][I][STORAGE] Maintenance done reason=radio_owner_window actions=dirty_spool_index|boot_safe_deferred_persist|snapshot_lagged|upload_enrich_cursor_dirty|segment_audit skipped=segment_audit remaining=snapsh
[39640][I][STORAGE] RAMSpool worker resumed
[39641][I][STORAGE] Exclusive window end kind=maintenance result=capture_safe reason=radio_owner_window
[39642][I][STORAGE] maintenance owner window ms=3623 captureSafe=1 remaining=snapshot_lagged|segment_audit
[39801][I][WIFI] Radio suspended
[39802][W][CORE] TaskHardware loop gap=3787ms owner=STORAGE_MAINT pendingUpload=2163 maintPending=1 suppressed=2
[39806][I][STORAGE] RAMSpool worker paused inflight=0 lastInflight=0
[39807][I][STORAGE] Exclusive window begin kind=maintenance reason=radio_owner_window workerPaused=1 displaySuspended=1
[39807][I][STORAGE] Maintenance start reason=radio_owner_window budgetMs=5000 flags=snapshot_lagged|segment_audit captureSafe=1
[41448][I][STORAGE] Spool repair checkpoint seg=427 off=7454 records=32 events=32 enrich=0
[41642][I][STORAGE] Spool repair checkpoint seg=428 off=31203 records=1013 events=9 enrich=1004
[41799][I][STORAGE] Spool repair checkpoint seg=429 off=16084 records=694 events=0 enrich=694
[41932][I][STORAGE] Spool repair checkpoint seg=430 off=7453 records=32 events=32 enrich=0
[43631][I][STORAGE] Maintenance done reason=radio_owner_window actions=dirty_spool_index|boot_safe_deferred_persist|snapshot_lagged|upload_enrich_cursor_dirty|segment_audit skipped=segment_audit remaining=snapsh
[43632][I][STORAGE] RAMSpool worker resumed
[43632][I][STORAGE] Exclusive window end kind=maintenance result=capture_safe reason=radio_owner_window
[43633][I][STORAGE] maintenance owner window ms=3826 captureSafe=1 remaining=snapshot_lagged|segment_audit
[43791][I][WIFI] Radio suspended
[43795][I][STORAGE] RAMSpool worker paused inflight=0 lastInflight=0
[43795][I][STORAGE] Exclusive window begin kind=maintenance reason=radio_owner_window workerPaused=1 displaySuspended=1
[43796][I][STORAGE] Maintenance start reason=radio_owner_window budgetMs=5000 flags=snapshot_lagged|segment_audit captureSafe=1
[45407][I][STORAGE] Spool repair checkpoint seg=436 off=1732 records=22 events=4 enrich=18
[47215][I][STORAGE] Maintenance done reason=radio_owner_window actions=dirty_spool_index|boot_safe_deferred_persist|snapshot_lagged|upload_enrich_cursor_dirty|segment_audit skipped=segment_audit remaining=snapsh
[47216][I][STORAGE] RAMSpool worker resumed
[47217][I][STORAGE] Exclusive window end kind=maintenance result=capture_safe reason=radio_owner_window
[47218][I][STORAGE] maintenance owner window ms=3422 captureSafe=1 remaining=snapshot_lagged|segment_audit
[47377][I][WIFI] Radio suspended
[47381][I][STORAGE] RAMSpool worker paused inflight=0 lastInflight=0
[47381][I][STORAGE] Exclusive window begin kind=maintenance reason=radio_owner_window workerPaused=1 displaySuspended=1
[47382][I][STORAGE] Maintenance start reason=radio_owner_window budgetMs=5000 flags=snapshot_lagged|segment_audit captureSafe=1
[49652][I][STORAGE] Spool repair checkpoint seg=445 off=9287 records=55 events=37 enrich=18
[50060][I][STORAGE] Spool repair checkpoint seg=448 off=1035 records=20 events=2 enrich=18
[51323][I][STORAGE] Maintenance done reason=radio_owner_window actions=dirty_spool_index|boot_safe_deferred_persist|snapshot_lagged|upload_enrich_cursor_dirty|segment_audit skipped=segment_audit remaining=snapsh
[51324][I][STORAGE] RAMSpool worker resumed
[51324][I][STORAGE] Exclusive window end kind=maintenance result=capture_safe reason=radio_owner_window
[51325][I][STORAGE] maintenance owner window ms=3944 captureSafe=1 remaining=snapshot_lagged|segment_audit
[51485][I][WIFI] Radio suspended
[51486][W][CORE] TaskHardware loop gap=4108ms owner=STORAGE_MAINT pendingUpload=2163 maintPending=1 suppressed=2
[51489][I][STORAGE] RAMSpool worker paused inflight=0 lastInflight=0
[51490][I][STORAGE] Exclusive window begin kind=maintenance reason=radio_owner_window workerPaused=1 displaySuspended=1
[51490][I][STORAGE] Maintenance start reason=radio_owner_window budgetMs=5000 flags=snapshot_lagged|segment_audit captureSafe=1
[53300][I][STORAGE] Spool repair checkpoint seg=454 off=589 records=2 events=2 enrich=0
[55112][I][STORAGE] Maintenance done reason=radio_owner_window actions=dirty_spool_index|boot_safe_deferred_persist|snapshot_lagged|upload_enrich_cursor_dirty|segment_audit skipped=segment_audit remaining=snapsh
[55113][I][STORAGE] RAMSpool worker resumed
[55113][I][STORAGE] Exclusive window end kind=maintenance result=capture_safe reason=radio_owner_window
[55114][I][STORAGE] maintenance owner window ms=3625 captureSafe=1 remaining=snapshot_lagged|segment_audit
[55274][I][WIFI] Radio suspended
[55278][I][STORAGE] RAMSpool worker paused inflight=0 lastInflight=0
[55278][I][STORAGE] Exclusive window begin kind=maintenance reason=radio_owner_window workerPaused=1 displaySuspended=1
[55279][I][STORAGE] Maintenance start reason=radio_owner_window budgetMs=5000 flags=snapshot_lagged|segment_audit captureSafe=1
[57805][W][STORAGE] Spool repair slow reason=maintenance_repair segs=71 recs=1011 ms=33772
[57806][I][STORAGE] Spool audit[maintenance_repair] scannedSegs=71 scannedRecords=1011 validEvents=668 uploadedRetained=0 validEnrichDeltas=343 invalidRecords=0 skippedRecords=0 quarantined=0 unreadable=0 pendin
=== send: companion link ===
[59475][W][STORAGE] worker metadata flush reason=radio_owner_window ms=1248 ok=1 dirty=0
[59476][I][STORAGE] worker metadata flush metadataFlushCount=17 reason=radio_owner_window entryMetadataDirtyPending=1 entryUiRefreshPending=0 metadataDirtyPending=0 uiDeferred=0 uiFlush=0 uiRefreshServiceCount=1
[60308][I][STORAGE] Maintenance continuity log wrote clean=1 reason=radio_owner_window completed=dirty_spool_index|boot_safe_deferred_persist|snapshot_lagged|upload_enrich_cursor_dirty|segment_audit remaining=no
[60309][I][STORAGE] Maintenance done reason=radio_owner_window actions=dirty_spool_index|boot_safe_deferred_persist|snapshot_lagged|upload_enrich_cursor_dirty|segment_audit|continuity_pass skipped=none remaining
[60309][I][STORAGE] RAMSpool worker resumed
[60310][I][STORAGE] Exclusive window end kind=maintenance result=capture_safe reason=radio_owner_window
[60311][I][STORAGE] maintenance owner window ms=5032 captureSafe=1 remaining=none
[60413][I][WIFI] Promiscuous: YES
[60414][I][WIFI] Promiscuous mode started data=0
companion link
[COMP] persistent link queued
[60530][I][COMP] Persistent link request received; holding until release
[60531][I][WIFI] Radio paused
[60692][I][WIFI] Radio suspended
[60693][I][BLE] BLE payload buffers in PSRAM bytes=6276
[60768][I][BLE] begin phase=nimble_pre bt=idle/0 heap=108300 largest=36852 stack=10788 devLen=14
[60768][I][BLE] begin phase=nimble_init
[60778][I][BLE] begin phase=nimble_init_ok bt=enabled/2 heap=45304 largest=31732 stack=10788
[60779][I][BLE] BLE SM disabled; app-layer P-256/AES-GCM required
[60780][I][BLE] begin phase=server_ok
[60780][I][BLE] scanner configured legacy=1 active=0 interval=30 window=30 srTimeout=200
[60781][I][BLE] begin phase=scanner_ok
[60781][I][BLE] begin phase=worker_ok
[60781][I][BLE] begin ready
[60781][I][BLE] radio enabled settle=500ms
[60783][I][BLE] advertising start
[60784][I][BLE] companion link requested reason=manual_probe mode=fresh_scan timeout=15s settle=500ms cacheAge=0ms rssi=0
[60841][I][BLE] Phone probe lease granted reason=manual_probe cachedFirst=0 hold=60000ms
[60843][I][STACK] TaskHardware watermark=10788B min=10788B
[60845][I][HEAP] heap free=4544KB min=4479KB largest=4480KB frag=1% internalFree=42KB internalLargest=31KB psramFree=4503KB core=0/0% owner=BLE_GPS nets=0 pendingUpload=2169 pendingEnrich=2176
[HEALTH] time=2026-08-10 15:49:44 src=ntp
[HEALTH] heap used=3907/8451KB free=4544KB min=4479KB largest=4480KB frag=1%
[HEALTH] internal used=217/259KB free=42KB min=42KB largest=31KB
[HEALTH] psram used=3689/8192KB free=4503KB largest=4480KB
[HEALTH] stack free_min: core0=11KB/22KB core1=13KB/18KB
[HEALTH] core usage: core0=0% core1=0%
[HEALTH] power=usb state=usb batt=100% 4708mV trend=-18mV/min runtime=0min cap=1100mAh charging=0
[HEALTH] radio=BLE_GPS wifi=0 ble=0 gps=0 nets=0 pendingUpload=2169 pendingEnrich=2176
[HEALTH] subghz=NONE mode=OFF pkts=0 nodes=0
[60847][I][STORAGE] RAMSpool enq=0 cons=0 inflight=0/1024 high=0 pressure=0 drop[full=0 big=0 noise=0 p3Evict=0 p3Drop=0 p2Drop=0 p1Fail=0] free=1024
[60847][I][STORAGE] RAMSpool enqueue probe[ok=0 drop=0] device[ok=0 drop=0]
[60848][I][STORAGE] RAMSpool worker probe[ok=0 sup=0 drop=0 fail=0 slow=0] device[ok=0 sup=0 drop=0 fail=0 slow=0] slowTotal=0 maxMs=0
[60848][I][STORAGE] RAMSpool prioEnq p0=0 p1=0 p2=0 p3=0
[60848][I][STORAGE] RAMSpool lanes p1=0/0 p2=0/0 p3=0/0
[61310][I][BLE] scan start
[61311][I][BLE] scan start diag=1 deliverDuplicates=1 diagLeft=44471 state=1 window=8000ms weakRecent=0 lastRssi=0
[61427][I][BLE] target found matchedBy=service cachePeer=0 addr=6a:66:a7:6d:bb:04 name=SpectrePhone rssi=-55
[61428][I][BLE] target found matchedBy=service cachePeer=0 addr=6a:66:a7:6d:bb:04 name=SpectrePhone rssi=-55
[61466][I][BLE] scan stop; connect pending addr=6a:66:a7:6d:bb:04
[61779][I][BLE] connect pending settled addr=6a:66:a7:6d:bb:04
[61779][I][BLE] connect attempt addr=6a:66:a7:6d:bb:04 name=SpectrePhone
[61781][I][BLE] connect params timeoutMs=45000 scanItvl=16 scanWin=16 addrType=1
[62031][I][BLE] connect result ok=1 err=0 addr=6a:66:a7:6d:bb:04
[62031][I][BLE] BLE link connected; starting app-layer auth watchdog=50000ms
[62032][I][BLE] remote service lookup begin core=1 internalFree=42640 largest=31732
[62075][I][BLE] remote service lookup end found=1 err=0
[62075][I][BLE] remote characteristic discovery begin
[62164][I][BLE] remote characteristic discovery end count=13 err=0
[62195][I][BLE] remote descriptor discovery char=auth count=2 err=0
[62195][I][BLE] auth notify subscribe begin
[62224][I][BLE] auth notify subscribe end ok=1 err=0
[62534][I][BLE] auth challenge write bytes=163 mtu=247 attPayload=244 mode=response
[63453][I][BLE] app secure session ready alg=P-256+ECDH+AES-256-GCM
[63453][I][BLE] phone auth confirmed; caching peer addr=6a:66:a7:6d:bb:04 ttl=300000ms rssi=-55
[63487][I][BLE] remote descriptor discovery char=enrichment count=2 err=0
[63560][I][BLE] remote descriptor discovery char=command_req count=2 err=0
[63680][I][BLE] remote bound gps=1 ctrl=1 meta=1 batch=1 enrich=1 auth=1 authReq=1 storage=1 cmdReq=1 cmdResp=1 logStream=1 dashStream=1 notification=1 notify(gps=0 ctrl=0 enrich=1 auth=1 cmdReq=1) mtu=247 a
[63680][I][BLE] probe_summary seen=1 matchedBy=service rssi=-55 scanMs=2144
[63681][I][BLE] phone_session_summary auth=ok mtu=247 gps=1 ctrl=1 enrich=1 storage=1
[63709][I][BLE] storage snapshot sent pendingUp=0/2169 pendingEnrich=0/2176 usedPct=16
[63714][I][BLE] Phone probe succeeded ??? backoff reset
[63715][I][BLE] Persistent companion link established
[63786][I][BLE] link ready state=4
[90809][I][BLE] worker stack free=7452B min=7452B
[90850][I][STACK] TaskHardware watermark=10788B min=10788B
[90852][I][HEAP] heap free=4494KB min=4473KB largest=4352KB frag=3% internalFree=38KB internalLargest=30KB psramFree=4456KB core=0/0% owner=BLE_GPS nets=0 pendingUpload=2169 pendingEnrich=2176
[HEALTH] time=2026-08-10 15:50:14 src=ntp
[HEALTH] heap used=3957/8451KB free=4494KB min=4473KB largest=4352KB frag=3%
[HEALTH] internal used=221/259KB free=38KB min=35KB largest=30KB
[HEALTH] psram used=3736/8192KB free=4456KB largest=4352KB
[HEALTH] stack free_min: core0=11KB/22KB core1=13KB/18KB
[HEALTH] core usage: core0=0% core1=0%
[HEALTH] power=usb state=usb batt=100% 4765mV trend=38mV/min runtime=0min cap=1100mAh charging=1
[HEALTH] radio=BLE_GPS wifi=0 ble=1 gps=0 nets=0 pendingUpload=2169 pendingEnrich=2176
[HEALTH] subghz=NONE mode=OFF pkts=0 nodes=0
[90854][I][STORAGE] RAMSpool enq=0 cons=0 inflight=0/1024 high=0 pressure=0 drop[full=0 big=0 noise=0 p3Evict=0 p3Drop=0 p2Drop=0 p1Fail=0] free=1024
[90855][I][STORAGE] RAMSpool enqueue probe[ok=0 drop=0] device[ok=0 drop=0]
[90855][I][STORAGE] RAMSpool worker probe[ok=0 sup=0 drop=0 fail=0 slow=0] device[ok=0 sup=0 drop=0 fail=0 slow=0] slowTotal=0 maxMs=0
[90855][I][STORAGE] RAMSpool prioEnq p0=0 p1=0 p2=0 p3=0
[90856][I][STORAGE] RAMSpool lanes p1=0/0 p2=0/0 p3=0/0
[104220][I][STORAGE] RAMSpool worker paused inflight=0 lastInflight=0
[104220][I][OFFLOAD] begin preparing index asynchronously
[104220][I][STORAGE] Exclusive window begin kind=enrichment reason=phone_offload_prepare workerPaused=1 displaySuspended=1
[104221][I][CMD] op=0x30 reqid=1 status=4 payload=0 elapsedMs=1
[104221][I][STORAGE] Upload index rebuild begin pending=2169 window=8192 heapFree=4592716 largest=4456436
[104646][I][STORAGE] Upload index rebuild progress segs=25 indexed=733 window=8192 heapFree=4512924 largest=4456436
[104993][I][CMD] op=0x30 reqid=2 status=4 payload=0 elapsedMs=0
[105107][W][STORAGE] Upload index sidecar stale seg=428 reason=coverage max=30657 last=31661 pending=9
[105108][I][STORAGE] Maintenance requested reason=dirty_spool_index source=upload_index_sidecar_coverage flags=dirty_spool_index
[105922][I][CMD] op=0x30 reqid=3 status=4 payload=0 elapsedMs=0
[106843][I][CMD] op=0x30 reqid=4 status=4 payload=0 elapsedMs=1
[107757][I][CMD] op=0x30 reqid=5 status=4 payload=0 elapsedMs=1
[108011][I][STORAGE] Upload index rebuild progress segs=50 indexed=1943 window=8192 heapFree=4227020 largest=4194292
[108181][W][STORAGE] Upload index sidecar stale seg=445 reason=coverage max=32861 last=32879 pending=37
[108686][I][CMD] op=0x30 reqid=6 status=4 payload=0 elapsedMs=0
[108749][W][STORAGE] Upload index sidecar stale seg=448 reason=coverage max=32894 last=32912 pending=2
[109607][I][CMD] op=0x30 reqid=7 status=4 payload=0 elapsedMs=0
[110134][I][STORAGE] Upload window rebuild accepted indexed=2169 window=8192 pending=2169 sessions=52 skipped=0 failedSegs=0 sidecarLoaded=67 sidecarStale=4 truncated=0 heapFree=4167936 largest=4128756
[110135][I][STORAGE] Upload stream prepare index built ok=1 resident=1 ms=5914
[110135][I][STORAGE] Upload stream prepare ready=1 pending=2169 budgetMs=45000 ms=5914 internalFree=16868 internalLargest=7156 psramFree=4151068
[110136][I][STORAGE] RAMSpool worker resumed
[110136][I][STORAGE] Exclusive window end kind=enrichment result=index_ready reason=phone_offload_prepare
[110136][I][OFFLOAD] index preparation complete ok=1 resident=1
[110551][I][STORAGE] Upload batch open; deferring watermark flush
[110551][I][OFFLOAD] begin transfer=1 pending=2169 indexed=2169 sessions=52 truncated=0
[110552][I][CMD] op=0x30 reqid=8 status=0 payload=12 elapsedMs=1
[110707][I][STORAGE] RAMSpool worker paused inflight=0 lastInflight=0
[110707][I][STORAGE] Exclusive window begin kind=enrichment reason=phone_offload_fetch workerPaused=1 displaySuspended=1
[110738][I][STORAGE] RAMSpool worker resumed
[110738][I][STORAGE] Exclusive window end kind=enrichment result=fetched reason=phone_offload_fetch
[110740][I][CMD] op=0x31 reqid=9 status=0 payload=192 elapsedMs=34
[110892][I][CMD] op=0x31 reqid=10 status=0 payload=192 elapsedMs=0
[111044][I][CMD] op=0x31 reqid=11 status=0 payload=52 elapsedMs=0
[111205][I][OFFLOAD] ack transfer=1 event=28854 pending=2168
[111205][I][STORAGE] RAMSpool worker paused inflight=0 lastInflight=0
[111206][I][STORAGE] Exclusive window begin kind=enrichment reason=phone_offload_fetch workerPaused=1 displaySuspended=1
[111209][I][STORAGE] RAMSpool worker resumed
[111210][I][STORAGE] Exclusive window end kind=enrichment result=fetched reason=phone_offload_fetch
[111211][I][CMD] op=0x31 reqid=12 status=0 payload=192 elapsedMs=14
[111373][I][CMD] op=0x31 reqid=13 status=0 payload=192 elapsedMs=0
[111525][I][CMD] op=0x31 reqid=14 status=0 payload=41 elapsedMs=0
[111687][I][OFFLOAD] ack transfer=1 event=28855 pending=2167
[111687][I][STORAGE] RAMSpool worker paused inflight=0 lastInflight=0
[111688][I][STORAGE] Exclusive window begin kind=enrichment reason=phone_offload_fetch workerPaused=1 displaySuspended=1
[111691][I][STORAGE] RAMSpool worker resumed
[111691][I][STORAGE] Exclusive window end kind=enrichment result=fetched reason=phone_offload_fetch
[111693][I][CMD] op=0x31 reqid=15 status=0 payload=192 elapsedMs=14
[111855][I][CMD] op=0x31 reqid=16 status=0 payload=192 elapsedMs=0
[112017][I][CMD] op=0x31 reqid=17 status=0 payload=30 elapsedMs=0
[112178][I][OFFLOAD] ack transfer=1 event=28856 pending=2166
[112178][I][STORAGE] RAMSpool worker paused inflight=0 lastInflight=0
[112179][I][STORAGE] Exclusive window begin kind=enrichment reason=phone_offload_fetch workerPaused=1 displaySuspended=1
[112182][I][STORAGE] RAMSpool worker resumed
[112182][I][STORAGE] Exclusive window end kind=enrichment result=fetched reason=phone_offload_fetch
[112184][I][CMD] op=0x31 reqid=18 status=0 payload=192 elapsedMs=14
[112336][I][CMD] op=0x31 reqid=19 status=0 payload=192 elapsedMs=0
[112496][I][STORAGE] Segment lifecycle seg=390 partially_uploaded->fully_uploaded trust=trusted pending=0
[112496][I][OFFLOAD] ack transfer=1 event=28857 pending=2165
[112497][I][STORAGE] RAMSpool worker paused inflight=0 lastInflight=0
[112497][I][STORAGE] Exclusive window begin kind=enrichment reason=phone_offload_fetch workerPaused=1 displaySuspended=1
[112497][I][STORAGE] RAMSpool worker resumed
[112498][I][STORAGE] Exclusive window end kind=enrichment result=fetched reason=phone_offload_fetch
[112498][I][STORAGE] RAMSpool worker paused inflight=0 lastInflight=0
[112498][I][STORAGE] Exclusive window begin kind=enrichment reason=phone_offload_fetch workerPaused=1 displaySuspended=1
[112529][I][STORAGE] RAMSpool worker resumed
[112529][I][STORAGE] Exclusive window end kind=enrichment result=fetched reason=phone_offload_fetch
[112531][I][CMD] op=0x31 reqid=20 status=0 payload=192 elapsedMs=43
[112686][I][CMD] op=0x31 reqid=21 status=0 payload=192 elapsedMs=0
[112838][I][CMD] op=0x31 reqid=22 status=0 payload=30 elapsedMs=0
[112998][I][STORAGE] Segment lifecycle seg=391 indexed->partially_uploaded trust=trusted pending=14
[112998][I][OFFLOAD] ack transfer=1 event=28858 pending=2164
[112999][I][STORAGE] RAMSpool worker paused inflight=0 lastInflight=0
[112999][I][STORAGE] Exclusive window begin kind=enrichment reason=phone_offload_fetch workerPaused=1 displaySuspended=1
[113003][I][STORAGE] RAMSpool worker resumed
[113003][I][STORAGE] Exclusive window end kind=enrichment result=fetched reason=phone_offload_fetch
[113005][I][CMD] op=0x31 reqid=23 status=0 payload=192 elapsedMs=15
[113158][I][CMD] op=0x31 reqid=24 status=0 payload=192 elapsedMs=0
[113310][I][CMD] op=0x31 reqid=25 status=0 payload=39 elapsedMs=0
[113470][I][OFFLOAD] ack transfer=1 event=28859 pending=2163
[113470][I][STORAGE] RAMSpool worker paused inflight=0 lastInflight=0
[113471][I][STORAGE] Exclusive window begin kind=enrichment reason=phone_offload_fetch workerPaused=1 displaySuspended=1
[113474][I][STORAGE] RAMSpool worker resumed
[113474][I][STORAGE] Exclusive window end kind=enrichment result=fetched reason=phone_offload_fetch
[113476][I][CMD] op=0x31 reqid=26 status=0 payload=192 elapsedMs=14
[113631][I][CMD] op=0x31 reqid=27 status=0 payload=192 elapsedMs=0
[113783][I][CMD] op=0x31 reqid=28 status=0 payload=30 elapsedMs=0
[113943][I][OFFLOAD] ack transfer=1 event=28860 pending=2162
[113943][I][STORAGE] RAMSpool worker paused inflight=0 lastInflight=0
[113943][I][STORAGE] Exclusive window begin kind=enrichment reason=phone_offload_fetch workerPaused=1 displaySuspended=1
[113947][I][STORAGE] RAMSpool worker resumed
[113947][I][STORAGE] Exclusive window end kind=enrichment result=fetched reason=phone_offload_fetch
[113949][I][CMD] op=0x31 reqid=29 status=0 payload=192 elapsedMs=14
[114111][I][CMD] op=0x31 reqid=30 status=0 payload=192 elapsedMs=0
[114273][I][CMD] op=0x31 reqid=31 status=0 payload=45 elapsedMs=0
[114433][I][OFFLOAD] ack transfer=1 event=28861 pending=2161
[114433][I][STORAGE] RAMSpool worker paused inflight=0 lastInflight=0
[114433][I][STORAGE] Exclusive window begin kind=enrichment reason=phone_offload_fetch workerPaused=1 displaySuspended=1
[114437][I][STORAGE] RAMSpool worker resumed
[114437][I][STORAGE] Exclusive window end kind=enrichment result=fetched reason=phone_offload_fetch
[114439][I][CMD] op=0x31 reqid=32 status=0 payload=192 elapsedMs=14
[114591][I][CMD] op=0x31 reqid=33 status=0 payload=191 elapsedMs=0
[114753][I][OFFLOAD] ack transfer=1 event=28862 pending=2160
[114753][I][STORAGE] RAMSpool worker paused inflight=0 lastInflight=0
[114753][I][STORAGE] Exclusive window begin kind=enrichment reason=phone_offload_fetch workerPaused=1 displaySuspended=1
[114757][I][STORAGE] RAMSpool worker resumed
[114757][I][STORAGE] Exclusive window end kind=enrichment result=fetched reason=phone_offload_fetch
[114759][I][CMD] op=0x31 reqid=34 status=0 payload=192 elapsedMs=14
[114911][I][CMD] op=0x31 reqid=35 status=0 payload=192 elapsedMs=0
[115063][I][CMD] op=0x31 reqid=36 status=0 payload=30 elapsedMs=0
[115224][I][OFFLOAD] ack transfer=1 event=28863 pending=2159
[115224][I][STORAGE] RAMSpool worker paused inflight=0 lastInflight=0
[115224][I][STORAGE] Exclusive window begin kind=enrichment reason=phone_offload_fetch workerPaused=1 displaySuspended=1
[115228][I][STORAGE] RAMSpool worker resumed
[115228][I][STORAGE] Exclusive window end kind=enrichment result=fetched reason=phone_offload_fetch
[115230][I][CMD] op=0x31 reqid=37 status=0 payload=192 elapsedMs=14
[115382][I][CMD] op=0x31 reqid=38 status=0 payload=191 elapsedMs=0
[115542][I][OFFLOAD] ack transfer=1 event=28864 pending=2158
[115542][I][STORAGE] RAMSpool worker paused inflight=0 lastInflight=0
[115543][I][STORAGE] Exclusive window begin kind=enrichment reason=phone_offload_fetch workerPaused=1 displaySuspended=1
[115546][I][STORAGE] RAMSpool worker resumed
[115546][I][STORAGE] Exclusive window end kind=enrichment result=fetched reason=phone_offload_fetch
[115548][I][CMD] op=0x31 reqid=39 status=0 payload=192 elapsedMs=14
[115703][I][CMD] op=0x31 reqid=40 status=0 payload=192 elapsedMs=0
[115855][I][CMD] op=0x31 reqid=41 status=0 payload=30 elapsedMs=0
[116015][I][OFFLOAD] ack transfer=1 event=28865 pending=2157
[116015][I][STORAGE] RAMSpool worker paused inflight=0 lastInflight=0
[116016][I][STORAGE] Exclusive window begin kind=enrichment reason=phone_offload_fetch workerPaused=1 displaySuspended=1
[116019][I][STORAGE] RAMSpool worker resumed
[116019][I][STORAGE] Exclusive window end kind=enrichment result=fetched reason=phone_offload_fetch
[116021][I][CMD] op=0x31 reqid=42 status=0 payload=192 elapsedMs=14
[116173][I][CMD] op=0x31 reqid=43 status=0 payload=191 elapsedMs=0
[116333][I][OFFLOAD] ack transfer=1 event=28866 pending=2156
[116333][I][STORAGE] RAMSpool worker paused inflight=0 lastInflight=0
[116334][I][STORAGE] Exclusive window begin kind=enrichment reason=phone_offload_fetch workerPaused=1 displaySuspended=1
[116337][I][STORAGE] RAMSpool worker resumed
[116337][I][STORAGE] Exclusive window end kind=enrichment result=fetched reason=phone_offload_fetch
[116339][I][CMD] op=0x31 reqid=44 status=0 payload=192 elapsedMs=14
[116492][I][CMD] op=0x31 reqid=45 status=0 payload=192 elapsedMs=0
[116647][I][CMD] op=0x31 reqid=46 status=0 payload=30 elapsedMs=0
[116807][I][OFFLOAD] ack transfer=1 event=28867 pending=2155
[116807][I][STORAGE] RAMSpool worker paused inflight=0 lastInflight=0
[116807][I][STORAGE] Exclusive window begin kind=enrichment reason=phone_offload_fetch workerPaused=1 displaySuspended=1
[116811][I][STORAGE] RAMSpool worker resumed
[116811][I][STORAGE] Exclusive window end kind=enrichment result=fetched reason=phone_offload_fetch
[116813][I][CMD] op=0x31 reqid=47 status=0 payload=192 elapsedMs=14
[116965][I][CMD] op=0x31 reqid=48 status=0 payload=192 elapsedMs=0
[117117][I][CMD] op=0x31 reqid=49 status=0 payload=30 elapsedMs=0
[117277][I][OFFLOAD] ack transfer=1 event=28868 pending=2154
[117277][I][STORAGE] RAMSpool worker paused inflight=0 lastInflight=0
[117278][I][STORAGE] Exclusive window begin kind=enrichment reason=phone_offload_fetch workerPaused=1 displaySuspended=1
[117281][I][STORAGE] RAMSpool worker resumed
[117281][I][STORAGE] Exclusive window end kind=enrichment result=fetched reason=phone_offload_fetch
[117283][I][CMD] op=0x31 reqid=50 status=0 payload=192 elapsedMs=14
[117435][I][CMD] op=0x31 reqid=51 status=0 payload=192 elapsedMs=0
[117595][I][OFFLOAD] ack transfer=1 event=28869 pending=2153
[117595][I][STORAGE] RAMSpool worker paused inflight=0 lastInflight=0
[117596][I][STORAGE] Exclusive window begin kind=enrichment reason=phone_offload_fetch workerPaused=1 displaySuspended=1
[117599][I][STORAGE] RAMSpool worker resumed
[117599][I][STORAGE] Exclusive window end kind=enrichment result=fetched reason=phone_offload_fetch
[117601][I][CMD] op=0x31 reqid=52 status=0 payload=192 elapsedMs=14
[117756][I][CMD] op=0x31 reqid=53 status=0 payload=192 elapsedMs=0
[117908][I][CMD] op=0x31 reqid=54 status=0 payload=44 elapsedMs=0
[118068][I][OFFLOAD] ack transfer=1 event=28870 pending=2152
[118068][I][STORAGE] RAMSpool worker paused inflight=0 lastInflight=0
[118068][I][STORAGE] Exclusive window begin kind=enrichment reason=phone_offload_fetch workerPaused=1 displaySuspended=1
[118072][I][STORAGE] RAMSpool worker resumed
[118072][I][STORAGE] Exclusive window end kind=enrichment result=fetched reason=phone_offload_fetch
[118074][I][CMD] op=0x31 reqid=55 status=0 payload=192 elapsedMs=14
[118227][I][CMD] op=0x31 reqid=56 status=0 payload=192 elapsedMs=0
[118379][I][CMD] op=0x31 reqid=57 status=0 payload=30 elapsedMs=0
[118539][I][OFFLOAD] ack transfer=1 event=28871 pending=2151
[118539][I][STORAGE] RAMSpool worker paused inflight=0 lastInflight=0
[118540][I][STORAGE] Exclusive window begin kind=enrichment reason=phone_offload_fetch workerPaused=1 displaySuspended=1
[118543][I][STORAGE] RAMSpool worker resumed
[118543][I][STORAGE] Exclusive window end kind=enrichment result=fetched reason=phone_offload_fetch
[118545][I][CMD] op=0x31 reqid=58 status=0 payload=192 elapsedMs=14
[118699][I][CMD] op=0x31 reqid=59 status=0 payload=192 elapsedMs=0
[118851][I][CMD] op=0x31 reqid=60 status=0 payload=45 elapsedMs=0
[119011][I][STORAGE] Segment lifecycle seg=391 partially_uploaded->fully_uploaded trust=trusted pending=0
[119011][I][OFFLOAD] ack transfer=1 event=28872 pending=2150
[119011][I][STORAGE] RAMSpool worker paused inflight=0 lastInflight=0
[119012][I][STORAGE] Exclusive window begin kind=enrichment reason=phone_offload_fetch workerPaused=1 displaySuspended=1
[119012][I][STORAGE] RAMSpool worker resumed
[119012][I][STORAGE] Exclusive window end kind=enrichment result=fetched reason=phone_offload_fetch
[119013][I][STORAGE] RAMSpool worker paused inflight=0 lastInflight=0
[119013][I][STORAGE] Exclusive window begin kind=enrichment reason=phone_offload_fetch workerPaused=1 displaySuspended=1
[119044][I][STORAGE] RAMSpool worker resumed
[119044][I][STORAGE] Exclusive window end kind=enrichment result=fetched reason=phone_offload_fetch
[119046][I][CMD] op=0x31 reqid=61 status=0 payload=192 elapsedMs=43
[119199][I][CMD] op=0x31 reqid=62 status=0 payload=192 elapsedMs=0
[119351][I][CMD] op=0x31 reqid=63 status=0 payload=30 elapsedMs=0
[119511][I][STORAGE] Segment lifecycle seg=392 indexed->partially_uploaded trust=trusted pending=16
[119511][I][OFFLOAD] ack transfer=1 event=28873 pending=2149
[119512][I][STORAGE] RAMSpool worker paused inflight=0 lastInflight=0
[119512][I][STORAGE] Exclusive window begin kind=enrichment reason=phone_offload_fetch workerPaused=1 displaySuspended=1
[119516][I][STORAGE] RAMSpool worker resumed
[119516][I][STORAGE] Exclusive window end kind=enrichment result=fetched reason=phone_offload_fetch
[119518][I][CMD] op=0x31 reqid=64 status=0 payload=192 elapsedMs=15
[119672][I][CMD] op=0x31 reqid=65 status=0 payload=192 elapsedMs=0
[119834][I][CMD] op=0x31 reqid=66 status=0 payload=45 elapsedMs=0
[119994][I][OFFLOAD] ack transfer=1 event=28874 pending=2148
[119994][I][STORAGE] RAMSpool worker paused inflight=0 lastInflight=0
[119995][I][STORAGE] Exclusive window begin kind=enrichment reason=phone_offload_fetch workerPaused=1 displaySuspended=1
[119998][I][STORAGE] RAMSpool worker resumed
[119998][I][STORAGE] Exclusive window end kind=enrichment result=fetched reason=phone_offload_fetch
[120000][I][CMD] op=0x31 reqid=67 status=0 payload=192 elapsedMs=14
[120153][I][CMD] op=0x31 reqid=68 status=0 payload=191 elapsedMs=0
[120544][I][OFFLOAD] ack transfer=1 event=28875 pending=2147
[120545][I][STORAGE] RAMSpool worker paused inflight=0 lastInflight=0
[120545][I][STORAGE] Exclusive window begin kind=enrichment reason=phone_offload_fetch workerPaused=1 displaySuspended=1
[120549][I][STORAGE] RAMSpool worker resumed
[120549][I][STORAGE] Exclusive window end kind=enrichment result=fetched reason=phone_offload_fetch
[120551][I][CMD] op=0x31 reqid=69 status=0 payload=192 elapsedMs=15
[120706][I][CMD] op=0x31 reqid=70 status=0 payload=192 elapsedMs=0
[120858][I][STACK] TaskHardware watermark=10788B min=10788B
[120863][I][HEAP] heap free=4070KB min=4056KB largest=4032KB frag=0% internalFree=17KB internalLargest=8KB psramFree=4054KB core=10/13% owner=BLE_GPS nets=0 pendingUpload=2147 pendingEnrich=2176
[HEALTH] time=2026-08-10 15:50:44 src=ntp
[HEALTH] heap used=4381/8451KB free=4070KB min=4056KB largest=4032KB frag=0%
[HEALTH] internal used=242/259KB free=17KB min=2KB largest=8KB
[HEALTH] psram used=4138/8192KB free=4054KB largest=4032KB
[HEALTH] stack free_min: core0=11KB/22KB core1=13KB/18KB
[HEALTH] core usage: core0=10% core1=13%
[HEALTH] power=usb state=usb batt=100% 4763mV trend=26mV/min runtime=0min cap=1100mAh charging=1
[HEALTH] radio=BLE_GPS wifi=0 ble=1 gps=0 nets=0 pendingUpload=2147 pendingEnrich=2176
[HEALTH] subghz=NONE mode=OFF pkts=0 nodes=0
[120865][I][STORAGE] RAMSpool enq=0 cons=0 inflight=0/1024 high=0 pressure=0 drop[full=0 big=0 noise=0 p3Evict=0 p3Drop=0 p2Drop=0 p1Fail=0] free=1024
[120866][I][STORAGE] RAMSpool enqueue probe[ok=0 drop=0] device[ok=0 drop=0]
[120866][I][STORAGE] RAMSpool worker probe[ok=0 sup=0 drop=0 fail=0 slow=0] device[ok=0 sup=0 drop=0 fail=0 slow=0] slowTotal=0 maxMs=0
[120867][I][STORAGE] RAMSpool prioEnq p0=0 p1=0 p2=0 p3=0
[120867][I][STORAGE] RAMSpool lanes p1=0/0 p2=0/0 p3=0/0
[120877][I][BLE] worker stack free=7452B min=7452B
[120878][I][CMD] op=0x31 reqid=71 status=0 payload=30 elapsedMs=0
[121038][I][OFFLOAD] ack transfer=1 event=28876 pending=2146
[121038][I][STORAGE] RAMSpool worker paused inflight=0 lastInflight=0
[121038][I][STORAGE] Exclusive window begin kind=enrichment reason=phone_offload_fetch workerPaused=1 displaySuspended=1
[121042][I][STORAGE] RAMSpool worker resumed
[121042][I][STORAGE] Exclusive window end kind=enrichment result=fetched reason=phone_offload_fetch
[121044][I][CMD] op=0x31 reqid=72 status=0 payload=192 elapsedMs=14
[121197][I][CMD] op=0x31 reqid=73 status=0 payload=191 elapsedMs=0
[121357][I][OFFLOAD] ack transfer=1 event=28877 pending=2145
[121358][I][STORAGE] RAMSpool worker paused inflight=0 lastInflight=0
[121358][I][STORAGE] Exclusive window begin kind=enrichment reason=phone_offload_fetch workerPaused=1 displaySuspended=1
[121361][I][STORAGE] RAMSpool worker resumed
[121362][I][STORAGE] Exclusive window end kind=enrichment result=fetched reason=phone_offload_fetch
[121363][I][CMD] op=0x31 reqid=74 status=0 payload=192 elapsedMs=14
[121525][I][CMD] op=0x31 reqid=75 status=0 payload=192 elapsedMs=0
[121679][I][CMD] op=0x31 reqid=76 status=0 payload=30 elapsedMs=0
[121839][I][OFFLOAD] ack transfer=1 event=28878 pending=2144
[121839][I][CMD] op=0x32 reqid=77 status=0 payload=4 elapsedMs=8
[121991][I][STORAGE] RAMSpool worker paused inflight=0 lastInflight=0
[121991][I][STORAGE] Exclusive window begin kind=enrichment reason=phone_offload_finish workerPaused=1 displaySuspended=1
[123149][I][STORAGE] worker ui refresh serviced uiRefreshServiceCount=2 uiDeferred=0 uiFlush=1 pressure=0 usedPct=16 pending=2144
[123149][W][STORAGE] worker metadata flush reason=upload_checkpoint ms=1157 ok=1 dirty=0
[123150][I][STORAGE] worker metadata flush metadataFlushCount=18 reason=upload_checkpoint entryMetadataDirtyPending=1 entryUiRefreshPending=1 metadataDirtyPending=0 uiDeferred=0 uiFlush=1 uiRefreshServiceCount=2 
[124506][I][STORAGE] Upload index released reason=upload_batch_end_clean indexed=2169 sessions=52
[124507][I][STORAGE] RAMSpool worker resumed
[124507][I][STORAGE] Exclusive window end kind=enrichment result=checkpointed reason=phone_offload_finish
[124508][I][OFFLOAD] end transfer=1 reason=phone_end checkpoint=1
[124508][I][CMD] op=0x33 reqid=78 status=0 payload=0 elapsedMs=2517
[124509][W][CORE] TaskHardware slow section=ble_tick ms=2519 owner=BLE_GPS pendingUpload=2144 maintPending=1
[124520][W][CORE] TaskHardware loop gap=2530ms owner=BLE_GPS pendingUpload=2144 maintPending=1 suppressed=3
