=== capture opened 2026-08-10T15:35:53.6993448-05:00 ===
=== send: companion link ===
[18853][I][ENTITY] Rebuild complete entities=1102 observations=2184 ms=10507
[18854][I][ENTITY] Ready entities=1102 observations=2184 links=98304 psram=3088KB selftest=pass rebuild=ok
[18872][I][PWNY] PMKID capture index loaded count=0
[18872][I][WIFI] WiFiManager initialized
[19162][I][WIFI] Allocation: OK
[19264][I][WIFI] Promiscuous: YES
[19264][I][WIFI] Promiscuous mode started data=0
[19268][I][CORE] Hardware ready
companion link
[COMP] persistent link queued
[19487][I][COMP] Persistent link request received; holding until release
[19488][I][WIFI] Radio paused
[19652][I][WIFI] Radio suspended
[19653][I][BLE] BLE payload buffers in PSRAM bytes=6276
[19728][I][BLE] begin phase=nimble_pre bt=idle/0 heap=108484 largest=36852 stack=16848 devLen=14
[19728][I][BLE] begin phase=nimble_init
[19740][I][BLE] begin phase=nimble_init_ok bt=enabled/2 heap=45484 largest=31732 stack=16848
[19741][I][BLE] BLE SM disabled; app-layer P-256/AES-GCM required
[19742][I][BLE] begin phase=server_ok
[19743][I][BLE] scanner configured legacy=1 active=0 interval=30 window=30 srTimeout=200
[19743][I][BLE] begin phase=scanner_ok
[19743][I][BLE] begin phase=worker_ok
[19744][I][BLE] begin ready
[19744][I][BLE] radio enabled settle=500ms
[19747][I][BLE] advertising start
[19748][I][BLE] companion link requested reason=manual_probe mode=fresh_scan timeout=15s settle=500ms cacheAge=0ms rssi=0
[19754][I][BLE] Phone probe lease granted reason=manual_probe cachedFirst=0 hold=60000ms
[19765][W][CORE] TaskHardware loop gap=496ms owner=BLE_GPS pendingUpload=2163 maintPending=0 suppressed=0
[20365][I][BLE] scan start
[20366][I][BLE] scan start diag=1 deliverDuplicates=1 diagLeft=44378 state=1 window=8000ms weakRecent=0 lastRssi=0
[20391][I][BLE] target found matchedBy=service cachePeer=0 addr=4c:24:c7:89:26:4b name=SpectrePhone rssi=-56
[20392][I][BLE] target found matchedBy=service cachePeer=0 addr=4c:24:c7:89:26:4b name=SpectrePhone rssi=-56
[20519][I][BLE] scan stop; connect pending addr=4c:24:c7:89:26:4b
[20832][I][BLE] connect pending settled addr=4c:24:c7:89:26:4b
[20832][I][BLE] connect attempt addr=4c:24:c7:89:26:4b name=SpectrePhone
[20833][I][BLE] connect params timeoutMs=45000 scanItvl=16 scanWin=16 addrType=1
[21007][I][BLE] connect result ok=1 err=0 addr=4c:24:c7:89:26:4b
[21007][I][BLE] BLE link connected; starting app-layer auth watchdog=50000ms
[21007][I][BLE] remote service lookup begin core=1 internalFree=42828 largest=31732
[21050][I][BLE] remote service lookup end found=1 err=0
[21051][I][BLE] remote characteristic discovery begin
[21140][I][BLE] remote characteristic discovery end count=13 err=0
[21170][I][BLE] remote descriptor discovery char=auth count=2 err=0
[21171][I][BLE] auth notify subscribe begin
[21200][I][BLE] auth notify subscribe end ok=1 err=0
[21529][I][BLE] auth challenge write bytes=163 mtu=247 attPayload=244 mode=response
[22472][I][BLE] app secure session ready alg=P-256+ECDH+AES-256-GCM
[22472][I][BLE] phone auth confirmed; caching peer addr=4c:24:c7:89:26:4b ttl=300000ms rssi=-56
[22507][I][BLE] remote descriptor discovery char=enrichment count=2 err=0
[22565][I][BLE] remote descriptor discovery char=command_req count=2 err=0
[22687][I][BLE] remote bound gps=1 ctrl=1 meta=1 batch=1 enrich=1 auth=1 authReq=1 storage=1 cmdReq=1 cmdResp=1 logStream=1 dashStream=1 notification=1 notify(gps=0 ctrl=0 enrich=1 auth=1 cmdReq=1) mtu=247 a
[22687][I][BLE] probe_summary seen=1 matchedBy=service rssi=-56 scanMs=2107
[22689][I][BLE] phone_session_summary auth=ok mtu=247 gps=1 ctrl=1 enrich=1 storage=1
[22715][I][BLE] storage snapshot sent pendingUp=0/2163 pendingEnrich=0/2170 usedPct=15
[22721][I][BLE] Phone probe succeeded ??? backoff reset
[22721][I][BLE] Persistent companion link established
[22836][I][BLE] link ready state=4
[30005][I][HEAP] heap free=4494KB min=4490KB largest=4352KB frag=3% internalFree=39KB internalLargest=30KB psramFree=4456KB core=0/0% owner=BLE_GPS nets=0 pendingUpload=2163 pendingEnrich=2170
[HEALTH] time=2026-08-10 15:35:26 src=ntp
[HEALTH] heap used=3957/8451KB free=4494KB min=4490KB largest=4352KB frag=3%
[HEALTH] internal used=221/259KB free=39KB min=35KB largest=30KB
[HEALTH] psram used=3736/8192KB free=4456KB largest=4352KB
[HEALTH] stack free_min: core0=16KB/22KB core1=13KB/18KB
[HEALTH] core usage: core0=0% core1=0%
[HEALTH] power=usb state=usb batt=100% 4705mV trend=0mV/min runtime=0min cap=1100mAh charging=0
[HEALTH] radio=BLE_GPS wifi=0 ble=1 gps=0 nets=0 pendingUpload=2163 pendingEnrich=2170
[HEALTH] subghz=NONE mode=OFF pkts=0 nodes=0
[30007][I][STORAGE] RAMSpool enq=0 cons=0 inflight=0/1024 high=0 pressure=0 drop[full=0 big=0 noise=0 p3Evict=0 p3Drop=0 p2Drop=0 p1Fail=0] free=1024
[30008][I][STORAGE] RAMSpool enqueue probe[ok=0 drop=0] device[ok=0 drop=0]
[30008][I][STORAGE] RAMSpool worker probe[ok=0 sup=0 drop=0 fail=0 slow=0] device[ok=0 sup=0 drop=0 fail=0 slow=0] slowTotal=0 maxMs=0
[30008][I][STORAGE] RAMSpool prioEnq p0=0 p1=0 p2=0 p3=0
[30008][I][STORAGE] RAMSpool lanes p1=0/0 p2=0/0 p3=0/0
=== capture closed 2026-08-10T15:36:13.7334811-05:00 ===
