=== capture opened 2026-08-10T16:39:36.3537905-05:00 ===
[276034][I][STORAGE] worker ui refresh serviced uiRefreshServiceCount=10 uiDeferred=41 uiFlush=8 pressure=0 usedPct=4 pending=18
[284440][I][STACK] TaskHardware watermark=10784B min=10784B
[284442][I][HEAP] heap free=4539KB min=4471KB largest=4352KB frag=4% internalFree=71KB internalLargest=31KB psramFree=4468KB core=0/0% owner=WIFI_CAPTURE nets=1 pendingUpload=18 pendingEnrich=18
[HEALTH] time=2026-08-10 16:39:12 src=ntp
[HEALTH] heap used=3912/8451KB free=4539KB min=4471KB largest=4352KB frag=4%
[HEALTH] internal used=188/259KB free=71KB min=34KB largest=31KB
[HEALTH] psram used=3724/8192KB free=4468KB largest=4352KB
[HEALTH] stack free_min: core0=11KB/22KB core1=13KB/18KB
[HEALTH] core usage: core0=0% core1=0%
[HEALTH] power=usb state=usb batt=100% 4747mV trend=0mV/min runtime=0min cap=1100mAh charging=0
[HEALTH] radio=WIFI_CAPTURE wifi=0 ble=0 gps=0 nets=1 pendingUpload=18 pendingEnrich=18
[HEALTH] subghz=NONE mode=OFF pkts=0 nodes=0
[284444][I][STORAGE] RAMSpool enq=41 cons=41 inflight=0/1024 high=4 pressure=0 drop[full=0 big=0 noise=0 p3Evict=0 p3Drop=0 p2Drop=0 p1Fail=0] free=1024
[284445][I][STORAGE] RAMSpool enqueue probe[ok=30 drop=0] device[ok=11 drop=0]
[284445][I][STORAGE] RAMSpool worker probe[ok=3 sup=27 drop=0 fail=0 slow=0] device[ok=11 sup=0 drop=0 fail=0 slow=0] slowTotal=0 maxMs=0
[284445][I][STORAGE] RAMSpool prioEnq p0=0 p1=0 p2=41 p3=0
[284445][I][STORAGE] RAMSpool lanes p1=0/0 p2=0/3 p3=0/0
=== send: companion link ===
companion link
[COMP] persistent link queued
[290783][I][COMP] Persistent link request received; holding until release
[290784][I][WIFI] Radio paused
[290940][I][WIFI] Radio suspended
[291028][I][BLE] BLE payload buffers in PSRAM bytes=6276
[291104][I][BLE] begin phase=nimble_pre bt=idle/0 heap=103120 largest=31732 stack=10784 devLen=14
[291104][I][BLE] begin phase=nimble_init
[291114][I][BLE] begin phase=nimble_init_ok bt=enabled/2 heap=40108 largest=31732 stack=10784
[291115][I][BLE] BLE SM disabled; app-layer P-256/AES-GCM required
[291116][I][BLE] begin phase=server_ok
[291116][I][BLE] scanner configured legacy=1 active=0 interval=30 window=30 srTimeout=200
[291117][I][BLE] begin phase=scanner_ok
[291117][I][BLE] begin phase=worker_ok
[291117][I][BLE] begin ready
[291117][I][BLE] radio enabled settle=500ms
[291120][I][BLE] advertising start
[291120][I][BLE] companion link requested reason=manual_probe mode=fresh_scan timeout=15s settle=500ms cacheAge=0ms rssi=0
[291126][I][BLE] Phone probe lease granted reason=manual_probe cachedFirst=0 hold=60000ms
[291137][W][CORE] TaskHardware loop gap=356ms owner=BLE_GPS pendingUpload=18 maintPending=1 suppressed=0
[291733][I][BLE] scan start
[291734][I][BLE] scan start diag=1 deliverDuplicates=1 diagLeft=44385 state=1 window=8000ms weakRecent=0 lastRssi=0
[291827][I][BLE] target found matchedBy=service cachePeer=0 addr=77:4c:9f:c7:3d:b8 name=SpectrePhone rssi=-58
[291828][I][BLE] target found matchedBy=service cachePeer=0 addr=77:4c:9f:c7:3d:b8 name=SpectrePhone rssi=-58
[291887][I][BLE] scan stop; connect pending addr=77:4c:9f:c7:3d:b8
[292190][I][BLE] connect pending settled addr=77:4c:9f:c7:3d:b8
[292191][I][BLE] connect attempt addr=77:4c:9f:c7:3d:b8 name=SpectrePhone
[292191][I][BLE] connect params timeoutMs=45000 scanItvl=16 scanWin=16 addrType=1
[292291][I][BLE] connect result ok=1 err=0 addr=77:4c:9f:c7:3d:b8
[292292][I][BLE] BLE link connected; starting app-layer auth watchdog=50000ms
[292293][I][BLE] remote service lookup begin core=1 internalFree=37448 largest=28660
[292321][I][BLE] remote service lookup end found=1 err=0
[292321][I][BLE] remote characteristic discovery begin
[292410][I][BLE] remote characteristic discovery end count=13 err=0
[292441][I][BLE] remote descriptor discovery char=auth count=2 err=0
[292441][I][BLE] auth notify subscribe begin
[292470][I][BLE] auth notify subscribe end ok=1 err=0
[292744][I][BLE] auth challenge write bytes=163 mtu=247 attPayload=244 mode=response
[293568][I][BLE] app secure session ready alg=P-256+ECDH+AES-256-GCM
[293569][I][BLE] phone auth confirmed; caching peer addr=77:4c:9f:c7:3d:b8 ttl=300000ms rssi=-58
[293626][I][BLE] remote descriptor discovery char=enrichment count=2 err=0
[293686][I][BLE] remote descriptor discovery char=command_req count=2 err=0
[293806][I][BLE] remote bound gps=1 ctrl=1 meta=1 batch=1 enrich=1 auth=1 authReq=1 storage=1 cmdReq=1 cmdResp=1 logStream=1 dashStream=1 notification=1 notify(gps=0 ctrl=0 enrich=1 auth=1 cmdReq=1) mtu=247 a
[293807][I][BLE] probe_summary seen=1 matchedBy=service rssi=-58 scanMs=1837
[293807][I][BLE] phone_session_summary auth=ok mtu=247 gps=1 ctrl=1 enrich=1 storage=1
[293835][I][BLE] storage snapshot sent pendingUp=0/18 pendingEnrich=0/18 usedPct=4
[293840][I][BLE] Phone probe succeeded ??? backoff reset
[293841][I][BLE] Persistent companion link established
[293881][I][BLE] link ready state=4
[314441][I][STACK] TaskHardware watermark=10784B min=10784B
[314443][I][HEAP] heap free=4489KB min=4468KB largest=4352KB frag=3% internalFree=33KB internalLargest=25KB psramFree=4456KB core=1/3% owner=BLE_GPS nets=1 pendingUpload=18 pendingEnrich=18
[HEALTH] time=2026-08-10 16:39:50 src=gps
[HEALTH] heap used=3962/8451KB free=4489KB min=4468KB largest=4352KB frag=3%
[HEALTH] internal used=226/259KB free=33KB min=30KB largest=25KB
[HEALTH] psram used=3736/8192KB free=4456KB largest=4352KB
[HEALTH] stack free_min: core0=11KB/22KB core1=13KB/18KB
[HEALTH] core usage: core0=1% core1=3%
[HEALTH] power=usb state=usb batt=100% 4772mV trend=10mV/min runtime=0min cap=1100mAh charging=1
[HEALTH] radio=BLE_GPS wifi=0 ble=1 gps=0 nets=1 pendingUpload=18 pendingEnrich=18
[HEALTH] subghz=NONE mode=OFF pkts=0 nodes=0
[314445][I][STORAGE] RAMSpool enq=41 cons=41 inflight=0/1024 high=4 pressure=0 drop[full=0 big=0 noise=0 p3Evict=0 p3Drop=0 p2Drop=0 p1Fail=0] free=1024
[314446][I][STORAGE] RAMSpool enqueue probe[ok=30 drop=0] device[ok=11 drop=0]
[314446][I][STORAGE] RAMSpool worker probe[ok=3 sup=27 drop=0 fail=0 slow=0] device[ok=11 sup=0 drop=0 fail=0 slow=0] slowTotal=0 maxMs=0
[314446][I][STORAGE] RAMSpool prioEnq p0=0 p1=0 p2=41 p3=0
[314447][I][STORAGE] RAMSpool lanes p1=0/0 p2=0/3 p3=0/0
[318290][I][OFFLOAD] begin preparing index asynchronously
[318290][I][STORAGE] RAMSpool worker paused inflight=0 lastInflight=0
[318291][I][STORAGE] Exclusive window begin kind=enrichment reason=phone_offload_prepare workerPaused=1 displaySuspended=1
[318291][I][CMD] op=0x30 reqid=1 status=4 payload=0 elapsedMs=0
[318366][I][STORAGE] Upload index rebuild begin pending=18 window=8192 heapFree=4592952 largest=4456436
[318646][I][STORAGE] Upload window rebuild accepted indexed=18 window=8192 pending=18 sessions=2 skipped=0 failedSegs=0 sidecarLoaded=0 sidecarStale=1 truncated=0 heapFree=4587784 largest=4456436
[318647][I][STORAGE] Upload stream prepare index built ok=1 resident=1 ms=280
[318647][I][STORAGE] Upload stream prepare ready=1 pending=18 budgetMs=45000 ms=356 internalFree=30000 internalLargest=16372 psramFree=4557784
[318647][I][STORAGE] RAMSpool worker resumed
[318648][I][STORAGE] Exclusive window end kind=enrichment result=index_ready reason=phone_offload_prepare
[318648][I][OFFLOAD] index preparation complete ok=1 resident=1
[319265][I][STORAGE] Upload batch open; deferring watermark flush
[319266][I][OFFLOAD] begin transfer=1 pending=18 indexed=18 sessions=2 truncated=0
[319266][I][CMD] op=0x30 reqid=2 status=0 payload=12 elapsedMs=1
[319418][I][STORAGE] RAMSpool worker paused inflight=0 lastInflight=0
[319419][I][STORAGE] Exclusive window begin kind=enrichment reason=phone_offload_fetch workerPaused=1 displaySuspended=1
[319432][I][STORAGE] RAMSpool worker resumed
[319433][I][STORAGE] Exclusive window end kind=enrichment result=fetched reason=phone_offload_fetch
[319434][I][CMD] op=0x31 reqid=3 status=0 payload=192 elapsedMs=16
[319588][I][CMD] op=0x31 reqid=4 status=0 payload=192 elapsedMs=0
[319740][I][CMD] op=0x31 reqid=5 status=0 payload=30 elapsedMs=0
[319901][I][STORAGE] Segment lifecycle seg=463 active->partially_uploaded trust=trusted pending=3
[319901][I][OFFLOAD] ack transfer=1 event=33134 pending=17
[319902][I][STORAGE] RAMSpool worker paused inflight=0 lastInflight=0
[319902][I][STORAGE] Exclusive window begin kind=enrichment reason=phone_offload_fetch workerPaused=1 displaySuspended=1
[319905][I][STORAGE] RAMSpool worker resumed
[319906][I][STORAGE] Exclusive window end kind=enrichment result=fetched reason=phone_offload_fetch
[319907][I][CMD] op=0x31 reqid=6 status=0 payload=192 elapsedMs=14
[320069][I][CMD] op=0x31 reqid=7 status=0 payload=191 elapsedMs=0
[320229][I][OFFLOAD] ack transfer=1 event=33135 pending=16
[320229][I][STORAGE] RAMSpool worker paused inflight=0 lastInflight=0
[320229][I][STORAGE] Exclusive window begin kind=enrichment reason=phone_offload_fetch workerPaused=1 displaySuspended=1
[320232][I][STORAGE] RAMSpool worker resumed
[320233][I][STORAGE] Exclusive window end kind=enrichment result=fetched reason=phone_offload_fetch
[320235][I][CMD] op=0x31 reqid=8 status=0 payload=192 elapsedMs=14
[320390][I][CMD] op=0x31 reqid=9 status=0 payload=192 elapsedMs=0
[320542][I][CMD] op=0x31 reqid=10 status=0 payload=30 elapsedMs=0
[320702][I][OFFLOAD] ack transfer=1 event=33136 pending=15
[320702][I][STORAGE] RAMSpool worker paused inflight=0 lastInflight=0
[320703][I][STORAGE] Exclusive window begin kind=enrichment reason=phone_offload_fetch workerPaused=1 displaySuspended=1
[320706][I][STORAGE] RAMSpool worker resumed
[320706][I][STORAGE] Exclusive window end kind=enrichment result=fetched reason=phone_offload_fetch
[320708][I][CMD] op=0x31 reqid=11 status=0 payload=192 elapsedMs=14
[320861][I][CMD] op=0x31 reqid=12 status=0 payload=192 elapsedMs=0
[321013][I][CMD] op=0x31 reqid=13 status=0 payload=30 elapsedMs=0
[321165][I][BLE] worker stack free=7384B min=7384B
[321174][I][STORAGE] Segment lifecycle seg=463 partially_uploaded->fully_uploaded trust=trusted pending=0
[321174][I][OFFLOAD] ack transfer=1 event=33137 pending=14
[321175][I][STORAGE] RAMSpool worker paused inflight=0 lastInflight=0
[321175][I][STORAGE] Exclusive window begin kind=enrichment reason=phone_offload_fetch workerPaused=1 displaySuspended=1
[321175][I][STORAGE] RAMSpool worker resumed
[321176][I][STORAGE] Exclusive window end kind=enrichment result=fetched reason=phone_offload_fetch
[321176][I][STORAGE] RAMSpool worker paused inflight=0 lastInflight=0
[321176][I][STORAGE] Exclusive window begin kind=enrichment reason=phone_offload_fetch workerPaused=1 displaySuspended=1
[321190][I][STORAGE] RAMSpool worker resumed
[321191][I][STORAGE] Exclusive window end kind=enrichment result=fetched reason=phone_offload_fetch
[321192][I][CMD] op=0x31 reqid=14 status=0 payload=192 elapsedMs=26
[321348][I][CMD] op=0x31 reqid=15 status=0 payload=192 elapsedMs=0
[321500][I][CMD] op=0x31 reqid=16 status=0 payload=30 elapsedMs=0
[321660][I][OFFLOAD] ack transfer=1 event=33138 pending=13
[321660][I][STORAGE] RAMSpool worker paused inflight=0 lastInflight=0
[321661][I][STORAGE] Exclusive window begin kind=enrichment reason=phone_offload_fetch workerPaused=1 displaySuspended=1
[321664][I][STORAGE] RAMSpool worker resumed
[321664][I][STORAGE] Exclusive window end kind=enrichment result=fetched reason=phone_offload_fetch
[321666][I][CMD] op=0x31 reqid=17 status=0 payload=192 elapsedMs=14
[321819][I][CMD] op=0x31 reqid=18 status=0 payload=191 elapsedMs=0
[321979][I][OFFLOAD] ack transfer=1 event=33139 pending=12
[321979][I][STORAGE] RAMSpool worker paused inflight=0 lastInflight=0
[321980][I][STORAGE] Exclusive window begin kind=enrichment reason=phone_offload_fetch workerPaused=1 displaySuspended=1
[321983][I][STORAGE] RAMSpool worker resumed
[321983][I][STORAGE] Exclusive window end kind=enrichment result=fetched reason=phone_offload_fetch
[321985][I][CMD] op=0x31 reqid=19 status=0 payload=192 elapsedMs=14
[322137][I][CMD] op=0x31 reqid=20 status=0 payload=192 elapsedMs=0
[322292][I][CMD] op=0x31 reqid=21 status=0 payload=30 elapsedMs=0
[322452][I][OFFLOAD] ack transfer=1 event=33140 pending=11
[322452][I][STORAGE] RAMSpool worker paused inflight=0 lastInflight=0
[322452][I][STORAGE] Exclusive window begin kind=enrichment reason=phone_offload_fetch workerPaused=1 displaySuspended=1
[322456][I][STORAGE] RAMSpool worker resumed
[322456][I][STORAGE] Exclusive window end kind=enrichment result=fetched reason=phone_offload_fetch
[322458][I][CMD] op=0x31 reqid=22 status=0 payload=192 elapsedMs=14
[322610][I][CMD] op=0x31 reqid=23 status=0 payload=192 elapsedMs=0
[322770][I][OFFLOAD] ack transfer=1 event=33141 pending=10
[322770][I][STORAGE] RAMSpool worker paused inflight=0 lastInflight=0
[322770][I][STORAGE] Exclusive window begin kind=enrichment reason=phone_offload_fetch workerPaused=1 displaySuspended=1
[322774][I][STORAGE] RAMSpool worker resumed
[322774][I][STORAGE] Exclusive window end kind=enrichment result=fetched reason=phone_offload_fetch
[322776][I][CMD] op=0x31 reqid=24 status=0 payload=192 elapsedMs=14
[322928][I][CMD] op=0x31 reqid=25 status=0 payload=192 elapsedMs=0
[323080][I][CMD] op=0x31 reqid=26 status=0 payload=30 elapsedMs=0
[323240][I][OFFLOAD] ack transfer=1 event=33142 pending=9
[323240][I][STORAGE] RAMSpool worker paused inflight=0 lastInflight=0
[323241][I][STORAGE] Exclusive window begin kind=enrichment reason=phone_offload_fetch workerPaused=1 displaySuspended=1
[323244][I][STORAGE] RAMSpool worker resumed
[323244][I][STORAGE] Exclusive window end kind=enrichment result=fetched reason=phone_offload_fetch
[323246][I][CMD] op=0x31 reqid=27 status=0 payload=192 elapsedMs=14
[323401][I][CMD] op=0x31 reqid=28 status=0 payload=192 elapsedMs=0
[323553][I][CMD] op=0x31 reqid=29 status=0 payload=30 elapsedMs=0
[323713][I][OFFLOAD] ack transfer=1 event=33143 pending=8
[323713][I][STORAGE] RAMSpool worker paused inflight=0 lastInflight=0
[323713][I][STORAGE] Exclusive window begin kind=enrichment reason=phone_offload_fetch workerPaused=1 displaySuspended=1
[323717][I][STORAGE] RAMSpool worker resumed
[323717][I][STORAGE] Exclusive window end kind=enrichment result=fetched reason=phone_offload_fetch
[323719][I][CMD] op=0x31 reqid=30 status=0 payload=192 elapsedMs=14
[323872][I][CMD] op=0x31 reqid=31 status=0 payload=192 elapsedMs=0
[324024][I][CMD] op=0x31 reqid=32 status=0 payload=30 elapsedMs=0
[324184][I][OFFLOAD] ack transfer=1 event=33144 pending=7
[324184][I][STORAGE] RAMSpool worker paused inflight=0 lastInflight=0
[324185][I][STORAGE] Exclusive window begin kind=enrichment reason=phone_offload_fetch workerPaused=1 displaySuspended=1
[324188][I][STORAGE] RAMSpool worker resumed
[324188][I][STORAGE] Exclusive window end kind=enrichment result=fetched reason=phone_offload_fetch
[324190][I][CMD] op=0x31 reqid=33 status=0 payload=192 elapsedMs=14
[324345][I][CMD] op=0x31 reqid=34 status=0 payload=192 elapsedMs=0
[324497][I][CMD] op=0x31 reqid=35 status=0 payload=30 elapsedMs=0
[324657][I][OFFLOAD] ack transfer=1 event=33145 pending=6
[324657][I][STORAGE] RAMSpool worker paused inflight=0 lastInflight=0
[324657][I][STORAGE] Exclusive window begin kind=enrichment reason=phone_offload_fetch workerPaused=1 displaySuspended=1
[324661][I][STORAGE] RAMSpool worker resumed
[324661][I][STORAGE] Exclusive window end kind=enrichment result=fetched reason=phone_offload_fetch
[324663][I][CMD] op=0x31 reqid=36 status=0 payload=192 elapsedMs=14
[324816][I][CMD] op=0x31 reqid=37 status=0 payload=192 elapsedMs=0
[324968][I][CMD] op=0x31 reqid=38 status=0 payload=30 elapsedMs=0
[325128][I][OFFLOAD] ack transfer=1 event=33146 pending=5
[325128][I][STORAGE] RAMSpool worker paused inflight=0 lastInflight=0
[325128][I][STORAGE] Exclusive window begin kind=enrichment reason=phone_offload_fetch workerPaused=1 displaySuspended=1
[325132][I][STORAGE] RAMSpool worker resumed
[325132][I][STORAGE] Exclusive window end kind=enrichment result=fetched reason=phone_offload_fetch
[325134][I][CMD] op=0x31 reqid=39 status=0 payload=192 elapsedMs=14
[325288][I][CMD] op=0x31 reqid=40 status=0 payload=192 elapsedMs=0
[325441][I][CMD] op=0x31 reqid=41 status=0 payload=30 elapsedMs=0
[325601][I][OFFLOAD] ack transfer=1 event=33147 pending=4
[325601][I][STORAGE] RAMSpool worker paused inflight=0 lastInflight=0
[325601][I][STORAGE] Exclusive window begin kind=enrichment reason=phone_offload_fetch workerPaused=1 displaySuspended=1
[325605][I][STORAGE] RAMSpool worker resumed
[325605][I][STORAGE] Exclusive window end kind=enrichment result=fetched reason=phone_offload_fetch
[325607][I][CMD] op=0x31 reqid=42 status=0 payload=192 elapsedMs=14
[325759][I][CMD] op=0x31 reqid=43 status=0 payload=192 elapsedMs=0
[325912][I][CMD] op=0x31 reqid=44 status=0 payload=30 elapsedMs=0
[326072][I][OFFLOAD] ack transfer=1 event=33148 pending=3
[326072][I][STORAGE] RAMSpool worker paused inflight=0 lastInflight=0
[326073][I][STORAGE] Exclusive window begin kind=enrichment reason=phone_offload_fetch workerPaused=1 displaySuspended=1
[326076][I][STORAGE] RAMSpool worker resumed
[326076][I][STORAGE] Exclusive window end kind=enrichment result=fetched reason=phone_offload_fetch
[326078][I][CMD] op=0x31 reqid=45 status=0 payload=192 elapsedMs=14
[326230][I][CMD] op=0x31 reqid=46 status=0 payload=192 elapsedMs=0
[326386][I][CMD] op=0x31 reqid=47 status=0 payload=46 elapsedMs=0
[326546][I][OFFLOAD] ack transfer=1 event=33149 pending=2
[326546][I][STORAGE] RAMSpool worker paused inflight=0 lastInflight=0
[326546][I][STORAGE] Exclusive window begin kind=enrichment reason=phone_offload_fetch workerPaused=1 displaySuspended=1
[326550][I][STORAGE] RAMSpool worker resumed
[326550][I][STORAGE] Exclusive window end kind=enrichment result=fetched reason=phone_offload_fetch
[326552][I][CMD] op=0x31 reqid=48 status=0 payload=192 elapsedMs=14
[326704][I][CMD] op=0x31 reqid=49 status=0 payload=192 elapsedMs=0
[326856][I][CMD] op=0x31 reqid=50 status=0 payload=30 elapsedMs=0
[327016][I][OFFLOAD] ack transfer=1 event=33150 pending=1
[327016][I][STORAGE] RAMSpool worker paused inflight=0 lastInflight=0
[327016][I][STORAGE] Exclusive window begin kind=enrichment reason=phone_offload_fetch workerPaused=1 displaySuspended=1
[327020][I][STORAGE] RAMSpool worker resumed
[327020][I][STORAGE] Exclusive window end kind=enrichment result=fetched reason=phone_offload_fetch
[327022][I][CMD] op=0x31 reqid=51 status=0 payload=192 elapsedMs=14
[327174][I][CMD] op=0x31 reqid=52 status=0 payload=192 elapsedMs=0
[327330][I][CMD] op=0x31 reqid=53 status=0 payload=30 elapsedMs=0
[327490][I][OFFLOAD] ack transfer=1 event=33151 pending=0
[327490][I][STORAGE] RAMSpool worker paused inflight=0 lastInflight=0
[327490][I][STORAGE] Exclusive window begin kind=enrichment reason=phone_offload_fetch workerPaused=1 displaySuspended=1
[327491][I][STORAGE] RAMSpool worker resumed
[327491][I][STORAGE] Exclusive window end kind=enrichment result=fetched reason=phone_offload_fetch
[327492][I][CMD] op=0x31 reqid=54 status=0 payload=16 elapsedMs=9
[327653][I][STORAGE] RAMSpool worker paused inflight=0 lastInflight=0
[327653][I][STORAGE] Exclusive window begin kind=enrichment reason=phone_offload_finish workerPaused=1 displaySuspended=1
[328173][I][STORAGE] worker ui refresh serviced uiRefreshServiceCount=11 uiDeferred=41 uiFlush=9 pressure=0 usedPct=4 pending=0
[328174][W][STORAGE] worker metadata flush reason=upload_checkpoint ms=520 ok=1 dirty=0
[328174][I][STORAGE] worker metadata flush metadataFlushCount=24 reason=upload_checkpoint entryMetadataDirtyPending=1 entryUiRefreshPending=1 metadataDirtyPending=0 uiDeferred=41 uiFlush=9 uiRefreshServiceCount=1
[328533][I][STORAGE] Upload index released reason=upload_batch_end_clean indexed=18 sessions=2
[328534][I][STORAGE] RAMSpool worker resumed
[328534][I][STORAGE] Exclusive window end kind=enrichment result=checkpointed reason=phone_offload_finish
[328534][I][OFFLOAD] end transfer=1 reason=phone_end checkpoint=1
[328535][I][CMD] op=0x33 reqid=55 status=0 payload=0 elapsedMs=882
[328536][W][CORE] TaskHardware slow section=ble_tick ms=884 owner=BLE_GPS pendingUpload=0 maintPending=1
[328547][W][CORE] TaskHardware loop gap=895ms owner=BLE_GPS pendingUpload=0 maintPending=1 suppressed=0
[329596][I][BLE] WG remote cancel
[329606][I][BLE] probe resource release
[329607][I][BLE] advertising stop
[329608][I][BLE] client soft drop reason=radio_disabled
[329609][I][BLE] radio disabled
[329609][I][BLE] probe_release phase=worker_delete
[329611][I][BLE] peer disconnect ignored after radio release reason=534
[329668][I][WIFI] Promiscuous: YES
[329669][I][WIFI] Promiscuous mode started data=0
[337830][I][STORAGE] worker ui refresh serviced uiRefreshServiceCount=12 uiDeferred=47 uiFlush=10 pressure=0 usedPct=4 pending=1
[344442][I][STACK] TaskHardware watermark=10784B min=10784B
[344444][I][HEAP] heap free=4465KB min=4438KB largest=4352KB frag=2% internalFree=4KB internalLargest=2KB psramFree=4461KB core=6/4% owner=WIFI_CAPTURE nets=1 pendingUpload=1 pendingEnrich=19
[HEALTH] time=2026-08-10 16:40:19 src=gps
[HEALTH] heap used=3986/8451KB free=4465KB min=4438KB largest=4352KB frag=2%
[HEALTH] internal used=255/259KB free=4KB min=0KB largest=2KB
[HEALTH] psram used=3731/8192KB free=4461KB largest=4352KB
[HEALTH] stack free_min: core0=11KB/22KB core1=13KB/18KB
[HEALTH] core usage: core0=6% core1=4%
[HEALTH] power=usb state=usb batt=100% 4745mV trend=0mV/min runtime=0min cap=1100mAh charging=0
[HEALTH] radio=WIFI_CAPTURE wifi=0 ble=0 gps=0 nets=1 pendingUpload=1 pendingEnrich=19
[HEALTH] subghz=NONE mode=OFF pkts=0 nodes=0
[344446][I][STORAGE] RAMSpool enq=47 cons=47 inflight=0/1024 high=4 pressure=0 drop[full=0 big=0 noise=0 p3Evict=0 p3Drop=0 p2Drop=0 p1Fail=0] free=1024
[344447][I][STORAGE] RAMSpool enqueue probe[ok=35 drop=0] device[ok=12 drop=0]
[344447][I][STORAGE] RAMSpool worker probe[ok=3 sup=32 drop=0 fail=0 slow=0] device[ok=12 sup=0 drop=0 fail=0 slow=0] slowTotal=0 maxMs=0
[344447][I][STORAGE] RAMSpool prioEnq p0=0 p1=0 p2=47 p3=0
[344447][I][STORAGE] RAMSpool lanes p1=0/0 p2=0/3 p3=0/0
[358386][I][STORAGE] worker ui refresh serviced uiRefreshServiceCount=13 uiDeferred=53 uiFlush=11 pressure=0 usedPct=4 pending=2
[374450][I][STACK] TaskHardware watermark=10784B min=10784B
[374452][I][HEAP] heap free=4465KB min=4438KB largest=4352KB frag=2% internalFree=4KB internalLargest=2KB psramFree=4461KB core=1/1% owner=WIFI_CAPTURE nets=1 pendingUpload=2 pendingEnrich=20
[HEALTH] time=2026-08-10 16:40:49 src=gps
[HEALTH] heap used=3986/8451KB free=4465KB min=4438KB largest=4352KB frag=2%
[HEALTH] internal used=255/259KB free=4KB min=0KB largest=2KB
[HEALTH] psram used=3731/8192KB free=4461KB largest=4352KB
[HEALTH] stack free_min: core0=11KB/22KB core1=13KB/18KB
[HEALTH] core usage: core0=1% core1=1%
[HEALTH] power=usb state=usb batt=100% 4746mV trend=0mV/min runtime=0min cap=1100mAh charging=0
[HEALTH] radio=WIFI_CAPTURE wifi=0 ble=0 gps=0 nets=1 pendingUpload=2 pendingEnrich=20
[HEALTH] subghz=NONE mode=OFF pkts=0 nodes=0
[374455][I][STORAGE] RAMSpool enq=53 cons=53 inflight=0/1024 high=4 pressure=0 drop[full=0 big=0 noise=0 p3Evict=0 p3Drop=0 p2Drop=0 p1Fail=0] free=1024
[374455][I][STORAGE] RAMSpool enqueue probe[ok=40 drop=0] device[ok=13 drop=0]
[374455][I][STORAGE] RAMSpool worker probe[ok=3 sup=37 drop=0 fail=0 slow=0] device[ok=13 sup=0 drop=0 fail=0 slow=0] slowTotal=0 maxMs=0
[374456][I][STORAGE] RAMSpool prioEnq p0=0 p1=0 p2=53 p3=0
[374456][I][STORAGE] RAMSpool lanes p1=0/0 p2=0/3 p3=0/0
[378966][I][STORAGE] worker ui refresh serviced uiRefreshServiceCount=14 uiDeferred=58 uiFlush=12 pressure=0 usedPct=4 pending=3
[397626][I][STORAGE] capture write allowed owner=WIFI_CAPTURE path=/events/counter.txt reason=capture_micro_idle ms=114 ok=1
[397810][I][STORAGE] capture write allowed owner=WIFI_CAPTURE path=/events/meta.json reason=capture_micro_idle ms=183 ok=1
[398004][I][STORAGE] capture write allowed owner=WIFI_CAPTURE path=/spool/index.json reason=capture_micro_idle ms=192 ok=1
[398005][W][STORAGE] worker metadata flush reason=capture_micro_idle ms=493 ok=1 dirty=0
[398005][I][STORAGE] worker metadata flush metadataFlushCount=25 reason=capture_micro_idle entryMetadataDirtyPending=1 entryUiRefreshPending=0 metadataDirtyPending=0 uiDeferred=58 uiFlush=12 uiRefreshServiceCount
[398006][W][CORE] TaskHardware slow section=capture_storage_maintenance ms=585 owner=WIFI_CAPTURE pendingUpload=3 maintPending=0
[398016][W][CORE] TaskHardware loop gap=596ms owner=WIFI_CAPTURE pendingUpload=3 maintPending=0 suppressed=0
[404455][I][STACK] TaskHardware watermark=10784B min=10784B
[404457][I][HEAP] heap free=4465KB min=4437KB largest=4352KB frag=2% internalFree=3KB internalLargest=1KB psramFree=4461KB core=2/1% owner=WIFI_CAPTURE nets=1 pendingUpload=3 pendingEnrich=21
[HEALTH] time=2026-08-10 16:41:19 src=gps
[HEALTH] heap used=3986/8451KB free=4465KB min=4437KB largest=4352KB frag=2%
[HEALTH] internal used=256/259KB free=3KB min=0KB largest=1KB
[HEALTH] psram used=3731/8192KB free=4461KB largest=4352KB
[HEALTH] stack free_min: core0=11KB/22KB core1=13KB/18KB
[HEALTH] core usage: core0=2% core1=1%
[HEALTH] power=usb state=usb batt=100% 4745mV trend=0mV/min runtime=0min cap=1100mAh charging=0
[HEALTH] radio=WIFI_CAPTURE wifi=0 ble=0 gps=0 nets=1 pendingUpload=3 pendingEnrich=21
[HEALTH] subghz=NONE mode=OFF pkts=0 nodes=0
[404459][I][STORAGE] RAMSpool enq=58 cons=58 inflight=0/1024 high=4 pressure=0 drop[full=0 big=0 noise=0 p3Evict=0 p3Drop=0 p2Drop=0 p1Fail=0] free=1024
[404460][I][STORAGE] RAMSpool enqueue probe[ok=44 drop=0] device[ok=14 drop=0]
[404460][I][STORAGE] RAMSpool worker probe[ok=3 sup=41 drop=0 fail=0 slow=0] device[ok=14 sup=0 drop=0 fail=0 slow=0] slowTotal=0 maxMs=0
[404460][I][STORAGE] RAMSpool prioEnq p0=0 p1=0 p2=58 p3=0
[404461][I][STORAGE] RAMSpool lanes p1=0/0 p2=0/3 p3=0/0
=== capture closed 2026-08-10T16:42:06.4184935-05:00 ===
