=== reconnecting capture opened 2026-08-15T19:57:50.9179782-05:00 port=COM13 ===
=== serial connected 2026-08-15T19:57:50.9348391-05:00 attempt=1 ===
[5909][I][WIO] Accessory not detected within 2500ms
[5909][I][XPORT] transport=internal_ble previous=internal_ble reason=initial wio.available=0 wio.proxy=0 ble.begun=0 ble.state=0 transitions=0
[5910][I][WIO_SX] SX1262 not present; backend idle (Reyax fallback)
[6511][I][MESH] Meshtastic client ready node=0x334B7A38 chanHash=0x08 (disabled)
[6693][I][ENTITY] Boot selftest accepted=1 idempotent=1 result=pass
=== send: crash log ===
[13162][I][ENTITY] Rebuild complete entities=73 observations=1268 ms=6378
[13162][I][ENTITY] Ready entities=73 observations=1268 links=98304 psram=3088KB selftest=pass rebuild=ok
[13173][I][PWNY] PMKID capture index loaded count=0
[13174][I][WIFI] WiFiManager initialized
[13332][I][WIFI] Allocation: OK
[13491][I][WIFI] Radio suspended
[13491][I][CORE] Hardware ready
crash log
[BOOT] crash log: 5 entries, seq 0..22 (oldest first)
[BOOT] #1 seq=18 [CRASH?] phase=storage_boot owner=0 pendingUpload=360 heapFree=160K largest=115K min=142K uptime=2s
[13685][W][CORE] crash? seq=18 phase=storage_boot owner=0 pendingUpload=360 heapFree=160K largest=115K min=142K uptime=2s
[BOOT] #2 seq=19 [CRASH?] phase=storage_boot owner=0 pendingUpload=361 heapFree=160K largest=115K min=142K uptime=2s
[13686][W][CORE] crash? seq=19 phase=storage_boot owner=0 pendingUpload=361 heapFree=160K largest=115K min=142K uptime=2s
[BOOT] #3 seq=20 [CRASH?] phase=storage_boot owner=0 pendingUpload=200 heapFree=160K largest=115K min=142K uptime=2s
[13687][W][CORE] crash? seq=20 phase=storage_boot owner=0 pendingUpload=200 heapFree=160K largest=115K min=142K uptime=2s
[BOOT] #4 seq=21 [CRASH?] phase=storage_boot owner=0 pendingUpload=210 heapFree=160K largest=115K min=142K uptime=2s
[13688][W][CORE] crash? seq=21 phase=storage_boot owner=0 pendingUpload=210 heapFree=160K largest=115K min=142K uptime=2s
[BOOT] #5 seq=22 [ok] phase=storage_boot owner=0 pendingUpload=220 heapFree=160K largest=115K min=142K uptime=2s
[13689][I][STORAGE] RAMSpool worker paused inflight=0 lastInflight=0
[13690][I][STORAGE] Exclusive window begin kind=maintenance reason=radio_owner_window workerPaused=1 displaySuspended=1
[13690][I][STORAGE] Maintenance start reason=radio_owner_window budgetMs=30000 flags=dirty_spool_index|dirty_summary|boot_safe_deferred_persist|snapshot_lagged|counter_untrusted|segment_audit|fs_audit captureSaf
[14383][W][STORAGE] worker metadata flush reason=radio_owner_window ms=692 ok=1 dirty=0
[14383][I][STORAGE] worker metadata flush metadataFlushCount=1 reason=radio_owner_window entryMetadataDirtyPending=1 entryUiRefreshPending=0 metadataDirtyPending=0 uiDeferred=0 uiFlush=0 uiRefreshServiceCount=0 
[14439][I][STORAGE] Segment lifecycle seg=608 active->drained trust=trusted pending=0
[14565][W][STORAGE] Counter trust=trusted_snapshot_lagged reason=pending_enrich_counter_clamp since=14564
[21238][I][STORAGE] Spool repair start reason=maintenance_repair segs=30
[21312][I][STORAGE] Spool repair checkpoint seg=550 off=42213 records=220 events=110 enrich=110
[21419][I][STORAGE] Spool repair checkpoint seg=551 off=38420 records=200 events=100 enrich=100
[21526][I][STORAGE] Spool repair checkpoint seg=552 off=37933 records=200 events=100 enrich=100
[21619][I][STORAGE] Spool repair checkpoint seg=553 off=14576 records=76 events=38 enrich=38
[21710][I][STORAGE] Spool repair checkpoint seg=554 off=10851 records=58 events=28 enrich=30
[21891][I][STORAGE] Spool repair checkpoint seg=562 off=8215 records=42 events=22 enrich=20
[21989][I][STORAGE] Spool repair checkpoint seg=563 off=26683 records=140 events=70 enrich=70
[22078][I][STORAGE] Spool repair checkpoint seg=569 off=7600 records=40 events=20 enrich=20
[22170][I][STORAGE] Spool repair checkpoint seg=571 off=16505 records=84 events=44 enrich=40
[22258][I][STORAGE] Spool repair checkpoint seg=572 off=8668 records=44 events=22 enrich=22
[22353][I][STORAGE] Spool repair checkpoint seg=574 off=26257 records=138 events=69 enrich=69
[22454][I][STORAGE] Spool repair checkpoint seg=575 off=35857 records=184 events=93 enrich=91
[23566][I][FSAUDIT] pass done files=67 dirs=14 valid=67 invalid=0 legacy=0 forensic=0 tmp=0 unknown=0 vaulted=0 missing=0 skipped=0 actions del=0 quar=0 rebuild=0 salv=0 evict=0 skip=0 fail=0 spool_seg=30 maxSeg
[23658][I][STORAGE] fs_audit done mode=1 complete=1 files=67 invalid=0 tmp=0 missing=0 del=0 quar=0 rebuild=0 salv=0 evict=0 skip=0 fail=0 drift=0 ms=1080
[23752][I][STORAGE] Maintenance done reason=radio_owner_window actions=dirty_spool_index|dirty_summary|boot_safe_deferred_persist|snapshot_lagged|upload_enrich_cursor_dirty|segment_audit|fs_audit skipped=segment
[23753][I][STORAGE] RAMSpool worker resumed
[23753][I][STORAGE] Exclusive window end kind=maintenance result=capture_safe reason=radio_owner_window
[23753][I][STORAGE] maintenance owner window ms=10064 captureSafe=1 remaining=snapshot_lagged|segment_audit
[23912][I][WIFI] Radio suspended
[23913][W][CORE] TaskHardware loop gap=10422ms owner=STORAGE_MAINT pendingUpload=1249 maintPending=1 suppressed=0
[23916][I][STORAGE] RAMSpool worker paused inflight=0 lastInflight=0
[23916][I][STORAGE] Exclusive window begin kind=maintenance reason=radio_owner_window workerPaused=1 displaySuspended=1
[23917][I][STORAGE] Maintenance start reason=radio_owner_window budgetMs=5000 flags=snapshot_lagged|segment_audit captureSafe=1
[24541][I][STORAGE] worker ui refresh serviced uiRefreshServiceCount=1 uiDeferred=0 uiFlush=0 pressure=0 usedPct=12 pending=1249
[24541][W][STORAGE] worker metadata flush reason=radio_owner_window ms=624 ok=1 dirty=1
[24542][I][STORAGE] worker metadata flush metadataFlushCount=2 reason=radio_owner_window entryMetadataDirtyPending=1 entryUiRefreshPending=0 metadataDirtyPending=1 uiDeferred=0 uiFlush=0 uiRefreshServiceCount=1 
[24652][I][STORAGE] Spool repair checkpoint seg=577 off=38261 records=186 events=102 enrich=84
[24745][I][STORAGE] Spool repair checkpoint seg=578 off=1165 records=12 events=2 enrich=10
[24842][I][STORAGE] Spool repair checkpoint seg=579 off=11116 records=64 events=28 enrich=36
[25054][I][STORAGE] Spool repair checkpoint seg=583 off=21024 records=107 events=54 enrich=53
[25154][I][STORAGE] Spool repair checkpoint seg=584 off=19785 records=116 events=48 enrich=10
[25246][I][STORAGE] Spool repair checkpoint seg=588 off=7648 records=40 events=20 enrich=20
[25336][I][STORAGE] Spool repair checkpoint seg=596 off=2455 records=12 events=6 enrich=6
[25425][I][STORAGE] Spool repair checkpoint seg=599 off=3322 records=15 events=8 enrich=7
[25517][I][STORAGE] Spool repair checkpoint seg=600 off=9178 records=44 events=23 enrich=21
[25606][I][STORAGE] Spool repair checkpoint seg=602 off=5789 records=30 events=15 enrich=15
[25704][I][STORAGE] Spool repair checkpoint seg=603 off=26734 records=132 events=66 enrich=66
[25794][I][STORAGE] Spool repair checkpoint seg=604 off=9814 records=50 events=25 enrich=25
[26784][I][STORAGE] Maintenance done reason=radio_owner_window actions=dirty_spool_index|boot_safe_deferred_persist|snapshot_lagged|upload_enrich_cursor_dirty|segment_audit skipped=segment_audit remaining=snapsh
[26784][I][STORAGE] RAMSpool worker resumed
[26785][I][STORAGE] Exclusive window end kind=maintenance result=capture_safe reason=radio_owner_window
[26786][I][STORAGE] maintenance owner window ms=2869 captureSafe=1 remaining=snapshot_lagged|segment_audit
[26945][I][WIFI] Radio suspended
[26950][I][STORAGE] RAMSpool worker paused inflight=0 lastInflight=0
[26951][I][STORAGE] Exclusive window begin kind=maintenance reason=radio_owner_window workerPaused=1 displaySuspended=1
[26951][I][STORAGE] Maintenance start reason=radio_owner_window budgetMs=5000 flags=snapshot_lagged|segment_audit captureSafe=1
[28201][I][STORAGE] Spool repair checkpoint seg=605 off=34093 records=168 events=84 enrich=84
[28281][I][STORAGE] Spool repair checkpoint seg=606 off=16763 records=84 events=42 enrich=42
[28965][W][STORAGE] Spool repair slow reason=maintenance_repair segs=29 recs=32 ms=7727
[28966][I][STORAGE] Spool audit[maintenance_repair] scannedSegs=29 scannedRecords=32 validEvents=10 uploadedRetained=0 validEnrichDeltas=22 invalidRecords=0 skippedRecords=0 quarantined=0 unreadable=0 pendingUpl
[30027][W][STORAGE] worker metadata flush reason=radio_owner_window ms=795 ok=1 dirty=0
[30027][I][STORAGE] worker metadata flush metadataFlushCount=5 reason=radio_owner_window entryMetadataDirtyPending=1 entryUiRefreshPending=0 metadataDirtyPending=0 uiDeferred=0 uiFlush=0 uiRefreshServiceCount=1 
[30602][I][STORAGE] Maintenance continuity log wrote clean=1 reason=radio_owner_window completed=dirty_spool_index|boot_safe_deferred_persist|snapshot_lagged|upload_enrich_cursor_dirty|segment_audit remaining=no
[30603][I][STORAGE] Maintenance done reason=radio_owner_window actions=dirty_spool_index|boot_safe_deferred_persist|snapshot_lagged|upload_enrich_cursor_dirty|segment_audit|continuity_pass skipped=none remaining
[30604][I][STORAGE] RAMSpool worker resumed
[30604][I][STORAGE] Exclusive window end kind=maintenance result=capture_safe reason=radio_owner_window
[30605][I][STORAGE] maintenance owner window ms=3655 captureSafe=1 remaining=none
[30713][I][WIFI] Promiscuous: YES
[30713][I][WIFI] Promiscuous mode started data=0
[30829][I][WIFI] Radio paused
[30989][I][WIFI] Radio suspended
[30990][I][BLE] BLE payload buffers in PSRAM bytes=6276
[30991][I][STACK] TaskButtons watermark=2092B min=2092B
[31066][I][BLE] begin phase=nimble_pre bt=idle/0 heap=125832 largest=55284 stack=6800 devLen=14
[31066][I][BLE] begin phase=nimble_init
[31077][I][BLE] begin phase=nimble_init_ok bt=enabled/2 heap=62816 largest=31732 stack=6800
[31078][I][BLE] BLE SM disabled; app-layer P-256/AES-GCM required
[31080][I][BLE] begin phase=server_ok
[31080][I][BLE] scanner configured legacy=1 active=0 interval=30 window=30 srTimeout=200
[31080][I][BLE] begin phase=scanner_ok
[31081][I][BLE] begin phase=worker_ok
[31081][I][BLE] begin ready
[31081][I][BLE] radio enabled settle=500ms
[31083][I][BLE] advertising start
[31084][I][BLE] companion link requested reason=backlog_probe mode=fresh_scan timeout=15s settle=500ms cacheAge=0ms rssi=0
[31090][I][BLE] Phone probe lease granted reason=backlog_probe cachedFirst=1 hold=60000ms
[31091][I][STACK] TaskHardware watermark=6800B min=6800B
[31093][I][HEAP] heap free=4521KB min=4488KB largest=4352KB frag=3% internalFree=59KB internalLargest=31KB psramFree=4462KB core=0/0% owner=BLE_GPS nets=0 pendingUpload=1268 pendingEnrich=80
[HEALTH] uptime=0h00m30s
[HEALTH] CLOCK=UNSYNCED records-this-boot-unenrichable lastNtp=passive_wait age=17s
[HEALTH] heap used=3931/8452KB free=4521KB min=4488KB largest=4352KB frag=3%
[HEALTH] internal used=201/260KB free=59KB min=59KB largest=31KB
[HEALTH] psram used=3730/8192KB free=4462KB largest=4352KB
[HEALTH] stack free_min: core0=7KB/18KB core1=6KB/10KB
[HEALTH] loopTask free_min=3080B/5120B
[HEALTH] core usage: core0=0% core1=0%
[HEALTH] power=usb state=usb batt=100% 4672mV trend=0mV/min runtime=0min cap=1100mAh charging=0
[HEALTH] radio=BLE_GPS wifi=0 ble=0 gps=0 nets=0 pendingUpload=1268 pendingEnrich=80
[HEALTH] subghz=NONE mode=OFF pkts=0 nodes=0
[31098][I][STACK] TaskStorage watermark=3500B
[31098][I][STORAGE] RAMSpool enq=0 cons=0 inflight=0/1024 high=0 pressure=0 drop[full=0 big=0 noise=0 p3Evict=0 p3Drop=0 p2Drop=0 p1Fail=0] free=1024
[31098][I][STORAGE] RAMSpool enqueue probe[ok=0 drop=0] device[ok=0 drop=0]
[31099][I][STORAGE] RAMSpool worker probe[ok=0 sup=0 drop=0 fail=0 slow=0] device[ok=0 sup=0 drop=0 fail=0 slow=0] slowTotal=0 maxMs=0
[31099][I][STORAGE] RAMSpool prioEnq p0=0 p1=0 p2=0 p3=0
[31099][I][STORAGE] RAMSpool lanes p1=0/0 p2=0/0 p3=0/0
[31593][I][BLE] scan start
[31594][I][BLE] scan start diag=1 deliverDuplicates=1 diagLeft=44489 state=1 window=8000ms weakRecent=0 lastRssi=0
[31798][I][BLE] target found matchedBy=service cachePeer=0 addr=53:65:cd:6e:93:47 name=SpectrePhone rssi=-98
[31799][I][BLE] target found matchedBy=service cachePeer=0 addr=53:65:cd:6e:93:47 name=SpectrePhone rssi=-98
[31811][I][BLE] scan stop; connect pending addr=53:65:cd:6e:93:47
[32074][I][BLE] connect pending settled addr=53:65:cd:6e:93:47
[32074][I][BLE] connect attempt addr=53:65:cd:6e:93:47 name=SpectrePhone
[32075][I][BLE] connect params timeoutMs=15000 scanItvl=16 scanWin=16 addrType=1
[34727][I][BLE] connect result ok=1 err=0 addr=53:65:cd:6e:93:47
[34728][I][BLE] BLE link connected; starting app-layer auth watchdog=50000ms
[34728][I][BLE] remote service lookup begin core=1 internalFree=60204 largest=31732
[34773][I][BLE] remote service lookup end found=1 err=0
[34773][I][BLE] remote characteristic discovery begin
[34892][I][BLE] remote characteristic discovery end count=13 err=0
[34953][I][BLE] remote descriptor discovery char=auth count=2 err=0
[34953][I][BLE] auth notify subscribe begin
[34982][I][BLE] auth notify subscribe end ok=1 err=0
[35343][I][BLE] auth challenge write bytes=163 mtu=247 attPayload=244 mode=response
[35876][I][BLE] app secure session ready alg=P-256+ECDH+AES-256-GCM
[35877][I][BLE] phone auth confirmed; caching peer addr=53:65:cd:6e:93:47 ttl=300000ms rssi=-98
[35928][I][BLE] remote descriptor discovery char=enrichment count=2 err=0
[36003][I][BLE] remote descriptor discovery char=command_req count=2 err=0
[36123][I][BLE] remote bound gps=1 ctrl=1 meta=1 batch=1 enrich=1 auth=1 authReq=1 storage=1 cmdReq=1 cmdResp=1 logStream=1 dashStream=1 notification=1 notify(gps=0 ctrl=0 enrich=1 auth=1 cmdReq=1) mtu=247 a
[36124][I][BLE] probe_summary seen=1 matchedBy=service rssi=-98 scanMs=4285
[36124][I][BLE] phone_session_summary auth=ok mtu=247 gps=1 ctrl=1 enrich=1 storage=1
[36126][I][BLE] link ready state=4
[36182][I][BLE] storage snapshot sent pendingUp=0/1268 pendingEnrich=0/80 usedPct=12
[36187][I][BLE] Phone probe succeeded ??? backoff reset
[36255][I][BLE] Phone probe promoted to enrichment pendingEnrich=80 maxBatch=18
[36256][I][BLE] Enrichment pending scan begin claimed=0 max=18
[36256][I][STORAGE] batch_load_ids_enter freeInternal=56952 segments=30
[36257][I][STORAGE] load_ids_reserve count=1230 freeInternal=56952 largest=31732
[36257][I][STORAGE] load_ids_reserved freeInternal=56952
[38059][I][STORAGE] load_ids_loop_done scanned=27 skipped=3 idsCollected=1288 freeInternal=56952
[38060][I][STORAGE] batch_load_ids_done count=1268 capacity=2460 freeInternal=56952
[38061][I][STORAGE] batch_pending_loop_enter segments=30 maxCount=18 streaming=1 freeInternal=56952
[38761][I][STORAGE] Maintenance requested reason=dirty_spool_index source=enrichment_window_reconciled flags=dirty_spool_index
[38762][I][STORAGE] batch_pending_loop_done scanned=11 skipped=19 outCount=0 timeHit=0 elapsedMs=701 freeInternal=56944
[38762][I][BLE] Enrichment pending scan done count=0
[38762][I][BLE] Phone enrichment finished successfully
[38852][I][BLE] storage snapshot sent pendingUp=0/1268 pendingEnrich=0/0 usedPct=12
[38853][I][OFFLOAD] automatic handoff opened reason=localization_complete commandWindow=30s active=0
[38854][I][OFFLOAD] localization complete; bounded handoff pending=1268
[38854][I][BLE] Enrichment complete; persistent companion link retained
[38869][W][CORE] TaskHardware loop gap=2744ms owner=BLE_GPS pendingUpload=1268 maintPending=1 suppressed=3
[39299][I][STACK] TaskDisplay watermark=5036B min=5036B
=== reconnecting capture closed 2026-08-15T19:58:35.9661104-05:00 ===
