=== capture opened 2026-08-10T14:22:25.9080778-05:00 ===
=== send: companion probe ===
companion probe
[COMP] manual probe queued
[234618][I][COMP] Manual probe request received; probe backoff bypassed
[234619][I][WIFI] Radio paused
[234776][I][WIFI] Radio suspended
[234854][I][BLE] BLE payload buffers in PSRAM bytes=6276
[234930][I][BLE] begin phase=nimble_pre bt=idle/0 heap=102724 largest=31732 stack=15296 devLen=14
[234930][I][BLE] begin phase=nimble_init
[234940][I][BLE] begin phase=nimble_init_ok bt=enabled/2 heap=39700 largest=30708 stack=15296
[234941][I][BLE] BLE SM disabled; app-layer P-256/AES-GCM required
[234942][I][BLE] begin phase=server_ok
[234943][I][BLE] scanner configured legacy=1 active=0 interval=30 window=30 srTimeout=200
[234943][I][BLE] begin phase=scanner_ok
[234943][I][BLE] begin phase=worker_ok
[234943][I][BLE] begin ready
[234944][I][BLE] radio enabled settle=500ms
[234946][I][BLE] advertising start
[234946][I][BLE] companion link requested reason=manual_probe mode=fresh_scan timeout=15s settle=500ms cacheAge=0ms rssi=0
[234952][I][BLE] Phone probe lease granted reason=manual_probe cachedFirst=0 hold=60000ms
[234963][W][CORE] TaskHardware loop gap=346ms owner=BLE_GPS pendingUpload=2093 maintPending=1 suppressed=0
[235556][I][BLE] scan start
[235557][I][BLE] scan start diag=1 deliverDuplicates=1 diagLeft=44388 state=1 window=8000ms weakRecent=0 lastRssi=0
[235684][I][BLE] target found matchedBy=service cachePeer=0 addr=6a:03:ee:0b:c2:46 name=SpectrePhone rssi=-57
[235685][I][BLE] target found matchedBy=service cachePeer=0 addr=6a:03:ee:0b:c2:46 name=SpectrePhone rssi=-57
[235710][I][BLE] scan stop; connect pending addr=6a:03:ee:0b:c2:46
[236012][I][BLE] connect pending settled addr=6a:03:ee:0b:c2:46
[236013][I][BLE] connect attempt addr=6a:03:ee:0b:c2:46 name=SpectrePhone
[236013][I][BLE] connect params timeoutMs=45000 scanItvl=16 scanWin=16 addrType=1
[236343][I][BLE] connect result ok=1 err=0 addr=6a:03:ee:0b:c2:46
[236343][I][BLE] BLE link connected; starting app-layer auth watchdog=50000ms
[236344][I][BLE] remote service lookup begin core=1 internalFree=37048 largest=28660
[236402][I][BLE] remote service lookup end found=1 err=0
[236403][I][BLE] remote characteristic discovery begin
[236581][I][BLE] remote characteristic discovery end count=13 err=0
[236642][I][BLE] remote descriptor discovery char=auth count=2 err=0
[236642][I][BLE] auth notify subscribe begin
[236701][I][BLE] auth notify subscribe end ok=1 err=0
[236975][I][BLE] auth challenge write bytes=163 mtu=247 attPayload=244 mode=response
[237949][I][BLE] app secure session ready alg=P-256+ECDH+AES-256-GCM
[237949][I][BLE] phone auth confirmed; caching peer addr=6a:03:ee:0b:c2:46 ttl=300000ms rssi=-57
[237992][I][BLE] remote descriptor discovery char=enrichment count=2 err=0
[238112][I][BLE] remote descriptor discovery char=command_req count=2 err=0
[238352][I][BLE] remote bound gps=1 ctrl=1 meta=1 batch=1 enrich=1 auth=1 authReq=1 storage=1 cmdReq=1 cmdResp=1 logStream=1 dashStream=1 notification=1 notify(gps=0 ctrl=0 enrich=1 auth=1 cmdReq=1) mtu=247 a
[238352][I][BLE] probe_summary seen=1 matchedBy=service rssi=-57 scanMs=2394
[238353][I][BLE] phone_session_summary auth=ok mtu=247 gps=1 ctrl=1 enrich=1 storage=1
[238411][I][BLE] storage snapshot sent pendingUp=0/2093 pendingEnrich=0/2052 usedPct=11
[238417][I][BLE] Phone probe succeeded ??? backoff reset
[238417][I][BLE] probe resource release
[238418][I][BLE] advertising stop
[238418][I][BLE] client soft drop reason=radio_disabled
[238419][I][BLE] radio disabled
[238419][I][BLE] probe_release phase=worker_delete
[238442][I][BLE] peer disconnect ignored after radio release reason=534
[238479][I][WIFI] Promiscuous: YES
[238479][I][WIFI] Promiscuous mode started data=0
[238636][I][STORAGE] capture write allowed owner=WIFI_CAPTURE path=/events/counter.txt reason=capture_micro_idle ms=78 ok=1
[238732][I][STORAGE] capture write allowed owner=WIFI_CAPTURE path=/events/meta.json reason=capture_micro_idle ms=96 ok=1
