=== capture opened 2026-08-10T14:20:47.9010375-05:00 ===
[150016][I][HEAP] heap free=4544KB min=4475KB largest=4352KB frag=4% internalFree=71KB internalLargest=31KB psramFree=4473KB core=0/0% owner=WIFI_CAPTURE nets=1 pendingUpload=2087 pendingEnrich=2046
[HEALTH] time=2026-08-10 14:19:49 src=ntp
[HEALTH] heap used=3907/8451KB free=4544KB min=4475KB largest=4352KB frag=4%
[HEALTH] internal used=188/259KB free=71KB min=11KB largest=31KB
[HEALTH] psram used=3719/8192KB free=4473KB largest=4352KB
[HEALTH] stack free_min: core0=16KB/22KB core1=13KB/18KB
[HEALTH] core usage: core0=0% core1=0%
[HEALTH] power=usb state=usb batt=100% 4743mV trend=12mV/min runtime=0min cap=1100mAh charging=1
[HEALTH] radio=WIFI_CAPTURE wifi=0 ble=0 gps=0 nets=1 pendingUpload=2087 pendingEnrich=2046
[HEALTH] subghz=NONE mode=OFF pkts=0 nodes=0
[150019][I][STORAGE] RAMSpool enq=44 cons=44 inflight=0/1024 high=6 pressure=0 drop[full=0 big=0 noise=0 p3Evict=0 p3Drop=0 p2Drop=0 p1Fail=0] free=1024
[150019][I][STORAGE] RAMSpool enqueue probe[ok=39 drop=0] device[ok=5 drop=0]
[150019][I][STORAGE] RAMSpool worker probe[ok=2 sup=37 drop=0 fail=0 slow=0] device[ok=5 sup=0 drop=0 fail=0 slow=0] slowTotal=0 maxMs=0
[150020][I][STORAGE] RAMSpool prioEnq p0=0 p1=0 p2=44 p3=0
[150020][I][STORAGE] RAMSpool lanes p1=0/0 p2=0/5 p3=0/0
[151039][I][STACK] TaskHardware watermark=16256B min=16256B
[154232][I][STORAGE] worker ui refresh serviced uiRefreshServiceCount=8 uiDeferred=48 uiFlush=8 pressure=0 usedPct=11 pending=2088
[170129][I][STORAGE] capture write allowed owner=WIFI_CAPTURE path=/events/counter.txt reason=capture_micro_idle ms=254 ok=1
[170186][I][STORAGE] capture write allowed owner=WIFI_CAPTURE path=/events/meta.json reason=capture_micro_idle ms=57 ok=1
[171289][I][STORAGE] capture write allowed owner=WIFI_CAPTURE path=/spool/index.json reason=capture_micro_idle ms=1081 ok=1
[171290][W][STORAGE] worker metadata flush reason=capture_micro_idle ms=1416 ok=1 dirty=0
[171291][I][STORAGE] worker metadata flush metadataFlushCount=2 reason=capture_micro_idle entryMetadataDirtyPending=1 entryUiRefreshPending=0 metadataDirtyPending=0 uiDeferred=48 uiFlush=8 uiRefreshServiceCount=8
[171292][W][CORE] TaskHardware slow section=capture_storage_maintenance ms=1477 owner=WIFI_CAPTURE pendingUpload=2088 maintPending=1
[171302][W][CORE] TaskHardware loop gap=1489ms owner=WIFI_CAPTURE pendingUpload=2088 maintPending=1 suppressed=0
[174879][I][STORAGE] Routine maintenance requests coalesced count=1 latest=snapshot_lagged source=append_metadata_deferred flags=dirty_spool_index|dirty_summary|snapshot_lagged
[175204][I][STORAGE] worker ui refresh serviced uiRefreshServiceCount=9 uiDeferred=50 uiFlush=9 pressure=0 usedPct=11 pending=2090
[180021][I][HEAP] heap free=4544KB min=4475KB largest=4352KB frag=4% internalFree=71KB internalLargest=31KB psramFree=4473KB core=5/3% owner=WIFI_CAPTURE nets=1 pendingUpload=2090 pendingEnrich=2049
[HEALTH] time=2026-08-10 14:20:19 src=ntp
[HEALTH] heap used=3907/8451KB free=4544KB min=4475KB largest=4352KB frag=4%
[HEALTH] internal used=188/259KB free=71KB min=11KB largest=31KB
[HEALTH] psram used=3719/8192KB free=4473KB largest=4352KB
[HEALTH] stack free_min: core0=16KB/22KB core1=13KB/18KB
[HEALTH] core usage: core0=5% core1=3%
[HEALTH] power=usb state=usb batt=100% 4744mV trend=10mV/min runtime=0min cap=1100mAh charging=1
[HEALTH] radio=WIFI_CAPTURE wifi=0 ble=0 gps=0 nets=1 pendingUpload=2090 pendingEnrich=2049
[HEALTH] subghz=NONE mode=OFF pkts=0 nodes=0
[180024][I][STORAGE] RAMSpool enq=50 cons=50 inflight=0/1024 high=6 pressure=0 drop[full=0 big=0 noise=0 p3Evict=0 p3Drop=0 p2Drop=0 p1Fail=0] free=1024
[180024][I][STORAGE] RAMSpool enqueue probe[ok=43 drop=0] device[ok=7 drop=0]
[180024][I][STORAGE] RAMSpool worker probe[ok=3 sup=40 drop=0 fail=0 slow=0] device[ok=7 sup=0 drop=0 fail=0 slow=0] slowTotal=0 maxMs=0
[180025][I][STORAGE] RAMSpool prioEnq p0=0 p1=0 p2=50 p3=0
[180025][I][STORAGE] RAMSpool lanes p1=0/0 p2=0/5 p3=0/0
[181044][I][STACK] TaskHardware watermark=16256B min=16256B
[195778][I][STORAGE] worker ui refresh serviced uiRefreshServiceCount=10 uiDeferred=54 uiFlush=10 pressure=0 usedPct=11 pending=2092
[210025][I][HEAP] heap free=4544KB min=4475KB largest=4352KB frag=4% internalFree=71KB internalLargest=31KB psramFree=4473KB core=0/0% owner=WIFI_CAPTURE nets=1 pendingUpload=2092 pendingEnrich=2051
[HEALTH] time=2026-08-10 14:20:49 src=ntp
[HEALTH] heap used=3907/8451KB free=4544KB min=4475KB largest=4352KB frag=4%
[HEALTH] internal used=188/259KB free=71KB min=11KB largest=31KB
[HEALTH] psram used=3719/8192KB free=4473KB largest=4352KB
[HEALTH] stack free_min: core0=16KB/22KB core1=13KB/18KB
[HEALTH] core usage: core0=0% core1=0%
[HEALTH] power=usb state=usb batt=100% 4745mV trend=9mV/min runtime=0min cap=1100mAh charging=1
[HEALTH] radio=WIFI_CAPTURE wifi=0 ble=0 gps=0 nets=1 pendingUpload=2092 pendingEnrich=2051
[HEALTH] subghz=NONE mode=OFF pkts=0 nodes=0
[210028][I][STORAGE] RAMSpool enq=54 cons=54 inflight=0/1024 high=6 pressure=0 drop[full=0 big=0 noise=0 p3Evict=0 p3Drop=0 p2Drop=0 p1Fail=0] free=1024
[210028][I][STORAGE] RAMSpool enqueue probe[ok=45 drop=0] device[ok=9 drop=0]
[210029][I][STORAGE] RAMSpool worker probe[ok=3 sup=42 drop=0 fail=0 slow=0] device[ok=9 sup=0 drop=0 fail=0 slow=0] slowTotal=0 maxMs=0
[210029][I][STORAGE] RAMSpool prioEnq p0=0 p1=0 p2=54 p3=0
[210029][I][STORAGE] RAMSpool lanes p1=0/0 p2=0/5 p3=0/0
[211049][I][STACK] TaskHardware watermark=16256B min=16256B
[216292][I][STORAGE] worker ui refresh serviced uiRefreshServiceCount=11 uiDeferred=59 uiFlush=11 pressure=0 usedPct=11 pending=2093
=== capture closed 2026-08-10T14:22:17.9519800-05:00 ===
