=== capture opened 2026-08-14T09:10:50.8784323-05:00 ===
[2565][W][STORAGE] Spool audit slow reason=boot_small_repair segs=7 recs=180 ms=441
[2566][I][STORAGE] Spool audit[boot_small_repair] scannedSegs=7 scannedRecords=180 validEvents=94 uploadedRetained=28 validEnrichDeltas=86 invalidRecords=0 skippedRecords=0 quarantined=0 unreadable=0 pendingUpl
[2566][I][STORAGE] Maintenance requested reason=delete_drained source=boot_small_repair flags=counter_untrusted|segment_audit|delete_drained
[2567][W][STORAGE] Counter trust=trusted reason=boot_small_repair since=2567
[2567][W][STORAGE] Fast boot: small backlog exact repair complete pending=66 nextEventId=34984 records=94
[2572][I][STORAGE] Config synced from settings for: Spectre
[2708][I][STORAGE] Ready. Used=372KB / 8128KB Free=7756KB / 8128KB
[2708][I][STORAGE] Spool diag[ensure_ready] validSegments=7 untrustedSegments=0 invalidSegments=0 activeSegment=535 totalRecords=180 storedEvents=94 pendingUpload=66 nextEventId=34984
[2714][I][CORE] Storage begin done ok=1 ready=1 pending=66 heapFree=169432 largest=122868
[2717][I][STORAGE] Maintenance start reason=pre_capture_boot budgetMs=5000 flags=delete_drained captureSafe=1
[2718][I][STORAGE] Maintenance skip action=delete_drained reason=pre_capture_metadata_only flags=delete_drained
[2821][I][STORAGE] Maintenance done reason=pre_capture_boot actions=none skipped=delete_drained remaining=delete_drained elapsedMs=104 captureSafe=1
[2841][I][STORAGE] RAMSpool worker started on core 1
[2841][I][STORAGE] RAMSpool ready slots=1024 slotBytes=416 total=416KB core=1
[2849][I][DLOG] DebugLog started - build Aug 11 2026 15:41:42
[3241][I][STOR] Loaded 0 known locations
[3242][I][STORAGE] Initial storage summary deferred until maintenance completes
[3259][I][MQTT] Backlog loaded: 66 records
[3439][I][BADUSB] Loaded 0 scripts
[3439][I][BADUSB] IDLE
[3440][I][WIO] UART1 begin tx=1 rx=2 baud=115200
[5940][I][WIO] Accessory not detected within 2500ms
[5940][I][XPORT] transport=internal_ble previous=internal_ble reason=initial wio.available=0 wio.proxy=0 ble.begun=0 ble.state=0 transitions=0
[5941][I][WIO_SX] SX1262 not present; backend idle (Reyax fallback)
[6542][I][MESH] Meshtastic client ready node=0x334B7A38 chanHash=0x08 (disabled)
[6724][I][ENTITY] Boot selftest accepted=1 idempotent=1 result=pass
[7434][I][ENTITY] Rebuild complete entities=12 observations=94 ms=619
[7435][I][ENTITY] Ready entities=12 observations=94 links=98304 psram=3088KB selftest=pass rebuild=ok
[7453][I][PWNY] PMKID capture index loaded count=0
[7453][I][WIFI] WiFiManager initialized
[7663][I][WIFI] Allocation: OK
[7768][I][WIFI] Promiscuous: YES
[7768][I][WIFI] Promiscuous mode started data=0
[7773][I][CORE] Hardware ready
[7959][I][COMP] Automatic phone offload recovery requested
[10008][I][WIFI] Radio paused
[10168][I][WIFI] Radio suspended
[10169][I][BLE] BLE payload buffers in PSRAM bytes=6276
[10245][I][BLE] begin phase=nimble_pre bt=idle/0 heap=131096 largest=59380 stack=8876 devLen=14
[10245][I][BLE] begin phase=nimble_init
[10255][I][BLE] begin phase=nimble_init_ok bt=enabled/2 heap=68096 largest=31732 stack=8876
[10255][I][BLE] BLE SM disabled; app-layer P-256/AES-GCM required
[10257][I][BLE] begin phase=server_ok
[10257][I][BLE] scanner configured legacy=1 active=0 interval=30 window=30 srTimeout=200
[10257][I][BLE] begin phase=scanner_ok
[10258][I][BLE] begin phase=worker_ok
[10258][I][BLE] begin ready
[10258][I][BLE] radio enabled settle=500ms
[10260][I][BLE] advertising start
[10261][I][BLE] companion link requested reason=offload_prep mode=fresh_scan timeout=15s settle=500ms cacheAge=0ms rssi=0
[10325][I][BLE] Phone probe lease granted reason=offload_prep cachedFirst=1 hold=60000ms
[10336][W][CORE] TaskHardware loop gap=329ms owner=BLE_GPS pendingUpload=66 maintPending=1 suppressed=0
[10788][I][BLE] scan start
[10789][I][BLE] scan start diag=1 deliverDuplicates=1 diagLeft=44469 state=1 window=8000ms weakRecent=0 lastRssi=0
[10967][I][BLE] target found matchedBy=service cachePeer=0 addr=5a:70:86:b1:f2:12 name=SpectrePhone rssi=-75
[10970][I][BLE] target found matchedBy=service cachePeer=0 addr=5a:70:86:b1:f2:12 name=SpectrePhone rssi=-75
[10973][I][BLE] scan stop; connect pending addr=5a:70:86:b1:f2:12
[11241][I][BLE] connect pending settled addr=5a:70:86:b1:f2:12
[11241][I][BLE] connect attempt addr=5a:70:86:b1:f2:12 name=SpectrePhone
[11241][I][BLE] connect params timeoutMs=45000 scanItvl=16 scanWin=16 addrType=1
[12993][I][BLE] connect result ok=1 err=0 addr=5a:70:86:b1:f2:12
[12993][I][BLE] BLE link connected; starting app-layer auth watchdog=50000ms
[12994][I][BLE] remote service lookup begin core=1 internalFree=65428 largest=31732
[13022][I][BLE] remote service lookup end found=1 err=0
[13022][I][BLE] remote characteristic discovery begin
[13142][I][BLE] remote characteristic discovery end count=13 err=0
[13172][I][BLE] remote descriptor discovery char=auth count=2 err=0
[13172][I][BLE] auth notify subscribe begin
[13201][I][BLE] auth notify subscribe end ok=1 err=0
[13474][I][BLE] auth challenge write bytes=163 mtu=247 attPayload=244 mode=response
[13998][I][BLE] app secure session ready alg=P-256+ECDH+AES-256-GCM
[13998][I][BLE] phone auth confirmed; caching peer addr=5a:70:86:b1:f2:12 ttl=300000ms rssi=-75
[14027][I][BLE] remote descriptor discovery char=enrichment count=2 err=0
[14102][I][BLE] remote descriptor discovery char=command_req count=2 err=0
[14236][I][BLE] remote bound gps=1 ctrl=1 meta=1 batch=1 enrich=1 auth=1 authReq=1 storage=1 cmdReq=1 cmdResp=1 logStream=1 dashStream=1 notification=1 notify(gps=0 ctrl=0 enrich=1 auth=1 cmdReq=1) mtu=247 a
[14237][I][BLE] probe_summary seen=1 matchedBy=service rssi=-75 scanMs=3211
[14237][I][BLE] phone_session_summary auth=ok mtu=247 gps=1 ctrl=1 enrich=1 storage=1
[14266][I][BLE] storage snapshot sent pendingUp=0/66 pendingEnrich=0/8 usedPct=4
[14271][I][BLE] Phone probe succeeded ??? backoff reset
[14275][I][BLE] Phone probe promoted to enrichment pendingEnrich=8 maxBatch=18
[14275][I][BLE] Enrichment pending scan begin claimed=0 max=18
[14275][I][STORAGE] batch_load_ids_enter freeInternal=62208 segments=7
[14276][I][STORAGE] load_ids_reserve count=86 freeInternal=62208 largest=31732
[14276][I][STORAGE] load_ids_reserved freeInternal=62208
[14418][I][STORAGE] load_ids_loop_done scanned=3 skipped=4 idsCollected=86 freeInternal=62208
[14418][I][STORAGE] batch_load_ids_done count=86 capacity=86 freeInternal=62208
[14419][I][STORAGE] batch_pending_loop_enter segments=7 maxCount=18 streaming=1 freeInternal=62208
[14462][I][STORAGE] batch_pending_loop_done scanned=1 skipped=6 outCount=8 timeHit=0 elapsedMs=43 freeInternal=62208
[14462][I][BLE] Enrichment pending scan done count=8
[14462][I][BLE] Enrichment pending scan skipped no-epoch=8 kept=0
[14463][I][BLE] Phone enrichment finished successfully
[14491][I][BLE] storage snapshot sent pendingUp=0/66 pendingEnrich=0/0 usedPct=4
[14492][I][OFFLOAD] automatic handoff opened reason=localization_complete commandWindow=30s active=0
[14492][I][OFFLOAD] localization complete; bounded handoff pending=66
[14492][I][BLE] Enrichment complete; persistent companion link retained
[14507][I][BLE] link ready state=4
[30005][I][HEAP] heap free=4478KB min=4471KB largest=4352KB frag=2% internalFree=61KB internalLargest=31KB psramFree=4417KB core=0/0% owner=BLE_GPS nets=3 pendingUpload=66 pendingEnrich=0
[HEALTH] time=2026-08-14 09:11:17 src=ntp
[HEALTH] heap used=3975/8453KB free=4478KB min=4471KB largest=4352KB frag=2%
[HEALTH] internal used=200/261KB free=61KB min=54KB largest=31KB
[HEALTH] psram used=3775/8192KB free=4417KB largest=4352KB
[HEALTH] stack free_min: core0=8KB/14KB core1=5KB/10KB
[HEALTH] loopTask free_min=3076B/5120B
[HEALTH] core usage: core0=0% core1=0%
[HEALTH] power=usb state=usb batt=100% 4696mV trend=0mV/min runtime=0min cap=1100mAh charging=0
[HEALTH] radio=BLE_GPS wifi=0 ble=1 gps=0 nets=3 pendingUpload=66 pendingEnrich=0
[HEALTH] subghz=NONE mode=OFF pkts=0 nodes=0
[30010][I][STACK] TaskStorage watermark=3268B
[30010][I][STORAGE] RAMSpool enq=0 cons=0 inflight=0/1024 high=0 pressure=0 drop[full=0 big=0 noise=0 p3Evict=0 p3Drop=0 p2Drop=0 p1Fail=0] free=1024
[30011][I][STORAGE] RAMSpool enqueue probe[ok=0 drop=0] device[ok=0 drop=0]
[30012][I][STORAGE] RAMSpool worker probe[ok=0 sup=0 drop=0 fail=0 slow=0] device[ok=0 sup=0 drop=0 fail=0 slow=0] slowTotal=0 maxMs=0
[30013][I][STORAGE] RAMSpool prioEnq p0=0 p1=0 p2=0 p3=0
[30013][I][STORAGE] RAMSpool lanes p1=0/0 p2=0/0 p3=0/0
[30987][I][STACK] TaskButtons watermark=2088B min=2088B
[31023][I][STACK] TaskDisplay watermark=5012B min=5012B
[31025][I][STACK] TaskHardware watermark=7864B min=7864B
[40262][I][BLE] worker stack free=7448B min=7448B
[44472][I][OFFLOAD] automatic handoff ended reason=automatic_offload_timeout started=0 retryIn=300s
[44473][I][BLE] probe resource release
[44474][I][BLE] advertising stop
[44474][I][BLE] client soft drop reason=radio_disabled
[44475][I][BLE] radio disabled
[44475][I][BLE] probe_release phase=worker_delete
[44476][I][BLE] peer disconnect ignored after radio release reason=534
[44537][I][WIFI] Promiscuous: YES
[44538][I][WIFI] Promiscuous mode started data=0
[60014][I][HEAP] heap free=4454KB min=4448KB largest=4352KB frag=2% internalFree=31KB internalLargest=23KB psramFree=4423KB core=0/0% owner=WIFI_CAPTURE nets=6 pendingUpload=66 pendingEnrich=0
[HEALTH] time=2026-08-14 09:11:47 src=ntp
[HEALTH] heap used=3998/8453KB free=4454KB min=4448KB largest=4352KB frag=2%
[HEALTH] internal used=229/261KB free=31KB min=31KB largest=23KB
[HEALTH] psram used=3769/8192KB free=4423KB largest=4352KB
[HEALTH] stack free_min: core0=8KB/14KB core1=5KB/10KB
[HEALTH] loopTask free_min=3076B/5120B
[HEALTH] core usage: core0=0% core1=0%
[HEALTH] power=usb state=usb batt=100% 4730mV trend=70mV/min runtime=0min cap=1100mAh charging=1
[HEALTH] radio=WIFI_CAPTURE wifi=0 ble=0 gps=0 nets=6 pendingUpload=66 pendingEnrich=0
[HEALTH] subghz=NONE mode=OFF pkts=0 nodes=0
[60017][I][STACK] TaskStorage watermark=3268B
[60018][I][STORAGE] RAMSpool enq=0 cons=0 inflight=0/1024 high=0 pressure=0 drop[full=0 big=0 noise=0 p3Evict=0 p3Drop=0 p2Drop=0 p1Fail=0] free=1024
[60018][I][STORAGE] RAMSpool enqueue probe[ok=0 drop=0] device[ok=0 drop=0]
[60018][I][STORAGE] RAMSpool worker probe[ok=0 sup=0 drop=0 fail=0 slow=0] device[ok=0 sup=0 drop=0 fail=0 slow=0] slowTotal=0 maxMs=0
[60019][I][STORAGE] RAMSpool prioEnq p0=0 p1=0 p2=0 p3=0
[60019][I][STORAGE] RAMSpool lanes p1=0/0 p2=0/0 p3=0/0
[60987][I][STACK] TaskButtons watermark=2088B min=2088B
[61036][I][STACK] TaskHardware watermark=7864B min=7864B
[68817][I][STORAGE] Spool rotate index deferred owner=WIFI_CAPTURE reason=capture seg=536 format=bin_v2
[68842][I][STORAGE] Routine maintenance requests coalesced count=1 latest=snapshot_lagged source=append_metadata_deferred flags=dirty_spool_index|snapshot_lagged|delete_drained
[69104][I][STORAGE] worker ui refresh serviced uiRefreshServiceCount=1 uiDeferred=2 uiFlush=1 pressure=0 usedPct=4 pending=68
=== send: companion status ===
companion status
[COMP] enabled=1
[COMP] external accessory=0 bleProxy=0 phoneConnected=0 phone=unknown rssi=0 ageMs=0
[COMP] wio link=idle sx1262=0 textInput=0
[COMP] phone=UNKNOWN work=IDLE
[COMP] bleBegun=1 bleRadio=0 bleState=IDLE
[COMP] ready link=0 gps=0 freshGps=0 ctrl=0 enrich=0
[COMP] bleInitAgeMs=62315 scanStartAgeMs=61785 disconnReason=534
[COMP] pendingEnrichMission=0 pendingEnrichNoise=0 pendingEnrichTotal=0
[COMP] hold manual=0 autoOffload=0 managerActive=0 prep=0 deadlineInMs=0 retryInMs=271911
[COMP] lastProbeAgeMs=62300 lastEnrichAgeMs=58098
[COMP] radioOwner=wifi_capture
[76394][I][STORAGE] worker ui refresh serviced uiRefreshServiceCount=2 uiDeferred=4 uiFlush=2 pressure=0 usedPct=4 pending=70
[90020][I][HEAP] heap free=4448KB min=4437KB largest=4352KB frag=2% internalFree=26KB internalLargest=14KB psramFree=4423KB core=0/0% owner=WIFI_CAPTURE nets=6 pendingUpload=70 pendingEnrich=12
[HEALTH] time=2026-08-14 09:12:17 src=ntp
[HEALTH] heap used=4004/8453KB free=4448KB min=4437KB largest=4352KB frag=2%
[HEALTH] internal used=235/261KB free=26KB min=20KB largest=14KB
[HEALTH] psram used=3769/8192KB free=4423KB largest=4352KB
[HEALTH] stack free_min: core0=8KB/14KB core1=5KB/10KB
[HEALTH] loopTask free_min=3076B/5120B
[HEALTH] core usage: core0=0% core1=0%
[HEALTH] power=usb state=usb batt=100% 4735mV trend=48mV/min runtime=0min cap=1100mAh charging=1
[HEALTH] radio=WIFI_CAPTURE wifi=0 ble=0 gps=0 nets=6 pendingUpload=70 pendingEnrich=12
[HEALTH] subghz=NONE mode=OFF pkts=0 nodes=0
[90022][I][STACK] TaskStorage watermark=1988B
[90022][I][STORAGE] RAMSpool enq=4 cons=4 inflight=0/1024 high=2 pressure=0 drop[full=0 big=0 noise=0 p3Evict=0 p3Drop=0 p2Drop=0 p1Fail=0] free=1024
[90023][I][STORAGE] RAMSpool enqueue probe[ok=2 drop=0] device[ok=2 drop=0]
[90023][I][STORAGE] RAMSpool worker probe[ok=2 sup=0 drop=0 fail=0 slow=0] device[ok=2 sup=0 drop=0 fail=0 slow=0] slowTotal=0 maxMs=0
[90023][I][STORAGE] RAMSpool prioEnq p0=0 p1=0 p2=4 p3=0
[90024][I][STORAGE] RAMSpool lanes p1=0/0 p2=0/1 p3=0/0
[90987][I][STACK] TaskButtons watermark=2088B min=2088B
[91044][I][STACK] TaskHardware watermark=7864B min=7864B
[91391][I][STORAGE] worker ui refresh serviced uiRefreshServiceCount=3 uiDeferred=8 uiFlush=3 pressure=0 usedPct=4 pending=74
=== capture closed 2026-08-14T09:12:30.9800823-05:00 ===
