=== capture opened 2026-08-11T13:28:54.4989724-05:00 ===
=== send: companion enrich ===
companion enrich
[COMP] manual enrich queued
[13708][I][COMP] Manual enrich request received; probe backoff bypassed
[18827][I][BLE] scan window ended window=8000ms weakRecent=0 lastRssi=0
[19093][I][BLE] scan start
[19094][I][BLE] scan start diag=1 deliverDuplicates=1 diagLeft=36216 state=1 window=8000ms weakRecent=0 lastRssi=0
[27098][I][BLE] scan window ended window=8000ms weakRecent=0 lastRssi=0
[27360][I][BLE] scan start
[27361][I][BLE] scan start diag=1 deliverDuplicates=1 diagLeft=27949 state=1 window=8000ms weakRecent=0 lastRssi=0
[30010][I][HEAP] heap free=4456KB min=4451KB largest=4352KB frag=2% internalFree=39KB internalLargest=31KB psramFree=4417KB core=0/0% owner=BLE_GPS nets=1 pendingUpload=2 pendingEnrich=2
[HEALTH] time=2026-08-11 13:28:54 src=ntp
[HEALTH] heap used=3995/8451KB free=4456KB min=4451KB largest=4352KB frag=2%
[HEALTH] internal used=220/259KB free=39KB min=34KB largest=31KB
[HEALTH] psram used=3775/8192KB free=4417KB largest=4352KB
[HEALTH] stack free_min: core0=17KB/22KB core1=13KB/18KB
[HEALTH] core usage: core0=0% core1=0%
[HEALTH] power=usb state=usb batt=98% 4151mV trend=0mV/min runtime=0min cap=1100mAh charging=0
[HEALTH] radio=BLE_GPS wifi=0 ble=0 gps=0 nets=1 pendingUpload=2 pendingEnrich=2
[HEALTH] subghz=NONE mode=OFF pkts=0 nodes=0
[30012][I][STORAGE] RAMSpool enq=2 cons=2 inflight=0/1024 high=2 pressure=0 drop[full=0 big=0 noise=0 p3Evict=0 p3Drop=0 p2Drop=0 p1Fail=0] free=1024
[30012][I][STORAGE] RAMSpool enqueue probe[ok=1 drop=0] device[ok=1 drop=0]
[30013][I][STORAGE] RAMSpool worker probe[ok=1 sup=0 drop=0 fail=0 slow=0] device[ok=1 sup=0 drop=0 fail=0 slow=0] slowTotal=0 maxMs=0
[30013][I][STORAGE] RAMSpool prioEnq p0=0 p1=0 p2=2 p3=0
[30013][I][STORAGE] RAMSpool lanes p1=0/0 p2=0/1 p3=0/0
[31010][I][STACK] TaskDisplay watermark=13212B min=13212B
[31028][I][STACK] TaskHardware watermark=17120B min=17120B
[35362][I][BLE] scan window ended window=8000ms weakRecent=0 lastRssi=0
[35620][I][BLE] scan start
[35621][I][BLE] scan start diag=1 deliverDuplicates=1 diagLeft=19689 state=1 window=8000ms weakRecent=0 lastRssi=0
[40333][I][BLE] worker stack free=9440B min=9440B
[43621][I][BLE] scan window ended window=8000ms weakRecent=0 lastRssi=0
[43882][I][BLE] scan start
[43883][I][BLE] scan start diag=1 deliverDuplicates=1 diagLeft=11428 state=1 window=8000ms weakRecent=0 lastRssi=0
[51893][I][BLE] scan window ended window=8000ms weakRecent=0 lastRssi=0
[52154][I][BLE] scan start
[52155][I][BLE] scan start diag=1 deliverDuplicates=1 diagLeft=3155 state=1 window=8000ms weakRecent=0 lastRssi=0
[60016][I][HEAP] heap free=4456KB min=4451KB largest=4352KB frag=2% internalFree=39KB internalLargest=31KB psramFree=4417KB core=0/0% owner=BLE_GPS nets=1 pendingUpload=2 pendingEnrich=2
[HEALTH] time=2026-08-11 13:29:24 src=ntp
[HEALTH] heap used=3995/8451KB free=4456KB min=4451KB largest=4352KB frag=2%
[HEALTH] internal used=220/259KB free=39KB min=34KB largest=31KB
[HEALTH] psram used=3775/8192KB free=4417KB largest=4352KB
[HEALTH] stack free_min: core0=17KB/22KB core1=13KB/18KB
[HEALTH] core usage: core0=0% core1=0%
[HEALTH] power=usb state=usb batt=100% 4278mV trend=171mV/min runtime=0min cap=1100mAh charging=1
[HEALTH] radio=BLE_GPS wifi=0 ble=0 gps=0 nets=1 pendingUpload=2 pendingEnrich=2
[HEALTH] subghz=NONE mode=OFF pkts=0 nodes=0
[60019][I][STORAGE] RAMSpool enq=2 cons=2 inflight=0/1024 high=2 pressure=0 drop[full=0 big=0 noise=0 p3Evict=0 p3Drop=0 p2Drop=0 p1Fail=0] free=1024
[60019][I][STORAGE] RAMSpool enqueue probe[ok=1 drop=0] device[ok=1 drop=0]
[60019][I][STORAGE] RAMSpool worker probe[ok=1 sup=0 drop=0 fail=0 slow=0] device[ok=1 sup=0 drop=0 fail=0 slow=0] slowTotal=0 maxMs=0
[60020][I][STORAGE] RAMSpool prioEnq p0=0 p1=0 p2=2 p3=0
[60020][I][STORAGE] RAMSpool lanes p1=0/0 p2=0/1 p3=0/0
[60160][I][BLE] scan window ended window=8000ms weakRecent=0 lastRssi=0
[60421][I][BLE] scan start
[60422][I][BLE] scan start diag=0 deliverDuplicates=0 diagLeft=0 state=1 window=8000ms weakRecent=0 lastRssi=0
[61036][I][STACK] TaskHardware watermark=17120B min=17120B
[68422][I][BLE] scan window ended window=8000ms weakRecent=0 lastRssi=0
[68685][I][BLE] scan start
[68686][I][BLE] scan start diag=0 deliverDuplicates=0 diagLeft=0 state=1 window=8000ms weakRecent=0 lastRssi=0
[70318][I][BLE] probe resource release
[70320][I][BLE] advertising stop
[70320][I][BLE] client soft drop reason=radio_disabled
[70320][I][BLE] radio disabled
[70321][I][BLE] probe release scan stop settle=300ms
[70620][I][BLE] probe_release phase=worker_delete
[70679][I][WIFI] Promiscuous: YES
[70680][I][WIFI] Promiscuous mode started data=0
[70694][W][CORE] TaskHardware loop gap=376ms owner=WIFI_CAPTURE pendingUpload=2 maintPending=1 suppressed=0
[70864][W][BLE] probe_summary seen=0 result=not_seen stage=1 miss=0 nextIn=60s
[71050][I][STORAGE] capture write allowed owner=WIFI_CAPTURE path=/events/counter.txt reason=capture_micro_idle ms=82 ok=1
[71161][I][STORAGE] capture write allowed owner=WIFI_CAPTURE path=/events/meta.json reason=capture_micro_idle ms=110 ok=1
[71336][I][STORAGE] capture write allowed owner=WIFI_CAPTURE path=/spool/index.json reason=capture_micro_idle ms=173 ok=1
[71337][W][STORAGE] worker metadata flush reason=capture_micro_idle ms=370 ok=1 dirty=0
[71337][I][STORAGE] worker metadata flush metadataFlushCount=1 reason=capture_micro_idle entryMetadataDirtyPending=1 entryUiRefreshPending=0 metadataDirtyPending=0 uiDeferred=2 uiFlush=1 uiRefreshServiceCount=1 
[71338][W][CORE] TaskHardware slow section=capture_storage_maintenance ms=473 owner=WIFI_CAPTURE pendingUpload=2 maintPending=1
[71349][I][WIFI] Radio paused
[71508][I][WIFI] Radio suspended
[71509][I][BLE] begin phase=worker_ok
[71509][I][BLE] radio enabled settle=500ms
[71510][I][BLE] advertising start
[71510][I][BLE] companion link requested reason=offload_prep mode=fresh_scan timeout=15s settle=500ms cacheAge=0ms rssi=0
[71516][I][BLE] Phone probe lease granted reason=offload_prep cachedFirst=1 hold=60000ms
[72019][I][BLE] scan start
[72020][I][BLE] scan start diag=1 deliverDuplicates=1 diagLeft=44489 state=1 window=8000ms weakRecent=0 lastRssi=0
[80041][I][BLE] scan window ended window=8000ms weakRecent=0 lastRssi=0
[80302][I][BLE] scan start
[80303][I][BLE] scan start diag=1 deliverDuplicates=1 diagLeft=36207 state=1 window=8000ms weakRecent=0 lastRssi=0
[88325][I][BLE] scan window ended window=8000ms weakRecent=0 lastRssi=0
[88586][I][BLE] scan start
[88587][I][BLE] scan start diag=1 deliverDuplicates=1 diagLeft=27922 state=1 window=8000ms weakRecent=0 lastRssi=0
[90017][I][HEAP] heap free=4456KB min=4417KB largest=4352KB frag=2% internalFree=39KB internalLargest=31KB psramFree=4417KB core=1/0% owner=BLE_GPS nets=1 pendingUpload=2 pendingEnrich=2
[HEALTH] time=2026-08-11 13:29:54 src=ntp
[HEALTH] heap used=3995/8451KB free=4456KB min=4417KB largest=4352KB frag=2%
[HEALTH] internal used=220/259KB free=39KB min=0KB largest=31KB
[HEALTH] psram used=3775/8192KB free=4417KB largest=4352KB
[HEALTH] stack free_min: core0=17KB/22KB core1=13KB/18KB
[HEALTH] core usage: core0=1% core1=0%
[HEALTH] power=usb state=usb batt=100% 4279mV trend=110mV/min runtime=0min cap=1100mAh charging=1
[HEALTH] radio=BLE_GPS wifi=0 ble=0 gps=0 nets=1 pendingUpload=2 pendingEnrich=2
[HEALTH] subghz=NONE mode=OFF pkts=0 nodes=0
[90019][I][STORAGE] RAMSpool enq=2 cons=2 inflight=0/1024 high=2 pressure=0 drop[full=0 big=0 noise=0 p3Evict=0 p3Drop=0 p2Drop=0 p1Fail=0] free=1024
[90020][I][STORAGE] RAMSpool enqueue probe[ok=1 drop=0] device[ok=1 drop=0]
[90020][I][STORAGE] RAMSpool worker probe[ok=1 sup=0 drop=0 fail=0 slow=0] device[ok=1 sup=0 drop=0 fail=0 slow=0] slowTotal=0 maxMs=0
[90020][I][STORAGE] RAMSpool prioEnq p0=0 p1=0 p2=2 p3=0
[90020][I][STORAGE] RAMSpool lanes p1=0/0 p2=0/1 p3=0/0
[91036][I][STACK] TaskHardware watermark=17120B min=17120B
[96590][I][BLE] scan window ended window=8000ms weakRecent=0 lastRssi=0
[96853][I][BLE] scan start
[96854][I][BLE] scan start diag=1 deliverDuplicates=1 diagLeft=19656 state=1 window=8000ms weakRecent=0 lastRssi=0
[101521][I][BLE] worker stack free=9440B min=9440B
[104862][I][BLE] scan window ended window=8000ms weakRecent=0 lastRssi=0
[105113][I][BLE] scan start
[105114][I][BLE] scan start diag=1 deliverDuplicates=1 diagLeft=11396 state=1 window=8000ms weakRecent=0 lastRssi=0
[113120][I][BLE] scan window ended window=8000ms weakRecent=0 lastRssi=0
[113381][I][BLE] scan start
[113382][I][BLE] scan start diag=1 deliverDuplicates=1 diagLeft=3127 state=1 window=8000ms weakRecent=0 lastRssi=0
[120017][I][HEAP] heap free=4456KB min=4417KB largest=4352KB frag=2% internalFree=39KB internalLargest=31KB psramFree=4417KB core=0/0% owner=BLE_GPS nets=1 pendingUpload=2 pendingEnrich=2
[HEALTH] time=2026-08-11 13:30:24 src=ntp
[HEALTH] heap used=3995/8451KB free=4456KB min=4417KB largest=4352KB frag=2%
[HEALTH] internal used=220/259KB free=39KB min=0KB largest=31KB
[HEALTH] psram used=3775/8192KB free=4417KB largest=4352KB
[HEALTH] stack free_min: core0=17KB/22KB core1=13KB/18KB
[HEALTH] core usage: core0=0% core1=0%
[HEALTH] power=usb state=usb batt=100% 4277mV trend=80mV/min runtime=0min cap=1100mAh charging=1
[HEALTH] radio=BLE_GPS wifi=0 ble=0 gps=0 nets=1 pendingUpload=2 pendingEnrich=2
[HEALTH] subghz=NONE mode=OFF pkts=0 nodes=0
[120160][I][STORAGE] RAMSpool enq=2 cons=2 inflight=0/1024 high=2 pressure=0 drop[full=0 big=0 noise=0 p3Evict=0 p3Drop=0 p2Drop=0 p1Fail=0] free=1024
[120160][I][STORAGE] RAMSpool enqueue probe[ok=1 drop=0] device[ok=1 drop=0]
[120160][I][STORAGE] RAMSpool worker probe[ok=1 sup=0 drop=0 fail=0 slow=0] device[ok=1 sup=0 drop=0 fail=0 slow=0] slowTotal=0 maxMs=0
[120161][I][STORAGE] RAMSpool prioEnq p0=0 p1=0 p2=2 p3=0
[120161][I][STORAGE] RAMSpool lanes p1=0/0 p2=0/1 p3=0/0
[121036][I][STACK] TaskHardware watermark=15108B min=15108B
[121388][I][BLE] scan window ended window=8000ms weakRecent=0 lastRssi=0
[121649][I][BLE] scan start
[121650][I][BLE] scan start diag=0 deliverDuplicates=0 diagLeft=0 state=1 window=8000ms weakRecent=0 lastRssi=0
[129667][I][BLE] scan window ended window=8000ms weakRecent=0 lastRssi=0
[129940][I][BLE] scan start
[129941][I][BLE] scan start diag=0 deliverDuplicates=0 diagLeft=0 state=1 window=8000ms weakRecent=0 lastRssi=0
[131518][I][BLE] probe resource release
[131520][I][BLE] advertising stop
[131520][I][BLE] client soft drop reason=radio_disabled
[131520][I][BLE] radio disabled
[131520][I][BLE] probe release scan stop settle=300ms
[131820][I][BLE] probe_release phase=worker_delete
[131879][I][WIFI] Promiscuous: YES
[131880][I][WIFI] Promiscuous mode started data=0
[131894][W][CORE] TaskHardware loop gap=376ms owner=WIFI_CAPTURE pendingUpload=2 maintPending=1 suppressed=1
[131900][W][BLE] probe_summary seen=0 result=not_seen stage=1 miss=1 nextIn=60s
[131911][I][WIFI] Radio paused
[132070][I][WIFI] Radio suspended
[132071][I][BLE] begin phase=worker_ok
[132071][I][BLE] radio enabled settle=500ms
[132072][I][BLE] advertising start
[132072][I][BLE] companion link requested reason=offload_prep mode=fresh_scan timeout=15s settle=500ms cacheAge=0ms rssi=0
[132078][I][BLE] Phone probe lease granted reason=offload_prep cachedFirst=1 hold=60000ms
[132581][I][BLE] scan start
[132582][I][BLE] scan start diag=1 deliverDuplicates=1 diagLeft=44490 state=1 window=8000ms weakRecent=0 lastRssi=0
=== capture closed 2026-08-11T13:30:54.5994387-05:00 ===
