=== capture opened 2026-08-11T15:20:42.7291050-05:00 ===
[63586][I][BLE] target found matchedBy=service cachePeer=0 addr=7d:32:a0:61:c6:3f name=SpectrePhone rssi=-62
[63587][I][BLE] target found matchedBy=service cachePeer=0 addr=7d:32:a0:61:c6:3f name=SpectrePhone rssi=-62
[63609][I][BLE] scan stop; connect pending addr=7d:32:a0:61:c6:3f
[63859][I][BLE] connect pending settled addr=7d:32:a0:61:c6:3f
[63860][I][BLE] connect attempt addr=7d:32:a0:61:c6:3f name=SpectrePhone
[63860][I][BLE] connect params timeoutMs=45000 scanItvl=16 scanWin=16 addrType=1
[64038][I][BLE] connect result ok=1 err=0 addr=7d:32:a0:61:c6:3f
[64038][I][BLE] BLE link connected; starting app-layer auth watchdog=50000ms
[64039][I][BLE] remote service lookup begin core=1 internalFree=41264 largest=27636
[64067][I][BLE] remote service lookup end found=1 err=0
[64067][I][BLE] remote characteristic discovery begin
[64171][I][BLE] remote characteristic discovery end count=13 err=0
[64202][I][BLE] remote descriptor discovery char=auth count=2 err=0
[64202][I][BLE] auth notify subscribe begin
[64231][I][BLE] auth notify subscribe end ok=1 err=0
[64506][I][BLE] auth challenge write bytes=163 mtu=247 attPayload=244 mode=response
[65001][I][BLE] app secure session ready alg=P-256+ECDH+AES-256-GCM
[65002][I][BLE] phone auth confirmed; caching peer addr=7d:32:a0:61:c6:3f ttl=300000ms rssi=-62
[65042][I][BLE] remote descriptor discovery char=enrichment count=2 err=0
[65102][I][BLE] remote descriptor discovery char=command_req count=2 err=0
[65222][I][BLE] remote bound gps=1 ctrl=1 meta=1 batch=1 enrich=1 auth=1 authReq=1 storage=1 cmdReq=1 cmdResp=1 logStream=1 dashStream=1 notification=1 notify(gps=0 ctrl=0 enrich=1 auth=1 cmdReq=1) mtu=247 a
[65222][I][BLE] probe_summary seen=1 matchedBy=service rssi=-62 scanMs=7514
[65222][I][BLE] phone_session_summary auth=ok mtu=247 gps=1 ctrl=1 enrich=1 storage=1
[65251][I][BLE] storage snapshot sent pendingUp=0/36 pendingEnrich=0/0 usedPct=4
[65257][I][BLE] Phone probe succeeded ??? backoff reset
[65260][I][BLE] Phone probe promoted to enrichment pendingEnrich=0 maxBatch=18
[65261][I][BLE] Enrichment pending scan begin claimed=0 max=18
[65261][I][BLE] Enrichment pending scan done count=0
[65261][I][BLE] Phone enrichment finished successfully
[65281][I][BLE] storage snapshot sent pendingUp=0/36 pendingEnrich=0/0 usedPct=4
[65282][I][BLE] Localization complete; retaining phone link for offload pending=36
[65282][I][BLE] Enrichment complete; persistent companion link retained
[65298][I][BLE] link ready state=4
[65299][I][OFFLOAD] begin preparing index asynchronously
[65299][I][STORAGE] RAMSpool worker paused inflight=0 lastInflight=0
[65299][I][STORAGE] Exclusive window begin kind=enrichment reason=phone_offload_prepare workerPaused=1 displaySuspended=1
[65299][I][CMD] op=0x30 reqid=1 status=4 payload=0 elapsedMs=0
[65300][I][STORAGE] Upload index rebuild begin pending=36 window=8192 heapFree=4551104 largest=4456436
[65645][I][STORAGE] Upload window rebuild accepted indexed=36 window=8192 pending=36 sessions=4 skipped=0 failedSegs=0 sidecarLoaded=10 sidecarStale=0 truncated=0 heapFree=4537296 largest=4456436
[65646][I][STORAGE] Upload stream prepare index built ok=1 resident=1 ms=346
[65646][I][STORAGE] Upload stream prepare ready=1 pending=36 budgetMs=45000 ms=346 internalFree=27864 internalLargest=12788 psramFree=4509432
[65647][I][STORAGE] RAMSpool worker resumed
[65647][I][STORAGE] Exclusive window end kind=enrichment result=index_ready reason=phone_offload_prepare
[65647][I][OFFLOAD] index preparation complete ok=1 resident=1
[66093][I][STORAGE] Upload batch open; deferring watermark flush
[66093][I][OFFLOAD] begin transfer=1 pending=36 indexed=36 sessions=4 truncated=0
[66093][I][CMD] op=0x30 reqid=2 status=0 payload=12 elapsedMs=1
[66145][I][OFFLOAD] wifi bulk armed transfer=1 pending=36 ssidLen=16 port=44037
[66146][I][CMD] op=0x34 reqid=3 status=0 payload=0 elapsedMs=1
[66896][I][BLE] probe resource release
[66897][I][BLE] advertising stop
[66898][I][BLE] client soft drop reason=radio_disabled
[66898][I][BLE] radio disabled
[66899][I][BLE] probe_release phase=worker_delete
[66901][I][BLE] BLE disconnect preserved active Wi-Fi bulk transfer
[66902][I][BLE] peer disconnect ignored after radio release reason=534
