=== capture opened 2026-08-11T14:30:10.7925771-05:00 ===
[40275][I][BLE] worker stack free=9444B min=9444B
[43603][I][BLE] scan window ended window=8000ms weakRecent=0 lastRssi=0
[43864][I][BLE] scan start
[43865][I][BLE] scan start diag=1 deliverDuplicates=1 diagLeft=11395 state=1 window=8000ms weakRecent=0 lastRssi=0
[51875][I][BLE] scan window ended window=8000ms weakRecent=0 lastRssi=0
[52136][I][BLE] scan start
[52137][I][BLE] scan start diag=1 deliverDuplicates=1 diagLeft=3122 state=1 window=8000ms weakRecent=0 lastRssi=0
[53885][I][BLE] target found matchedBy=service cachePeer=0 addr=5e:98:0a:05:15:74 name=SpectrePhone rssi=-57
[53887][I][BLE] target found matchedBy=service cachePeer=0 addr=5e:98:0a:05:15:74 name=SpectrePhone rssi=-57
[53888][I][BLE] scan stop; connect pending addr=5e:98:0a:05:15:74
[54138][I][BLE] connect pending settled addr=5e:98:0a:05:15:74
[54139][I][BLE] connect attempt addr=5e:98:0a:05:15:74 name=SpectrePhone
[54139][I][BLE] connect params timeoutMs=45000 scanItvl=16 scanWin=16 addrType=1
[54214][I][BLE] connect result ok=1 err=0 addr=5e:98:0a:05:15:74
[54214][I][BLE] BLE link connected; starting app-layer auth watchdog=50000ms
[54215][I][BLE] remote service lookup begin core=1 internalFree=41640 largest=31732
[54243][I][BLE] remote service lookup end found=1 err=0
[54243][I][BLE] remote characteristic discovery begin
[54332][I][BLE] remote characteristic discovery end count=13 err=0
[54363][I][BLE] remote descriptor discovery char=auth count=2 err=0
[54363][I][BLE] auth notify subscribe begin
[54392][I][BLE] auth notify subscribe end ok=1 err=0
[54667][I][BLE] auth challenge write bytes=163 mtu=247 attPayload=244 mode=response
[55161][I][BLE] app secure session ready alg=P-256+ECDH+AES-256-GCM
[55162][I][BLE] phone auth confirmed; caching peer addr=5e:98:0a:05:15:74 ttl=300000ms rssi=-57
[55218][I][BLE] remote descriptor discovery char=enrichment count=2 err=0
[55278][I][BLE] remote descriptor discovery char=command_req count=2 err=0
[55398][I][BLE] remote bound gps=1 ctrl=1 meta=1 batch=1 enrich=1 auth=1 authReq=1 storage=1 cmdReq=1 cmdResp=1 logStream=1 dashStream=1 notification=1 notify(gps=0 ctrl=0 enrich=1 auth=1 cmdReq=1) mtu=247 a
[55398][I][BLE] probe_summary seen=1 matchedBy=service rssi=-57 scanMs=44390
[55399][I][BLE] phone_session_summary auth=ok mtu=247 gps=1 ctrl=1 enrich=1 storage=1
[55427][I][BLE] storage snapshot sent pendingUp=0/2 pendingEnrich=0/0 usedPct=4
[55432][I][BLE] Phone probe succeeded ??? backoff reset
[55436][I][BLE] Phone probe promoted to enrichment pendingEnrich=0 maxBatch=18
[55436][I][BLE] Enrichment pending scan begin claimed=0 max=18
[55437][I][BLE] Enrichment pending scan done count=0
[55437][I][BLE] Phone enrichment finished successfully
[55457][I][BLE] storage snapshot sent pendingUp=0/2 pendingEnrich=0/0 usedPct=4
[55458][I][BLE] Localization complete; retaining phone link for offload pending=2
[55458][I][BLE] Enrichment complete; persistent companion link retained
[55475][I][BLE] link ready state=4
[55667][I][STORAGE] RAMSpool worker paused inflight=0 lastInflight=0
[55667][I][OFFLOAD] begin preparing index asynchronously
[55667][I][STORAGE] Exclusive window begin kind=enrichment reason=phone_offload_prepare workerPaused=1 displaySuspended=1
[55668][I][CMD] op=0x30 reqid=1 status=4 payload=0 elapsedMs=1
[55668][I][STORAGE] Upload index rebuild begin pending=2 window=8192 heapFree=4552016 largest=4456436
[55745][I][STORAGE] Upload window rebuild accepted indexed=2 window=8192 pending=2 sessions=1 skipped=0 failedSegs=0 sidecarLoaded=5 sidecarStale=0 truncated=0 heapFree=4549136 largest=4456436
[55746][I][STORAGE] Upload stream prepare index built ok=1 resident=1 ms=78
[55746][I][STORAGE] Upload stream prepare ready=1 pending=2 budgetMs=45000 ms=78 internalFree=28832 internalLargest=15348 psramFree=4520304
[55746][I][STORAGE] RAMSpool worker resumed
[55747][I][STORAGE] Exclusive window end kind=enrichment result=index_ready reason=phone_offload_prepare
[55747][I][OFFLOAD] index preparation complete ok=1 resident=1
[60008][I][HEAP] heap free=4451KB min=4433KB largest=4352KB frag=2% internalFree=37KB internalLargest=15KB psramFree=4414KB core=0/0% owner=BLE_GPS nets=1 pendingUpload=2 pendingEnrich=0
[HEALTH] time=2026-08-11 14:30:28 src=ntp
[HEALTH] heap used=3995/8446KB free=4451KB min=4433KB largest=4352KB frag=2%
[HEALTH] internal used=217/254KB free=37KB min=19KB largest=15KB
[HEALTH] psram used=3778/8192KB free=4414KB largest=4352KB
[HEALTH] stack free_min: core0=17KB/22KB core1=13KB/18KB
[HEALTH] core usage: core0=0% core1=0%
[HEALTH] power=battery state=battery_normal batt=100% 4308mV trend=213mV/min runtime=206min cap=1100mAh charging=0
[HEALTH] radio=BLE_GPS wifi=0 ble=1 gps=0 nets=1 pendingUpload=2 pendingEnrich=0
[HEALTH] subghz=NONE mode=OFF pkts=0 nodes=0
[60010][I][STORAGE] RAMSpool enq=0 cons=0 inflight=0/1024 high=0 pressure=0 drop[full=0 big=0 noise=0 p3Evict=0 p3Drop=0 p2Drop=0 p1Fail=0] free=1024
[60011][I][STORAGE] RAMSpool enqueue probe[ok=0 drop=0] device[ok=0 drop=0]
[60011][I][STORAGE] RAMSpool worker probe[ok=0 sup=0 drop=0 fail=0 slow=0] device[ok=0 sup=0 drop=0 fail=0 slow=0] slowTotal=0 maxMs=0
[60012][I][STORAGE] RAMSpool prioEnq p0=0 p1=0 p2=0 p3=0
[60012][I][STORAGE] RAMSpool lanes p1=0/0 p2=0/0 p3=0/0
[61025][I][STACK] TaskHardware watermark=17040B min=17040B
[65506][I][POWER] Source BATTERY -> USB (4316mV trend=199)
[65507][I][POWER] State BAT_NORMAL -> USB (100% 4316mV runtime=0min charge=1)
[70276][I][BLE] worker stack free=7460B min=7460B
[90013][I][HEAP] heap free=4451KB min=4433KB largest=4352KB frag=2% internalFree=37KB internalLargest=15KB psramFree=4414KB core=0/0% owner=BLE_GPS nets=1 pendingUpload=2 pendingEnrich=0
[HEALTH] time=2026-08-11 14:30:58 src=ntp
[HEALTH] heap used=3995/8446KB free=4451KB min=4433KB largest=4352KB frag=2%
[HEALTH] internal used=217/254KB free=37KB min=19KB largest=15KB
[HEALTH] psram used=3778/8192KB free=4414KB largest=4352KB
[HEALTH] stack free_min: core0=17KB/22KB core1=13KB/18KB
[HEALTH] core usage: core0=0% core1=0%
[HEALTH] power=usb state=usb batt=100% 4316mV trend=0mV/min runtime=0min cap=1100mAh charging=0
[HEALTH] radio=BLE_GPS wifi=0 ble=1 gps=0 nets=1 pendingUpload=2 pendingEnrich=0
[HEALTH] subghz=NONE mode=OFF pkts=0 nodes=0
[90016][I][STORAGE] RAMSpool enq=0 cons=0 inflight=0/1024 high=0 pressure=0 drop[full=0 big=0 noise=0 p3Evict=0 p3Drop=0 p2Drop=0 p1Fail=0] free=1024
[90016][I][STORAGE] RAMSpool enqueue probe[ok=0 drop=0] device[ok=0 drop=0]
[90016][I][STORAGE] RAMSpool worker probe[ok=0 sup=0 drop=0 fail=0 slow=0] device[ok=0 sup=0 drop=0 fail=0 slow=0] slowTotal=0 maxMs=0
[90017][I][STORAGE] RAMSpool prioEnq p0=0 p1=0 p2=0 p3=0
[90017][I][STORAGE] RAMSpool lanes p1=0/0 p2=0/0 p3=0/0
[91031][I][STACK] TaskHardware watermark=17040B min=17040B
=== capture closed 2026-08-11T14:31:10.8497088-05:00 ===
