=== capture opened 2026-08-11T15:11:40.8770663-05:00 ===
[7138][I][WIO] Accessory not detected within 2500ms
[7138][I][XPORT] transport=internal_ble previous=internal_ble reason=initial wio.available=0 wio.proxy=0 ble.begun=0 ble.state=0 transitions=0
[7139][I][WIO_SX] SX1262 not present; backend idle (Reyax fallback)
[7740][I][MESH] Meshtastic client ready node=0x334B7A38 chanHash=0x08 (disabled)
[7922][I][ENTITY] Boot selftest accepted=1 idempotent=1 result=pass
[8687][I][ENTITY] Rebuild complete entities=7 observations=36 ms=674
[8688][I][ENTITY] Ready entities=7 observations=36 links=98304 psram=3088KB selftest=pass rebuild=ok
[8712][I][PWNY] PMKID capture index loaded count=0
[8713][I][WIFI] WiFiManager initialized
[8997][I][WIFI] Allocation: OK
[9155][I][WIFI] Radio suspended
[9155][I][CORE] Hardware ready
[9360][I][STORAGE] RAMSpool worker paused inflight=0 lastInflight=0
[9360][I][STORAGE] Exclusive window begin kind=maintenance reason=radio_owner_window workerPaused=1 displaySuspended=1
[9361][I][STORAGE] Maintenance start reason=radio_owner_window budgetMs=5000 flags=dirty_summary captureSafe=1
[10227][I][STORAGE] Maintenance done reason=radio_owner_window actions=dirty_summary skipped=none remaining=snapshot_lagged elapsedMs=866 captureSafe=1
[10228][I][STORAGE] RAMSpool worker resumed
[10228][I][STORAGE] Exclusive window end kind=maintenance result=capture_safe reason=radio_owner_window
[10228][I][STORAGE] maintenance owner window ms=868 captureSafe=1 remaining=snapshot_lagged
[10387][I][WIFI] Radio suspended
[10388][W][CORE] TaskHardware loop gap=1233ms owner=STORAGE_MAINT pendingUpload=36 maintPending=1 suppressed=0
[10392][I][STORAGE] RAMSpool worker paused inflight=0 lastInflight=0
[10393][I][STORAGE] Exclusive window begin kind=maintenance reason=radio_owner_window workerPaused=1 displaySuspended=1
[10393][I][STORAGE] Maintenance start reason=radio_owner_window budgetMs=5000 flags=snapshot_lagged captureSafe=1
[10741][I][STORAGE] worker ui refresh serviced uiRefreshServiceCount=1 uiDeferred=0 uiFlush=0 pressure=0 usedPct=4 pending=36
[10742][W][STORAGE] worker metadata flush reason=radio_owner_window ms=348 ok=1 dirty=0
[10742][I][STORAGE] worker metadata flush metadataFlushCount=1 reason=radio_owner_window entryMetadataDirtyPending=1 entryUiRefreshPending=0 metadataDirtyPending=0 uiDeferred=0 uiFlush=0 uiRefreshServiceCount=1 
[11221][I][STORAGE] Maintenance continuity log wrote clean=1 reason=radio_owner_window completed=dirty_spool_index|boot_safe_deferred_persist|snapshot_lagged|upload_enrich_cursor_dirty remaining=none gen=4681
[11222][I][STORAGE] Maintenance done reason=radio_owner_window actions=dirty_spool_index|boot_safe_deferred_persist|snapshot_lagged|upload_enrich_cursor_dirty|continuity_pass skipped=none remaining=none elapsedM
[11222][I][STORAGE] RAMSpool worker resumed
[11222][I][STORAGE] Exclusive window end kind=maintenance result=capture_safe reason=radio_owner_window
[11223][I][STORAGE] maintenance owner window ms=830 captureSafe=1 remaining=none
[11328][I][WIFI] Promiscuous: YES
[11328][I][WIFI] Promiscuous mode started data=0
[11421][I][COMP] Automatic phone offload recovery requested
[11422][I][WIFI] Radio paused
[11585][I][WIFI] Radio suspended
[11586][I][BLE] BLE payload buffers in PSRAM bytes=6276
[11661][I][BLE] begin phase=nimble_pre bt=idle/0 heap=106960 largest=34804 stack=16228 devLen=14
[11661][I][BLE] begin phase=nimble_init
[11672][I][BLE] begin phase=nimble_init_ok bt=enabled/2 heap=43956 largest=31732 stack=16228
[11673][I][BLE] BLE SM disabled; app-layer P-256/AES-GCM required
[11675][I][BLE] begin phase=server_ok
[11676][I][BLE] scanner configured legacy=1 active=0 interval=30 window=30 srTimeout=200
[11676][I][BLE] begin phase=scanner_ok
[11677][I][BLE] begin phase=worker_ok
[11677][I][BLE] begin ready
[11677][I][BLE] radio enabled settle=500ms
[11679][I][BLE] advertising start
[11680][I][BLE] companion link requested reason=offload_prep mode=fresh_scan timeout=15s settle=500ms cacheAge=0ms rssi=0
[11685][I][BLE] Phone probe lease granted reason=offload_prep cachedFirst=1 hold=60000ms
[12193][I][BLE] scan start
[12194][I][BLE] scan start diag=1 deliverDuplicates=1 diagLeft=44483 state=1 window=8000ms weakRecent=0 lastRssi=0
[12221][I][BLE] target found matchedBy=service cachePeer=0 addr=72:28:53:4e:cb:f9 name=SpectrePhone rssi=-66
[12222][I][BLE] target found matchedBy=service cachePeer=0 addr=72:28:53:4e:cb:f9 name=SpectrePhone rssi=-66
[12235][I][BLE] scan stop; connect pending addr=72:28:53:4e:cb:f9
[12487][I][BLE] connect pending settled addr=72:28:53:4e:cb:f9
[12488][I][BLE] connect attempt addr=72:28:53:4e:cb:f9 name=SpectrePhone
[12488][I][BLE] connect params timeoutMs=45000 scanItvl=16 scanWin=16 addrType=1
[12551][I][BLE] connect result ok=1 err=0 addr=72:28:53:4e:cb:f9
[12551][I][BLE] BLE link connected; starting app-layer auth watchdog=50000ms
[12552][I][BLE] remote service lookup begin core=1 internalFree=41288 largest=31732
[12578][I][BLE] remote service lookup end found=1 err=0
[12578][I][BLE] remote characteristic discovery begin
[12668][I][BLE] remote characteristic discovery end count=13 err=0
[12698][I][BLE] remote descriptor discovery char=auth count=2 err=0
[12698][I][BLE] auth notify subscribe begin
[12728][I][BLE] auth notify subscribe end ok=1 err=0
[13049][I][BLE] auth challenge write bytes=163 mtu=247 attPayload=244 mode=response
[13636][I][BLE] app secure session ready alg=P-256+ECDH+AES-256-GCM
[13636][I][BLE] phone auth confirmed; caching peer addr=72:28:53:4e:cb:f9 ttl=300000ms rssi=-66
[13673][I][BLE] remote descriptor discovery char=enrichment count=2 err=0
[13733][I][BLE] remote descriptor discovery char=command_req count=2 err=0
[13853][I][BLE] remote bound gps=1 ctrl=1 meta=1 batch=1 enrich=1 auth=1 authReq=1 storage=1 cmdReq=1 cmdResp=1 logStream=1 dashStream=1 notification=1 notify(gps=0 ctrl=0 enrich=1 auth=1 cmdReq=1) mtu=247 a
[13854][I][BLE] probe_summary seen=1 matchedBy=service rssi=-66 scanMs=1444
[13855][I][BLE] phone_session_summary auth=ok mtu=247 gps=1 ctrl=1 enrich=1 storage=1
[13882][I][BLE] storage snapshot sent pendingUp=0/36 pendingEnrich=0/0 usedPct=4
[13888][I][BLE] Phone probe succeeded ??? backoff reset
[13948][I][BLE] Phone probe promoted to enrichment pendingEnrich=0 maxBatch=18
[13949][I][BLE] Enrichment pending scan begin claimed=0 max=18
[13950][I][BLE] Enrichment pending scan done count=0
[13951][I][BLE] Phone enrichment finished successfully
[13973][I][BLE] storage snapshot sent pendingUp=0/36 pendingEnrich=0/0 usedPct=4
[13973][I][BLE] Localization complete; retaining phone link for offload pending=36
[13973][I][BLE] Enrichment complete; persistent companion link retained
[13989][I][BLE] link ready state=4
[13991][I][OFFLOAD] begin preparing index asynchronously
[13992][I][CMD] op=0x30 reqid=1 status=4 payload=0 elapsedMs=1
[13999][I][STORAGE] RAMSpool worker paused inflight=0 lastInflight=0
[13999][I][STORAGE] Exclusive window begin kind=enrichment reason=phone_offload_prepare workerPaused=1 displaySuspended=1
[14000][I][STORAGE] Upload index rebuild begin pending=36 window=8192 heapFree=4599108 largest=4456436
[14345][I][STORAGE] Upload window rebuild accepted indexed=36 window=8192 pending=36 sessions=4 skipped=0 failedSegs=0 sidecarLoaded=10 sidecarStale=0 truncated=0 heapFree=4585432 largest=4456436
[14345][I][STORAGE] Upload stream prepare index built ok=1 resident=1 ms=346
[14346][I][STORAGE] Upload stream prepare ready=1 pending=36 budgetMs=45000 ms=346 internalFree=27856 internalLargest=12788 psramFree=4557576
[14353][I][STORAGE] RAMSpool worker resumed
[14353][I][STORAGE] Exclusive window end kind=enrichment result=index_ready reason=phone_offload_prepare
[14354][I][OFFLOAD] index preparation complete ok=1 resident=1
[30011][I][HEAP] heap free=4440KB min=4421KB largest=4352KB frag=1% internalFree=36KB internalLargest=14KB psramFree=4404KB core=0/0% owner=BLE_GPS nets=0 pendingUpload=36 pendingEnrich=0
[HEALTH] time=2026-08-11 15:11:55 src=ntp
[HEALTH] heap used=4007/8446KB free=4440KB min=4421KB largest=4352KB frag=1%
[HEALTH] internal used=218/254KB free=36KB min=18KB largest=14KB
[HEALTH] psram used=3788/8192KB free=4404KB largest=4352KB
[HEALTH] stack free_min: core0=16KB/22KB core1=13KB/18KB
[HEALTH] core usage: core0=0% core1=0%
[HEALTH] power=usb state=usb batt=100% 4189mV trend=0mV/min runtime=0min cap=1100mAh charging=0
[HEALTH] radio=BLE_GPS wifi=0 ble=1 gps=0 nets=0 pendingUpload=36 pendingEnrich=0
[HEALTH] subghz=NONE mode=OFF pkts=0 nodes=0
[30016][I][STORAGE] RAMSpool enq=0 cons=0 inflight=0/1024 high=0 pressure=0 drop[full=0 big=0 noise=0 p3Evict=0 p3Drop=0 p2Drop=0 p1Fail=0] free=1024
[30017][I][STORAGE] RAMSpool enqueue probe[ok=0 drop=0] device[ok=0 drop=0]
[30017][I][STORAGE] RAMSpool worker probe[ok=0 sup=0 drop=0 fail=0 slow=0] device[ok=0 sup=0 drop=0 fail=0 slow=0] slowTotal=0 maxMs=0
[30018][I][STORAGE] RAMSpool prioEnq p0=0 p1=0 p2=0 p3=0
[30018][I][STORAGE] RAMSpool lanes p1=0/0 p2=0/0 p3=0/0
[30997][I][STACK] TaskDisplay watermark=13212B min=13212B
[31020][I][STACK] TaskHardware watermark=16228B min=16228B
[41687][I][BLE] worker stack free=7304B min=7304B
[60017][I][HEAP] heap free=4440KB min=4421KB largest=4352KB frag=1% internalFree=36KB internalLargest=14KB psramFree=4404KB core=0/0% owner=BLE_GPS nets=0 pendingUpload=36 pendingEnrich=0
[HEALTH] time=2026-08-11 15:12:25 src=ntp
[HEALTH] heap used=4007/8446KB free=4440KB min=4421KB largest=4352KB frag=1%
[HEALTH] internal used=218/254KB free=36KB min=18KB largest=14KB
[HEALTH] psram used=3788/8192KB free=4404KB largest=4352KB
[HEALTH] stack free_min: core0=16KB/22KB core1=13KB/18KB
[HEALTH] core usage: core0=0% core1=0%
[HEALTH] power=usb state=usb batt=100% 4317mV trend=134mV/min runtime=0min cap=1100mAh charging=1
[HEALTH] radio=BLE_GPS wifi=0 ble=1 gps=0 nets=0 pendingUpload=36 pendingEnrich=0
[HEALTH] subghz=NONE mode=OFF pkts=0 nodes=0
[60020][I][STORAGE] RAMSpool enq=0 cons=0 inflight=0/1024 high=0 pressure=0 drop[full=0 big=0 noise=0 p3Evict=0 p3Drop=0 p2Drop=0 p1Fail=0] free=1024
[60020][I][STORAGE] RAMSpool enqueue probe[ok=0 drop=0] device[ok=0 drop=0]
[60020][I][STORAGE] RAMSpool worker probe[ok=0 sup=0 drop=0 fail=0 slow=0] device[ok=0 sup=0 drop=0 fail=0 slow=0] slowTotal=0 maxMs=0
[60020][I][STORAGE] RAMSpool prioEnq p0=0 p1=0 p2=0 p3=0
[60021][I][STORAGE] RAMSpool lanes p1=0/0 p2=0/0 p3=0/0
[61024][I][STACK] TaskHardware watermark=16228B min=16228B
[71698][I][BLE] worker stack free=7304B min=7304B
[90024][I][HEAP] heap free=4440KB min=4421KB largest=4352KB frag=1% internalFree=36KB internalLargest=14KB psramFree=4404KB core=0/0% owner=BLE_GPS nets=0 pendingUpload=36 pendingEnrich=0
[HEALTH] time=2026-08-11 15:12:55 src=ntp
[HEALTH] heap used=4007/8446KB free=4440KB min=4421KB largest=4352KB frag=1%
[HEALTH] internal used=218/254KB free=36KB min=18KB largest=14KB
[HEALTH] psram used=3788/8192KB free=4404KB largest=4352KB
[HEALTH] stack free_min: core0=16KB/22KB core1=13KB/18KB
[HEALTH] core usage: core0=0% core1=0%
[HEALTH] power=usb state=usb batt=100% 4319mV trend=85mV/min runtime=0min cap=1100mAh charging=1
[HEALTH] radio=BLE_GPS wifi=0 ble=1 gps=0 nets=0 pendingUpload=36 pendingEnrich=0
[HEALTH] subghz=NONE mode=OFF pkts=0 nodes=0
[90026][I][STORAGE] RAMSpool enq=0 cons=0 inflight=0/1024 high=0 pressure=0 drop[full=0 big=0 noise=0 p3Evict=0 p3Drop=0 p2Drop=0 p1Fail=0] free=1024
[90026][I][STORAGE] RAMSpool enqueue probe[ok=0 drop=0] device[ok=0 drop=0]
[90026][I][STORAGE] RAMSpool worker probe[ok=0 sup=0 drop=0 fail=0 slow=0] device[ok=0 sup=0 drop=0 fail=0 slow=0] slowTotal=0 maxMs=0
[90027][I][STORAGE] RAMSpool prioEnq p0=0 p1=0 p2=0 p3=0
[90027][I][STORAGE] RAMSpool lanes p1=0/0 p2=0/0 p3=0/0
[91031][I][STACK] TaskHardware watermark=16228B min=16228B
[101725][I][BLE] worker stack free=7304B min=7304B
[120029][I][HEAP] heap free=4440KB min=4421KB largest=4352KB frag=1% internalFree=36KB internalLargest=14KB psramFree=4404KB core=0/0% owner=BLE_GPS nets=0 pendingUpload=36 pendingEnrich=0
[HEALTH] time=2026-08-11 15:13:25 src=ntp
[HEALTH] heap used=4007/8446KB free=4440KB min=4421KB largest=4352KB frag=1%
[HEALTH] internal used=218/254KB free=36KB min=18KB largest=14KB
[HEALTH] psram used=3788/8192KB free=4404KB largest=4352KB
[HEALTH] stack free_min: core0=16KB/22KB core1=13KB/18KB
[HEALTH] core usage: core0=0% core1=0%
[HEALTH] power=usb state=usb batt=100% 4307mV trend=56mV/min runtime=0min cap=1100mAh charging=1
[HEALTH] radio=BLE_GPS wifi=0 ble=1 gps=0 nets=0 pendingUpload=36 pendingEnrich=0
[HEALTH] subghz=NONE mode=OFF pkts=0 nodes=0
[120105][I][STORAGE] RAMSpool enq=0 cons=0 inflight=0/1024 high=0 pressure=0 drop[full=0 big=0 noise=0 p3Evict=0 p3Drop=0 p2Drop=0 p1Fail=0] free=1024
[120105][I][STORAGE] RAMSpool enqueue probe[ok=0 drop=0] device[ok=0 drop=0]
[120106][I][STORAGE] RAMSpool worker probe[ok=0 sup=0 drop=0 fail=0 slow=0] device[ok=0 sup=0 drop=0 fail=0 slow=0] slowTotal=0 maxMs=0
[120106][I][STORAGE] RAMSpool prioEnq p0=0 p1=0 p2=0 p3=0
[120106][I][STORAGE] RAMSpool lanes p1=0/0 p2=0/0 p3=0/0
[121039][I][STACK] TaskHardware watermark=15152B min=15152B
[131734][I][BLE] worker stack free=7304B min=7304B
[150031][I][HEAP] heap free=4440KB min=4421KB largest=4352KB frag=1% internalFree=36KB internalLargest=14KB psramFree=4404KB core=0/0% owner=BLE_GPS nets=0 pendingUpload=36 pendingEnrich=0
[HEALTH] time=2026-08-11 15:13:55 src=ntp
[HEALTH] heap used=4007/8446KB free=4440KB min=4421KB largest=4352KB frag=1%
[HEALTH] internal used=218/254KB free=36KB min=18KB largest=14KB
[HEALTH] psram used=3788/8192KB free=4404KB largest=4352KB
[HEALTH] stack free_min: core0=15KB/22KB core1=13KB/18KB
[HEALTH] core usage: core0=0% core1=0%
[HEALTH] power=usb state=usb batt=100% 4320mV trend=50mV/min runtime=0min cap=1100mAh charging=1
[HEALTH] radio=BLE_GPS wifi=0 ble=1 gps=0 nets=0 pendingUpload=36 pendingEnrich=0
[HEALTH] subghz=NONE mode=OFF pkts=0 nodes=0
[150033][I][STORAGE] RAMSpool enq=0 cons=0 inflight=0/1024 high=0 pressure=0 drop[full=0 big=0 noise=0 p3Evict=0 p3Drop=0 p2Drop=0 p1Fail=0] free=1024
[150034][I][STORAGE] RAMSpool enqueue probe[ok=0 drop=0] device[ok=0 drop=0]
[150034][I][STORAGE] RAMSpool worker probe[ok=0 sup=0 drop=0 fail=0 slow=0] device[ok=0 sup=0 drop=0 fail=0 slow=0] slowTotal=0 maxMs=0
[150034][I][STORAGE] RAMSpool prioEnq p0=0 p1=0 p2=0 p3=0
[150035][I][STORAGE] RAMSpool lanes p1=0/0 p2=0/0 p3=0/0
[151047][I][STACK] TaskHardware watermark=15152B min=15152B
