=== capture opened 2026-08-11T15:21:56.3454488-05:00 ===
[5946][I][WIO] Accessory not detected within 2500ms
[5946][I][XPORT] transport=internal_ble previous=internal_ble reason=initial wio.available=0 wio.proxy=0 ble.begun=0 ble.state=0 transitions=0
[5947][I][WIO_SX] SX1262 not present; backend idle (Reyax fallback)
=== send: crash log ===
[6548][I][MESH] Meshtastic client ready node=0x334B7A38 chanHash=0x08 (disabled)
[6730][I][ENTITY] Boot selftest accepted=1 idempotent=1 result=pass
[7367][I][ENTITY] Rebuild complete entities=7 observations=36 ms=546
[7368][I][ENTITY] Ready entities=7 observations=36 links=98304 psram=3088KB selftest=pass rebuild=ok
[7379][I][PWNY] PMKID capture index loaded count=0
[7379][I][WIFI] WiFiManager initialized
[7593][I][WIFI] Allocation: OK
[7696][I][WIFI] Promiscuous: YES
[7696][I][WIFI] Promiscuous mode started data=0
[7701][I][CORE] Hardware ready
crash log
[BOOT] crash log: 5 entries, seq 0..9424 (oldest first)
[BOOT] #1 seq=9420 [CRASH?] phase=storage_boot owner=0 pendingUpload=21496 heapFree=140K largest=95K min=129K uptime=2s
[7896][W][CORE] crash? seq=9420 phase=storage_boot owner=0 pendingUpload=21496 heapFree=140K largest=95K min=129K uptime=2s
[BOOT] #2 seq=9421 [CRASH?] phase=storage_boot owner=0 pendingUpload=21497 heapFree=140K largest=95K min=129K uptime=2s
[7896][W][CORE] crash? seq=9421 phase=storage_boot owner=0 pendingUpload=21497 heapFree=140K largest=95K min=129K uptime=2s
[BOOT] #3 seq=9422 [CRASH?] phase=storage_boot owner=0 pendingUpload=21498 heapFree=140K largest=95K min=129K uptime=2s
[7897][W][CORE] crash? seq=9422 phase=storage_boot owner=0 pendingUpload=21498 heapFree=140K largest=95K min=129K uptime=2s
[BOOT] #4 seq=9423 [ok] phase=storage_boot owner=0 pendingUpload=220 heapFree=140K largest=95K min=129K uptime=2s
[BOOT] #5 seq=9424 [CRASH?] phase=wifi_capture owner=1 pendingUpload=36 heapFree=74K largest=35K min=74K uptime=7s
[7898][W][CORE] crash? seq=9424 phase=wifi_capture owner=1 pendingUpload=36 heapFree=74K largest=35K min=74K uptime=7s
[7899][I][COMP] Automatic phone offload recovery requested
[10005][I][WIFI] Radio paused
[10167][I][WIFI] Radio suspended
[10168][I][BLE] BLE payload buffers in PSRAM bytes=6276
[10243][I][BLE] begin phase=nimble_pre bt=idle/0 heap=107080 largest=36852 stack=17044 devLen=14
[10243][I][BLE] begin phase=nimble_init
[10254][I][BLE] begin phase=nimble_init_ok bt=enabled/2 heap=44072 largest=31732 stack=17044
[10255][I][BLE] BLE SM disabled; app-layer P-256/AES-GCM required
[10257][I][BLE] begin phase=server_ok
[10258][I][BLE] scanner configured legacy=1 active=0 interval=30 window=30 srTimeout=200
[10258][I][BLE] begin phase=scanner_ok
[10258][I][BLE] begin phase=worker_ok
[10259][I][BLE] begin ready
[10259][I][BLE] radio enabled settle=500ms
[10261][I][BLE] advertising start
[10261][I][BLE] companion link requested reason=offload_prep mode=fresh_scan timeout=15s settle=500ms cacheAge=0ms rssi=0
[10267][I][BLE] Phone probe lease granted reason=offload_prep cachedFirst=1 hold=60000ms
[10277][W][CORE] TaskHardware loop gap=273ms owner=BLE_GPS pendingUpload=36 maintPending=0 suppressed=0
[10767][I][BLE] scan start
[10767][I][BLE] scan start diag=1 deliverDuplicates=1 diagLeft=44492 state=1 window=8000ms weakRecent=0 lastRssi=0
[10801][I][BLE] target found matchedBy=service cachePeer=0 addr=63:e9:09:41:74:86 name=SpectrePhone rssi=-55
[10802][I][BLE] target found matchedBy=service cachePeer=0 addr=63:e9:09:41:74:86 name=SpectrePhone rssi=-55
[10810][I][BLE] scan stop; connect pending addr=63:e9:09:41:74:86
[11065][I][BLE] connect pending settled addr=63:e9:09:41:74:86
[11065][I][BLE] connect attempt addr=63:e9:09:41:74:86 name=SpectrePhone
[11066][I][BLE] connect params timeoutMs=45000 scanItvl=16 scanWin=16 addrType=1
[11132][I][BLE] connect result ok=1 err=0 addr=63:e9:09:41:74:86
[11132][I][BLE] BLE link connected; starting app-layer auth watchdog=50000ms
[11133][I][BLE] remote service lookup begin core=1 internalFree=41460 largest=31732
[11160][I][BLE] remote service lookup end found=1 err=0
[11160][I][BLE] remote characteristic discovery begin
[11250][I][BLE] remote characteristic discovery end count=13 err=0
[11280][I][BLE] remote descriptor discovery char=auth count=2 err=0
[11281][I][BLE] auth notify subscribe begin
[11310][I][BLE] auth notify subscribe end ok=1 err=0
[11635][I][BLE] auth challenge write bytes=163 mtu=247 attPayload=244 mode=response
[12183][I][BLE] app secure session ready alg=P-256+ECDH+AES-256-GCM
[12184][I][BLE] phone auth confirmed; caching peer addr=63:e9:09:41:74:86 ttl=300000ms rssi=-55
[12211][I][BLE] remote descriptor discovery char=enrichment count=2 err=0
[12270][I][BLE] remote descriptor discovery char=command_req count=2 err=0
[12391][I][BLE] remote bound gps=1 ctrl=1 meta=1 batch=1 enrich=1 auth=1 authReq=1 storage=1 cmdReq=1 cmdResp=1 logStream=1 dashStream=1 notification=1 notify(gps=0 ctrl=0 enrich=1 auth=1 cmdReq=1) mtu=247 a
[12392][I][BLE] probe_summary seen=1 matchedBy=service rssi=-55 scanMs=1418
[12392][I][BLE] phone_session_summary auth=ok mtu=247 gps=1 ctrl=1 enrich=1 storage=1
[12398][I][BLE] link ready state=4
[12450][I][BLE] storage snapshot sent pendingUp=0/36 pendingEnrich=0/0 usedPct=4
[12455][I][BLE] Phone probe succeeded ??? backoff reset
[12458][I][BLE] Phone probe promoted to enrichment pendingEnrich=0 maxBatch=18
[12459][I][BLE] Enrichment pending scan begin claimed=0 max=18
[12459][I][BLE] Enrichment pending scan done count=0
[12459][I][BLE] Phone enrichment finished successfully
[12510][I][BLE] storage snapshot sent pendingUp=0/36 pendingEnrich=0/0 usedPct=4
[12510][I][BLE] Localization complete; retaining phone link for offload pending=36
[12510][I][BLE] Enrichment complete; persistent companion link retained
=== capture closed 2026-08-11T15:22:04.3988571-05:00 ===
