=== capture opened 2026-08-11T15:09:14.2871010-05:00 ===
[15123][I][BLE] connect pending settled addr=5b:2a:2a:a7:aa:e8
[15124][I][BLE] connect attempt addr=5b:2a:2a:a7:aa:e8 name=SpectrePhone
[15124][I][BLE] connect params timeoutMs=45000 scanItvl=16 scanWin=16 addrType=1
[15302][I][BLE] connect result ok=1 err=0 addr=5b:2a:2a:a7:aa:e8
[15302][I][BLE] BLE link connected; starting app-layer auth watchdog=50000ms
[15303][I][BLE] remote service lookup begin core=1 internalFree=41416 largest=31732
[15331][I][BLE] remote service lookup end found=1 err=0
[15331][I][BLE] remote characteristic discovery begin
[15420][I][BLE] remote characteristic discovery end count=13 err=0
[15451][I][BLE] remote descriptor discovery char=auth count=2 err=0
[15451][I][BLE] auth notify subscribe begin
[15480][I][BLE] auth notify subscribe end ok=1 err=0
[15755][I][BLE] auth challenge write bytes=163 mtu=247 attPayload=244 mode=response
[16432][I][BLE] app secure session ready alg=P-256+ECDH+AES-256-GCM
[16432][I][BLE] phone auth confirmed; caching peer addr=5b:2a:2a:a7:aa:e8 ttl=300000ms rssi=-65
[16471][I][BLE] remote descriptor discovery char=enrichment count=2 err=0
[16532][I][BLE] remote descriptor discovery char=command_req count=2 err=0
[16652][I][BLE] remote bound gps=1 ctrl=1 meta=1 batch=1 enrich=1 auth=1 authReq=1 storage=1 cmdReq=1 cmdResp=1 logStream=1 dashStream=1 notification=1 notify(gps=0 ctrl=0 enrich=1 auth=1 cmdReq=1) mtu=247 a
[16652][I][BLE] probe_summary seen=1 matchedBy=service rssi=-65 scanMs=5671
[16654][I][BLE] phone_session_summary auth=ok mtu=247 gps=1 ctrl=1 enrich=1 storage=1
[16658][I][BLE] link ready state=4
[16681][I][BLE] storage snapshot sent pendingUp=0/36 pendingEnrich=0/0 usedPct=4
[16686][I][BLE] Phone probe succeeded ??? backoff reset
[16689][I][BLE] Phone probe promoted to enrichment pendingEnrich=0 maxBatch=18
[16690][I][BLE] Enrichment pending scan begin claimed=0 max=18
[16690][I][STORAGE] batch_load_ids_enter freeInternal=38052 segments=11
[16691][I][STORAGE] load_ids_reserve count=18 freeInternal=38052 largest=29684
[16691][I][STORAGE] load_ids_reserved freeInternal=38052
[16894][I][STORAGE] load_ids_loop_done scanned=4 skipped=7 idsCollected=18 freeInternal=38112
[16895][I][STORAGE] batch_load_ids_done count=18 capacity=18 freeInternal=38112
[16895][I][STORAGE] batch_pending_loop_enter segments=11 maxCount=18 streaming=1 freeInternal=38112
[16991][I][STORAGE] batch_pending_loop_break_streaming outCount=18 maxCount=18
[16992][I][STORAGE] batch_pending_loop_done scanned=2 skipped=9 outCount=18 timeHit=0 elapsedMs=96 freeInternal=38112
[16992][I][BLE] Enrichment pending scan done count=18
[16992][I][BLE] enrichment request queued count=18 bytes=180
[16992][I][BLE] Requested enrichment batch count=18 queued=0
[17007][I][BLE] enrichment send mtu=247 attPayload=244 bytes=180 count=18
[17027][I][BLE] enrichment batch sent plain=180 sealed=202 count=18 writeOk=1
[17158][I][BLE] enrichment rx chunk cipher=142 queued=0
[17221][I][BLE] enrichment rx chunk cipher=142 queued=0
[17222][I][BLE] enrichment rx chunk cipher=142 queued=0
[17244][I][BLE] enrichment rx chunk cipher=142 queued=0
[17325][I][BLE] enrichment rx chunk cipher=142 queued=2
[17326][I][BLE] enrichment rx chunk cipher=142 queued=1
[17327][I][BLE] enrichment rx chunk cipher=142 queued=0
[17391][I][BLE] enrichment rx chunk cipher=28 queued=2
[17393][I][BLE] enrich_xfer_perf count=18 sendMs=20 waitMs=366 rxBytes=846
[17393][I][BLE] enrichment batch received count=18 bytes=846
[17394][I][BLE] enrichment rx chunk cipher=142 queued=1
[17395][W][BLE] enrichment payload ignored: not waiting
[17396][I][BLE] enrichment rx chunk cipher=142 queued=0
[17397][W][BLE] enrichment payload ignored: not waiting
[17398][I][BLE] enrichment batch consumed count=18
[17399][I][BLE] Enrich batch queued count=18 queueSize=1
[17399][I][BLE] Enrichment batch received count=18 claimed=18 queued=1
[17411][I][BLE] Enrich drain begin count=18 queueSize=1 ageMs=12
[19033][I][STORAGE] Spool enrich_batch applied=18 failed=0 batchFirstEventId=34321 batchLastEventId=34320 firstRecord=34338 lastRecord=34355 ms=526
[19034][I][BLE] enrich_perf count=18 applied=18 failed=0 deferred=0 storageMs=968 pendingUpload=36
[19035][I][BLE] Enrich drain done applied=18 failed=0 deferred=0 queueSize=0
[19036][I][BLE] Enrich torrent done drained=1 remaining=0 tookLease=0 preempt=0 elapsedMs=1625
[19051][I][BLE] enrichment rx chunk cipher=142 queued=5
[19053][W][BLE] enrichment payload ignored: not waiting
[19053][I][BLE] enrichment rx chunk cipher=142 queued=4
[19055][W][BLE] enrichment payload ignored: not waiting
[19056][I][BLE] enrichment rx chunk cipher=142 queued=3
[19057][W][BLE] enrichment payload ignored: not waiting
[19058][I][BLE] enrichment rx chunk cipher=142 queued=2
[19059][W][BLE] enrichment payload ignored: not waiting
[19059][I][BLE] enrichment rx chunk cipher=142 queued=1
[19060][W][BLE] enrichment payload ignored: not waiting
[19060][I][BLE] enrichment rx chunk cipher=28 queued=0
[19061][W][BLE] enrichment payload ignored: not waiting
[19061][I][BLE] Enrichment pending scan begin claimed=0 max=18
[19062][I][STORAGE] batch_load_ids_enter freeInternal=37752 segments=11
[19062][I][STORAGE] load_ids_reserve count=36 freeInternal=37752 largest=23540
[19062][I][STORAGE] load_ids_reserved freeInternal=37752
[19198][I][STORAGE] load_ids_loop_done scanned=4 skipped=7 idsCollected=36 freeInternal=37712
[19199][I][STORAGE] batch_load_ids_done count=36 capacity=36 freeInternal=37712
[19200][I][STORAGE] batch_pending_loop_enter segments=11 maxCount=18 streaming=1 freeInternal=37712
[19271][I][STORAGE] batch_pending_loop_done scanned=2 skipped=9 outCount=0 timeHit=0 elapsedMs=71 freeInternal=37712
[19271][I][BLE] Enrichment pending scan done count=0
[19272][I][BLE] enrich_session_summary requested=18 applied=18 failed=0 deferred=0 batches=1 xferMs=386 storageMs=968 totalMs=2586
[19454][I][BLE] Phone enrichment finished successfully
[19485][I][BLE] storage snapshot sent pendingUp=0/36 pendingEnrich=0/0 usedPct=4
[19486][I][BLE] Localization complete; retaining phone link for offload pending=36
[19486][I][BLE] Enrichment complete; persistent companion link retained
[19502][I][BLE] enrichment batch acknowledged by phone
[26855][I][OFFLOAD] begin preparing index asynchronously
[26855][I][STORAGE] RAMSpool worker paused inflight=0 lastInflight=0
[26856][I][CMD] op=0x30 reqid=2 status=4 payload=0 elapsedMs=0
[26856][I][STORAGE] Exclusive window begin kind=enrichment reason=phone_offload_prepare workerPaused=1 displaySuspended=1
[26946][I][STORAGE] Segment lifecycle seg=498 active->indexed trust=trusted pending=18
[27360][I][STORAGE] Upload index rebuild begin pending=36 window=8192 heapFree=4550872 largest=4456436
[27694][I][CMD] op=0x30 reqid=3 status=4 payload=0 elapsedMs=0
[27893][I][STORAGE] Upload window rebuild accepted indexed=36 window=8192 pending=36 sessions=4 skipped=0 failedSegs=0 sidecarLoaded=9 sidecarStale=1 truncated=0 heapFree=4536608 largest=4456436
[27894][I][STORAGE] Upload stream prepare index built ok=1 resident=1 ms=535
[27895][I][STORAGE] Upload stream prepare ready=1 pending=36 budgetMs=45000 ms=1038 internalFree=27180 internalLargest=14836 psramFree=4509428
[27925][I][STORAGE] RAMSpool worker resumed
[27925][I][STORAGE] Exclusive window end kind=enrichment result=index_ready reason=phone_offload_prepare
[27926][I][OFFLOAD] index preparation complete ok=1 resident=1
[28505][I][STORAGE] Upload batch open; deferring watermark flush
[28506][I][OFFLOAD] begin transfer=1 pending=36 indexed=36 sessions=4 truncated=0
[28506][I][CMD] op=0x30 reqid=4 status=0 payload=12 elapsedMs=1
[28549][I][STORAGE] RAMSpool worker paused inflight=0 lastInflight=0
[28550][I][STORAGE] Exclusive window begin kind=enrichment reason=phone_offload_fetch workerPaused=1 displaySuspended=1
[28572][I][STORAGE] RAMSpool worker resumed
[28572][I][STORAGE] Exclusive window end kind=enrichment result=fetched reason=phone_offload_fetch
[28575][I][CMD] op=0x31 reqid=5 status=0 payload=192 elapsedMs=25
[28627][I][CMD] op=0x31 reqid=6 status=0 payload=192 elapsedMs=0
[28670][I][CMD] op=0x31 reqid=7 status=0 payload=176 elapsedMs=0
[28731][I][STORAGE] Segment lifecycle seg=488 indexed->partially_uploaded trust=trusted pending=1
[28732][I][STORAGE] RAMSpool worker paused inflight=0 lastInflight=0
[28732][I][STORAGE] Exclusive window begin kind=enrichment reason=phone_offload_fetch workerPaused=1 displaySuspended=1
[28736][I][STORAGE] RAMSpool worker resumed
[28737][I][STORAGE] Exclusive window end kind=enrichment result=fetched reason=phone_offload_fetch
[28740][I][CMD] op=0x31 reqid=8 status=0 payload=192 elapsedMs=17
[28804][I][CMD] op=0x31 reqid=9 status=0 payload=192 elapsedMs=0
[28836][I][CMD] op=0x31 reqid=10 status=0 payload=192 elapsedMs=0
[28868][I][CMD] op=0x31 reqid=11 status=0 payload=106 elapsedMs=0
[28920][I][STORAGE] Segment lifecycle seg=488 partially_uploaded->fully_uploaded trust=trusted pending=0
[28921][I][STORAGE] RAMSpool worker paused inflight=0 lastInflight=0
[28921][I][STORAGE] Exclusive window begin kind=enrichment reason=phone_offload_fetch workerPaused=1 displaySuspended=1
[28921][I][STORAGE] RAMSpool worker resumed
[28922][I][STORAGE] Exclusive window end kind=enrichment result=fetched reason=phone_offload_fetch
[28922][I][STORAGE] RAMSpool worker paused inflight=0 lastInflight=0
[28922][I][STORAGE] Exclusive window begin kind=enrichment reason=phone_offload_fetch workerPaused=1 displaySuspended=1
[28943][I][STORAGE] RAMSpool worker resumed
[28944][I][STORAGE] Exclusive window end kind=enrichment result=fetched reason=phone_offload_fetch
[28946][I][CMD] op=0x31 reqid=12 status=0 payload=192 elapsedMs=34
[28998][I][CMD] op=0x31 reqid=13 status=0 payload=192 elapsedMs=0
[29041][I][CMD] op=0x31 reqid=14 status=0 payload=176 elapsedMs=0
[29095][I][STORAGE] Segment lifecycle seg=494 indexed->partially_uploaded trust=trusted pending=1
[29096][I][STORAGE] RAMSpool worker paused inflight=0 lastInflight=0
[29097][I][STORAGE] Exclusive window begin kind=enrichment reason=phone_offload_fetch workerPaused=1 displaySuspended=1
[29102][I][STORAGE] RAMSpool worker resumed
[29102][I][STORAGE] Exclusive window end kind=enrichment result=fetched reason=phone_offload_fetch
[29104][I][CMD] op=0x31 reqid=15 status=0 payload=192 elapsedMs=18
[29136][I][CMD] op=0x31 reqid=16 status=0 payload=192 elapsedMs=0
[29188][I][CMD] op=0x31 reqid=17 status=0 payload=192 elapsedMs=0
[29240][I][CMD] op=0x31 reqid=18 status=0 payload=74 elapsedMs=0
[29290][I][STORAGE] Segment lifecycle seg=494 partially_uploaded->fully_uploaded trust=trusted pending=0
[29291][I][STORAGE] RAMSpool worker paused inflight=0 lastInflight=0
[29291][I][STORAGE] Exclusive window begin kind=enrichment reason=phone_offload_fetch workerPaused=1 displaySuspended=1
[29291][I][STORAGE] RAMSpool worker resumed
[29292][I][STORAGE] Exclusive window end kind=enrichment result=fetched reason=phone_offload_fetch
[29292][I][STORAGE] RAMSpool worker paused inflight=0 lastInflight=0
[29292][I][STORAGE] Exclusive window begin kind=enrichment reason=phone_offload_fetch workerPaused=1 displaySuspended=1
[29312][I][STORAGE] RAMSpool worker resumed
[29312][I][STORAGE] Exclusive window end kind=enrichment result=fetched reason=phone_offload_fetch
[29315][I][CMD] op=0x31 reqid=19 status=0 payload=192 elapsedMs=33
[29358][I][CMD] op=0x31 reqid=20 status=0 payload=192 elapsedMs=0
[29400][I][CMD] op=0x31 reqid=21 status=0 payload=176 elapsedMs=0
[29440][I][STORAGE] RAMSpool worker paused inflight=0 lastInflight=0
[29441][I][STORAGE] Exclusive window begin kind=enrichment reason=phone_offload_fetch workerPaused=1 displaySuspended=1
[29445][I][STORAGE] RAMSpool worker resumed
[29446][I][STORAGE] Exclusive window end kind=enrichment result=fetched reason=phone_offload_fetch
[29448][I][CMD] op=0x31 reqid=22 status=0 payload=192 elapsedMs=16
[29491][I][CMD] op=0x31 reqid=23 status=0 payload=192 elapsedMs=0
[29554][I][CMD] op=0x31 reqid=24 status=0 payload=192 elapsedMs=0
[29597][I][CMD] op=0x31 reqid=25 status=0 payload=105 elapsedMs=0
[29669][I][STORAGE] RAMSpool worker paused inflight=0 lastInflight=0
[29670][I][STORAGE] Exclusive window begin kind=enrichment reason=phone_offload_fetch workerPaused=1 displaySuspended=1
[29673][I][STORAGE] RAMSpool worker resumed
[29674][I][STORAGE] Exclusive window end kind=enrichment result=fetched reason=phone_offload_fetch
[29677][I][CMD] op=0x31 reqid=26 status=0 payload=192 elapsedMs=17
[29720][I][CMD] op=0x31 reqid=27 status=0 payload=192 elapsedMs=0
[29763][I][CMD] op=0x31 reqid=28 status=0 payload=176 elapsedMs=0
[29834][I][STORAGE] RAMSpool worker paused inflight=0 lastInflight=0
[29834][I][STORAGE] Exclusive window begin kind=enrichment reason=phone_offload_fetch workerPaused=1 displaySuspended=1
[29839][I][STORAGE] RAMSpool worker resumed
[29839][I][STORAGE] Exclusive window end kind=enrichment result=fetched reason=phone_offload_fetch
[29842][I][CMD] op=0x31 reqid=29 status=0 payload=192 elapsedMs=16
[29884][I][CMD] op=0x31 reqid=30 status=0 payload=192 elapsedMs=0
[29927][I][CMD] op=0x31 reqid=31 status=0 payload=192 elapsedMs=0
[29979][I][CMD] op=0x31 reqid=32 status=0 payload=74 elapsedMs=0
[30009][I][STORAGE] RAMSpool worker paused inflight=0 lastInflight=0
[30010][I][STORAGE] Exclusive window begin kind=enrichment reason=phone_offload_fetch workerPaused=1 displaySuspended=1
[30014][I][STORAGE] RAMSpool worker resumed
[30014][I][STORAGE] Exclusive window end kind=enrichment result=fetched reason=phone_offload_fetch
[30017][I][CMD] op=0x31 reqid=33 status=0 payload=192 elapsedMs=16
[30022][I][HEAP] heap free=4433KB min=4414KB largest=4352KB frag=1% internalFree=29KB internalLargest=19KB psramFree=4404KB core=0/0% owner=BLE_GPS nets=1 pendingUpload=28 pendingEnrich=0
[HEALTH] time=2026-08-11 15:09:19 src=ntp
[HEALTH] heap used=4013/8446KB free=4433KB min=4414KB largest=4352KB frag=1%
[HEALTH] internal used=225/254KB free=29KB min=10KB largest=19KB
[HEALTH] psram used=3788/8192KB free=4404KB largest=4352KB
[HEALTH] stack free_min: core0=16KB/22KB core1=13KB/18KB
[HEALTH] core usage: core0=0% core1=0%
[HEALTH] power=battery state=battery_normal batt=100% 4231mV trend=0mV/min runtime=206min cap=1100mAh charging=0
[HEALTH] radio=BLE_GPS wifi=0 ble=1 gps=0 nets=1 pendingUpload=28 pendingEnrich=0
[HEALTH] subghz=NONE mode=OFF pkts=0 nodes=0
[30026][I][STORAGE] RAMSpool enq=0 cons=0 inflight=0/1024 high=0 pressure=0 drop[full=0 big=0 noise=0 p3Evict=0 p3Drop=0 p2Drop=0 p1Fail=0] free=1024
[30027][I][STORAGE] RAMSpool enqueue probe[ok=0 drop=0] device[ok=0 drop=0]
[30027][I][STORAGE] RAMSpool worker probe[ok=0 sup=0 drop=0 fail=0 slow=0] device[ok=0 sup=0 drop=0 fail=0 slow=0] slowTotal=0 maxMs=0
[30028][I][STORAGE] RAMSpool prioEnq p0=0 p1=0 p2=0 p3=0
[30028][I][STORAGE] RAMSpool lanes p1=0/0 p2=0/0 p3=0/0
[30069][I][CMD] op=0x31 reqid=34 status=0 payload=192 elapsedMs=0
[30094][I][CMD] op=0x31 reqid=35 status=0 payload=176 elapsedMs=0
[30134][I][STORAGE] RAMSpool worker paused inflight=0 lastInflight=0
[30134][I][STORAGE] Exclusive window begin kind=enrichment reason=phone_offload_fetch workerPaused=1 displaySuspended=1
[30139][I][STORAGE] RAMSpool worker resumed
[30139][I][STORAGE] Exclusive window end kind=enrichment result=fetched reason=phone_offload_fetch
[30142][I][CMD] op=0x31 reqid=36 status=0 payload=192 elapsedMs=16
[30185][I][CMD] op=0x31 reqid=37 status=0 payload=192 elapsedMs=0
[30217][I][CMD] op=0x31 reqid=38 status=0 payload=192 elapsedMs=0
[30249][I][CMD] op=0x31 reqid=39 status=0 payload=74 elapsedMs=0
[30279][I][STORAGE] RAMSpool worker paused inflight=0 lastInflight=0
[30280][I][STORAGE] Exclusive window begin kind=enrichment reason=phone_offload_fetch workerPaused=1 displaySuspended=1
[30284][I][STORAGE] RAMSpool worker resumed
[30284][I][STORAGE] Exclusive window end kind=enrichment result=fetched reason=phone_offload_fetch
[30286][I][CMD] op=0x31 reqid=40 status=0 payload=192 elapsedMs=15
[30339][I][CMD] op=0x31 reqid=41 status=0 payload=192 elapsedMs=0
[30361][I][CMD] op=0x31 reqid=42 status=0 payload=176 elapsedMs=0
[30432][I][STORAGE] RAMSpool worker paused inflight=0 lastInflight=0
[30432][I][STORAGE] Exclusive window begin kind=enrichment reason=phone_offload_fetch workerPaused=1 displaySuspended=1
[30437][I][STORAGE] RAMSpool worker resumed
[30438][I][STORAGE] Exclusive window end kind=enrichment result=fetched reason=phone_offload_fetch
[30441][I][CMD] op=0x31 reqid=43 status=0 payload=192 elapsedMs=16
[30484][I][CMD] op=0x31 reqid=44 status=0 payload=192 elapsedMs=0
[30516][I][CMD] op=0x31 reqid=45 status=0 payload=192 elapsedMs=0
[30559][I][CMD] op=0x31 reqid=46 status=0 payload=74 elapsedMs=0
[30610][I][STORAGE] RAMSpool worker paused inflight=0 lastInflight=0
[30610][I][STORAGE] Exclusive window begin kind=enrichment reason=phone_offload_fetch workerPaused=1 displaySuspended=1
[30614][I][STORAGE] RAMSpool worker resumed
[30615][I][STORAGE] Exclusive window end kind=enrichment result=fetched reason=phone_offload_fetch
[30617][I][CMD] op=0x31 reqid=47 status=0 payload=192 elapsedMs=15
[30659][I][CMD] op=0x31 reqid=48 status=0 payload=192 elapsedMs=0
[30691][I][CMD] op=0x31 reqid=49 status=0 payload=176 elapsedMs=0
[30744][I][STORAGE] RAMSpool worker paused inflight=0 lastInflight=0
[30745][I][STORAGE] Exclusive window begin kind=enrichment reason=phone_offload_fetch workerPaused=1 displaySuspended=1
[30749][I][STORAGE] RAMSpool worker resumed
[30750][I][STORAGE] Exclusive window end kind=enrichment result=fetched reason=phone_offload_fetch
[30754][I][CMD] op=0x31 reqid=50 status=0 payload=192 elapsedMs=19
[30798][I][CMD] op=0x31 reqid=51 status=0 payload=192 elapsedMs=0
[30840][I][CMD] op=0x31 reqid=52 status=0 payload=192 elapsedMs=0
[30914][I][CMD] op=0x31 reqid=53 status=0 payload=74 elapsedMs=0
[30985][I][STORAGE] RAMSpool worker paused inflight=0 lastInflight=0
[30985][I][STORAGE] Exclusive window begin kind=enrichment reason=phone_offload_fetch workerPaused=1 displaySuspended=1
[30989][I][STORAGE] RAMSpool worker resumed
[30990][I][STORAGE] Exclusive window end kind=enrichment result=fetched reason=phone_offload_fetch
[30992][I][CMD] op=0x31 reqid=54 status=0 payload=192 elapsedMs=15
[31014][I][STACK] TaskDisplay watermark=13128B min=13128B
[31025][I][STACK] TaskHardware watermark=16304B min=16304B
[31036][I][CMD] op=0x31 reqid=55 status=0 payload=192 elapsedMs=0
[31068][I][CMD] op=0x31 reqid=56 status=0 payload=176 elapsedMs=0
[31122][I][STORAGE] RAMSpool worker paused inflight=0 lastInflight=0
[31122][I][STORAGE] Exclusive window begin kind=enrichment reason=phone_offload_fetch workerPaused=1 displaySuspended=1
[31127][I][STORAGE] RAMSpool worker resumed
[31127][I][STORAGE] Exclusive window end kind=enrichment result=fetched reason=phone_offload_fetch
[31130][I][CMD] op=0x31 reqid=57 status=0 payload=192 elapsedMs=16
[31174][I][CMD] op=0x31 reqid=58 status=0 payload=192 elapsedMs=0
[31206][I][CMD] op=0x31 reqid=59 status=0 payload=192 elapsedMs=0
[31238][I][CMD] op=0x31 reqid=60 status=0 payload=75 elapsedMs=0
[31290][I][STORAGE] RAMSpool worker paused inflight=0 lastInflight=0
[31291][I][STORAGE] Exclusive window begin kind=enrichment reason=phone_offload_fetch workerPaused=1 displaySuspended=1
[31295][I][STORAGE] RAMSpool worker resumed
[31296][I][STORAGE] Exclusive window end kind=enrichment result=fetched reason=phone_offload_fetch
[31299][I][CMD] op=0x31 reqid=61 status=0 payload=192 elapsedMs=19
[31341][I][CMD] op=0x31 reqid=62 status=0 payload=192 elapsedMs=0
[31373][I][CMD] op=0x31 reqid=63 status=0 payload=176 elapsedMs=0
[31433][I][STORAGE] RAMSpool worker paused inflight=0 lastInflight=0
[31434][I][STORAGE] Exclusive window begin kind=enrichment reason=phone_offload_fetch workerPaused=1 displaySuspended=1
[31439][I][STORAGE] RAMSpool worker resumed
[31440][I][STORAGE] Exclusive window end kind=enrichment result=fetched reason=phone_offload_fetch
[31444][I][CMD] op=0x31 reqid=64 status=0 payload=192 elapsedMs=19
[31487][I][CMD] op=0x31 reqid=65 status=0 payload=192 elapsedMs=0
[31541][I][CMD] op=0x31 reqid=66 status=0 payload=192 elapsedMs=0
[31564][I][CMD] op=0x31 reqid=67 status=0 payload=101 elapsedMs=0
[31615][I][STORAGE] RAMSpool worker paused inflight=0 lastInflight=0
[31615][I][STORAGE] Exclusive window begin kind=enrichment reason=phone_offload_fetch workerPaused=1 displaySuspended=1
[31616][I][STORAGE] RAMSpool worker resumed
[31616][I][STORAGE] Exclusive window end kind=enrichment result=fetched reason=phone_offload_fetch
[31616][I][STORAGE] RAMSpool worker paused inflight=0 lastInflight=0
[31616][I][STORAGE] Exclusive window begin kind=enrichment reason=phone_offload_fetch workerPaused=1 displaySuspended=1
[31637][I][STORAGE] RAMSpool worker resumed
[31638][I][STORAGE] Exclusive window end kind=enrichment result=fetched reason=phone_offload_fetch
[31640][I][CMD] op=0x31 reqid=68 status=0 payload=192 elapsedMs=33
[31684][I][CMD] op=0x31 reqid=69 status=0 payload=192 elapsedMs=0
[31717][I][CMD] op=0x31 reqid=70 status=0 payload=176 elapsedMs=0
[31757][I][STORAGE] Segment lifecycle seg=498 indexed->partially_uploaded trust=trusted pending=17
[31758][I][STORAGE] RAMSpool worker paused inflight=0 lastInflight=0
[31758][I][STORAGE] Exclusive window begin kind=enrichment reason=phone_offload_fetch workerPaused=1 displaySuspended=1
[31762][I][STORAGE] RAMSpool worker resumed
[31763][I][STORAGE] Exclusive window end kind=enrichment result=fetched reason=phone_offload_fetch
[31765][I][CMD] op=0x31 reqid=71 status=0 payload=192 elapsedMs=16
[31817][I][CMD] op=0x31 reqid=72 status=0 payload=192 elapsedMs=0
[31859][I][CMD] op=0x31 reqid=73 status=0 payload=192 elapsedMs=0
[31911][I][CMD] op=0x31 reqid=74 status=0 payload=74 elapsedMs=0
[31971][I][STORAGE] RAMSpool worker paused inflight=0 lastInflight=0
[31971][I][STORAGE] Exclusive window begin kind=enrichment reason=phone_offload_fetch workerPaused=1 displaySuspended=1
[31975][I][STORAGE] RAMSpool worker resumed
[31976][I][STORAGE] Exclusive window end kind=enrichment result=fetched reason=phone_offload_fetch
[31978][I][CMD] op=0x31 reqid=75 status=0 payload=192 elapsedMs=15
[32001][I][CMD] op=0x31 reqid=76 status=0 payload=192 elapsedMs=0
[32044][I][CMD] op=0x31 reqid=77 status=0 payload=176 elapsedMs=0
[32107][I][STORAGE] RAMSpool worker paused inflight=0 lastInflight=0
[32107][I][STORAGE] Exclusive window begin kind=enrichment reason=phone_offload_fetch workerPaused=1 displaySuspended=1
[32111][I][STORAGE] RAMSpool worker resumed
[32112][I][STORAGE] Exclusive window end kind=enrichment result=fetched reason=phone_offload_fetch
[32114][I][CMD] op=0x31 reqid=78 status=0 payload=192 elapsedMs=15
[32167][I][CMD] op=0x31 reqid=79 status=0 payload=192 elapsedMs=0
[32210][I][CMD] op=0x31 reqid=80 status=0 payload=192 elapsedMs=0
[32253][I][CMD] op=0x31 reqid=81 status=0 payload=74 elapsedMs=0
[32323][I][STORAGE] RAMSpool worker paused inflight=0 lastInflight=0
[32323][I][STORAGE] Exclusive window begin kind=enrichment reason=phone_offload_fetch workerPaused=1 displaySuspended=1
[32327][I][STORAGE] RAMSpool worker resumed
[32328][I][STORAGE] Exclusive window end kind=enrichment result=fetched reason=phone_offload_fetch
[32330][I][CMD] op=0x31 reqid=82 status=0 payload=192 elapsedMs=15
[32403][I][CMD] op=0x31 reqid=83 status=0 payload=192 elapsedMs=0
[32456][I][CMD] op=0x31 reqid=84 status=0 payload=176 elapsedMs=0
[32506][I][STORAGE] RAMSpool worker paused inflight=0 lastInflight=0
[32507][I][STORAGE] Exclusive window begin kind=enrichment reason=phone_offload_fetch workerPaused=1 displaySuspended=1
[32511][I][STORAGE] RAMSpool worker resumed
[32511][I][STORAGE] Exclusive window end kind=enrichment result=fetched reason=phone_offload_fetch
[32514][I][CMD] op=0x31 reqid=85 status=0 payload=192 elapsedMs=16
[32536][I][CMD] op=0x31 reqid=86 status=0 payload=192 elapsedMs=0
[32568][I][CMD] op=0x31 reqid=87 status=0 payload=192 elapsedMs=0
[32600][I][CMD] op=0x31 reqid=88 status=0 payload=74 elapsedMs=0
[32660][I][STORAGE] RAMSpool worker paused inflight=0 lastInflight=0
[32660][I][STORAGE] Exclusive window begin kind=enrichment reason=phone_offload_fetch workerPaused=1 displaySuspended=1
[32664][I][STORAGE] RAMSpool worker resumed
[32665][I][STORAGE] Exclusive window end kind=enrichment result=fetched reason=phone_offload_fetch
[32667][I][CMD] op=0x31 reqid=89 status=0 payload=192 elapsedMs=15
[32690][I][CMD] op=0x31 reqid=90 status=0 payload=192 elapsedMs=0
[32732][I][CMD] op=0x31 reqid=91 status=0 payload=176 elapsedMs=0
[32802][I][STORAGE] RAMSpool worker paused inflight=0 lastInflight=0
[32802][I][STORAGE] Exclusive window begin kind=enrichment reason=phone_offload_fetch workerPaused=1 displaySuspended=1
[32807][I][STORAGE] RAMSpool worker resumed
[32807][I][STORAGE] Exclusive window end kind=enrichment result=fetched reason=phone_offload_fetch
[32810][I][CMD] op=0x31 reqid=92 status=0 payload=192 elapsedMs=16
[32854][I][CMD] op=0x31 reqid=93 status=0 payload=192 elapsedMs=0
[32906][I][CMD] op=0x31 reqid=94 status=0 payload=192 elapsedMs=0
[32938][I][CMD] op=0x31 reqid=95 status=0 payload=75 elapsedMs=0
[32988][I][STORAGE] RAMSpool worker paused inflight=0 lastInflight=0
[32989][I][STORAGE] Exclusive window begin kind=enrichment reason=phone_offload_fetch workerPaused=1 displaySuspended=1
