=== capture opened 2026-08-11T14:15:49.8049372-05:00 ===
[18787][I][BLE] scan window ended window=8000ms weakRecent=0 lastRssi=0
[19051][I][BLE] scan start
[19051][I][BLE] scan start diag=1 deliverDuplicates=1 diagLeft=36203 state=1 window=8000ms weakRecent=0 lastRssi=0
[27051][I][BLE] scan window ended window=8000ms weakRecent=0 lastRssi=0
[27305][I][BLE] scan start
[27306][I][BLE] scan start diag=1 deliverDuplicates=1 diagLeft=27948 state=1 window=8000ms weakRecent=0 lastRssi=0
[30002][I][HEAP] heap free=4457KB min=4452KB largest=4352KB frag=2% internalFree=40KB internalLargest=31KB psramFree=4417KB core=0/0% owner=BLE_GPS nets=1 pendingUpload=2 pendingEnrich=0
[HEALTH] time=2026-08-11 14:15:54 src=ntp
[HEALTH] heap used=3989/8446KB free=4457KB min=4452KB largest=4352KB frag=2%
[HEALTH] internal used=214/254KB free=40KB min=36KB largest=31KB
[HEALTH] psram used=3775/8192KB free=4417KB largest=4352KB
[HEALTH] stack free_min: core0=17KB/22KB core1=13KB/18KB
[HEALTH] core usage: core0=0% core1=0%
[HEALTH] power=battery state=battery_normal batt=100% 4218mV trend=0mV/min runtime=206min cap=1100mAh charging=0
[HEALTH] radio=BLE_GPS wifi=0 ble=0 gps=0 nets=1 pendingUpload=2 pendingEnrich=0
[HEALTH] subghz=NONE mode=OFF pkts=0 nodes=0
[30005][I][STORAGE] RAMSpool enq=0 cons=0 inflight=0/1024 high=0 pressure=0 drop[full=0 big=0 noise=0 p3Evict=0 p3Drop=0 p2Drop=0 p1Fail=0] free=1024
[30005][I][STORAGE] RAMSpool enqueue probe[ok=0 drop=0] device[ok=0 drop=0]
[30005][I][STORAGE] RAMSpool worker probe[ok=0 sup=0 drop=0 fail=0 slow=0] device[ok=0 sup=0 drop=0 fail=0 slow=0] slowTotal=0 maxMs=0
[30006][I][STORAGE] RAMSpool prioEnq p0=0 p1=0 p2=0 p3=0
[30006][I][STORAGE] RAMSpool lanes p1=0/0 p2=0/0 p3=0/0
[31010][I][STACK] TaskDisplay watermark=13128B min=13128B
[31021][I][STACK] TaskHardware watermark=17076B min=17076B
[33060][I][BLE] target found matchedBy=service cachePeer=0 addr=79:c9:36:61:6d:84 name=SpectrePhone rssi=-74
[33061][I][BLE] target found matchedBy=service cachePeer=0 addr=79:c9:36:61:6d:84 name=SpectrePhone rssi=-74
[33063][I][BLE] scan stop; connect pending addr=79:c9:36:61:6d:84
[33327][I][BLE] connect pending settled addr=79:c9:36:61:6d:84
[33327][I][BLE] connect attempt addr=79:c9:36:61:6d:84 name=SpectrePhone
[33328][I][BLE] connect params timeoutMs=45000 scanItvl=16 scanWin=16 addrType=1
[33390][I][BLE] connect result ok=1 err=0 addr=79:c9:36:61:6d:84
[33390][I][BLE] BLE link connected; starting app-layer auth watchdog=50000ms
[33391][I][BLE] remote service lookup begin core=1 internalFree=41624 largest=31732
[33417][I][BLE] remote service lookup end found=1 err=0
[33417][I][BLE] remote characteristic discovery begin
[33507][I][BLE] remote characteristic discovery end count=13 err=0
[33537][I][BLE] remote descriptor discovery char=auth count=2 err=0
[33538][I][BLE] auth notify subscribe begin
[33567][I][BLE] auth notify subscribe end ok=1 err=0
[33889][I][BLE] auth challenge write bytes=163 mtu=247 attPayload=244 mode=response
[34489][I][BLE] app secure session ready alg=P-256+ECDH+AES-256-GCM
[34490][I][BLE] phone auth confirmed; caching peer addr=79:c9:36:61:6d:84 ttl=300000ms rssi=-74
[34527][I][BLE] remote descriptor discovery char=enrichment count=2 err=0
[34588][I][BLE] remote descriptor discovery char=command_req count=2 err=0
[34707][I][BLE] remote bound gps=1 ctrl=1 meta=1 batch=1 enrich=1 auth=1 authReq=1 storage=1 cmdReq=1 cmdResp=1 logStream=1 dashStream=1 notification=1 notify(gps=0 ctrl=0 enrich=1 auth=1 cmdReq=1) mtu=247 a
[34708][I][BLE] probe_summary seen=1 matchedBy=service rssi=-74 scanMs=23718
[34708][I][BLE] phone_session_summary auth=ok mtu=247 gps=1 ctrl=1 enrich=1 storage=1
[34715][I][BLE] link ready state=4
[34767][I][BLE] storage snapshot sent pendingUp=0/2 pendingEnrich=0/0 usedPct=4
[34771][I][BLE] Phone probe succeeded ??? backoff reset
[34775][I][BLE] Phone probe promoted to enrichment pendingEnrich=0 maxBatch=18
[34775][I][BLE] Enrichment pending scan begin claimed=0 max=18
[34776][I][BLE] Enrichment pending scan done count=0
[34776][I][BLE] Phone enrichment finished successfully
[34827][I][BLE] storage snapshot sent pendingUp=0/2 pendingEnrich=0/0 usedPct=4
[34827][I][BLE] Localization complete; retaining phone link for offload pending=2
[34827][I][BLE] Enrichment complete; persistent companion link retained
[34943][I][STORAGE] RAMSpool worker paused inflight=0 lastInflight=0
[34943][I][OFFLOAD] begin preparing index asynchronously
[34944][I][STORAGE] Exclusive window begin kind=enrichment reason=phone_offload_prepare workerPaused=1 displaySuspended=1
[34944][I][CMD] op=0x30 reqid=1 status=4 payload=0 elapsedMs=1
[34944][I][STORAGE] Upload index rebuild begin pending=2 window=8192 heapFree=4552120 largest=4456436
[35091][I][STORAGE] Upload window rebuild accepted indexed=2 window=8192 pending=2 sessions=1 skipped=0 failedSegs=0 sidecarLoaded=4 sidecarStale=1 truncated=0 heapFree=4548812 largest=4456436
[35092][I][STORAGE] Upload stream prepare index built ok=1 resident=1 ms=148
[35092][I][STORAGE] Upload stream prepare ready=1 pending=2 budgetMs=45000 ms=148 internalFree=28508 internalLargest=12276 psramFree=4520304
[35112][I][STORAGE] RAMSpool worker resumed
[35113][I][STORAGE] Exclusive window end kind=enrichment result=index_ready reason=phone_offload_prepare
[35113][I][OFFLOAD] index preparation complete ok=1 resident=1
[40259][I][BLE] worker stack free=7380B min=7380B
