=== capture opened 2026-08-11T14:39:52.2207749-05:00 ===
[30002][I][HEAP] heap free=4458KB min=4457KB largest=4352KB frag=2% internalFree=41KB internalLargest=31KB psramFree=4417KB core=0/0% owner=BLE_GPS nets=0 pendingUpload=4 pendingEnrich=2
[HEALTH] time=2026-08-11 14:39:54 src=ntp
[HEALTH] heap used=3989/8446KB free=4458KB min=4457KB largest=4352KB frag=2%
[HEALTH] internal used=214/254KB free=41KB min=40KB largest=31KB
[HEALTH] psram used=3775/8192KB free=4417KB largest=4352KB
[HEALTH] stack free_min: core0=16KB/22KB core1=13KB/18KB
[HEALTH] core usage: core0=0% core1=0%
[HEALTH] power=usb state=usb batt=98% 4155mV trend=0mV/min runtime=0min cap=1100mAh charging=0
[HEALTH] radio=BLE_GPS wifi=0 ble=0 gps=0 nets=0 pendingUpload=4 pendingEnrich=2
[HEALTH] subghz=NONE mode=OFF pkts=0 nodes=0
[30005][I][STORAGE] RAMSpool enq=0 cons=0 inflight=0/1024 high=0 pressure=0 drop[full=0 big=0 noise=0 p3Evict=0 p3Drop=0 p2Drop=0 p1Fail=0] free=1024
[30005][I][STORAGE] RAMSpool enqueue probe[ok=0 drop=0] device[ok=0 drop=0]
[30005][I][STORAGE] RAMSpool worker probe[ok=0 sup=0 drop=0 fail=0 slow=0] device[ok=0 sup=0 drop=0 fail=0 slow=0] slowTotal=0 maxMs=0
[30006][I][STORAGE] RAMSpool prioEnq p0=0 p1=0 p2=0 p3=0
[30006][I][STORAGE] RAMSpool lanes p1=0/0 p2=0/0 p3=0/0
[31021][I][STACK] TaskHardware watermark=16304B min=16304B
[31023][I][STACK] TaskDisplay watermark=13212B min=13212B
[41027][I][BLE] worker stack free=8152B min=8152B
[56932][I][BLE] connect result ok=0 err=13 addr=55:d3:1f:48:3f:aa
[56932][W][BLE] connect failed at client->connect err=13 addr=55:d3:1f:48:3f:aa
[56932][W][BLE] cleanup: dropping client and peer cache reason=connect_failed_client_connect
[56932][I][BLE] clearing cached peer reason=connect_failed_client_connect addr=55:d3:1f:48:3f:aa svcCached=0 attempts=0
[56944][W][BLE] connect failed -> return to scanning
[56944][W][BLE] probe timeout: phone not seen in 45000ms ??? releasing radio
[56944][I][BLE] probe resource release
[56945][I][BLE] advertising stop
[56945][I][BLE] client soft drop reason=radio_disabled
[56946][I][BLE] radio disabled
[56946][I][BLE] probe_release phase=worker_delete
[57005][I][WIFI] Promiscuous: YES
[57006][I][WIFI] Promiscuous mode started data=0
[57013][W][BLE] probe_summary seen=0 result=not_seen stage=1 miss=0 nextIn=60s
[57025][I][WIFI] Radio paused
[57184][I][WIFI] Radio suspended
[57185][I][BLE] begin phase=worker_ok
[57185][I][BLE] radio enabled settle=500ms
[57186][I][BLE] advertising start
[57186][I][BLE] companion link requested reason=offload_prep mode=fresh_scan timeout=15s settle=500ms cacheAge=0ms rssi=0
[57192][I][BLE] Phone probe lease granted reason=offload_prep cachedFirst=1 hold=60000ms
[57695][I][BLE] scan start
[57696][I][BLE] scan start diag=1 deliverDuplicates=1 diagLeft=44490 state=1 window=8000ms weakRecent=0 lastRssi=0
[57806][I][BLE] target found matchedBy=service cachePeer=0 addr=79:fa:71:d4:d2:1d name=SpectrePhone rssi=-64
[57807][I][BLE] target found matchedBy=service cachePeer=0 addr=79:fa:71:d4:d2:1d name=SpectrePhone rssi=-64
[57809][I][BLE] scan stop; connect pending addr=79:fa:71:d4:d2:1d
[58069][I][BLE] connect pending settled addr=79:fa:71:d4:d2:1d
[58070][I][BLE] connect attempt addr=79:fa:71:d4:d2:1d name=SpectrePhone
[58070][I][BLE] connect params timeoutMs=45000 scanItvl=16 scanWin=16 addrType=1
[58149][I][BLE] connect result ok=1 err=0 addr=79:fa:71:d4:d2:1d
[58149][I][BLE] BLE link connected; starting app-layer auth watchdog=50000ms
[58149][I][BLE] remote service lookup begin core=1 internalFree=41592 largest=31732
[58179][I][BLE] remote service lookup end found=1 err=0
[58179][I][BLE] remote characteristic discovery begin
[58298][I][BLE] remote characteristic discovery end count=13 err=0
[58329][I][BLE] remote descriptor discovery char=auth count=2 err=0
[58329][I][BLE] auth notify subscribe begin
[58358][I][BLE] auth notify subscribe end ok=1 err=0
[58632][I][BLE] auth challenge write bytes=163 mtu=247 attPayload=244 mode=response
[59142][I][BLE] app secure session ready alg=P-256+ECDH+AES-256-GCM
[59142][I][BLE] phone auth confirmed; caching peer addr=79:fa:71:d4:d2:1d ttl=300000ms rssi=-64
[59169][I][BLE] remote descriptor discovery char=enrichment count=2 err=0
[59229][I][BLE] remote descriptor discovery char=command_req count=2 err=0
[59394][I][BLE] remote bound gps=1 ctrl=1 meta=1 batch=1 enrich=1 auth=1 authReq=1 storage=1 cmdReq=1 cmdResp=1 logStream=1 dashStream=1 notification=1 notify(gps=0 ctrl=0 enrich=1 auth=1 cmdReq=1) mtu=247 a
[59394][I][BLE] probe_summary seen=1 matchedBy=service rssi=-64 scanMs=1448
[59395][I][BLE] phone_session_summary auth=ok mtu=247 gps=1 ctrl=1 enrich=1 storage=1
[59399][I][BLE] link ready state=4
[59453][I][BLE] storage snapshot sent pendingUp=0/4 pendingEnrich=0/2 usedPct=4
[59458][I][BLE] Phone probe succeeded ??? backoff reset
[59462][I][BLE] Phone probe promoted to enrichment pendingEnrich=2 maxBatch=18
[59463][I][BLE] Enrichment pending scan begin claimed=0 max=18
[59463][I][STORAGE] batch_load_ids_enter freeInternal=38216 segments=7
[59463][I][STORAGE] load_ids_reserve count=2 freeInternal=38216 largest=29684
[59463][I][STORAGE] load_ids_reserved freeInternal=38216
[59500][I][STORAGE] load_ids_loop_done scanned=1 skipped=6 idsCollected=2 freeInternal=38280
[59501][I][STORAGE] batch_load_ids_done count=2 capacity=2 freeInternal=38280
[59501][I][STORAGE] batch_pending_loop_enter segments=7 maxCount=18 streaming=1 freeInternal=38280
[59534][I][STORAGE] batch_pending_loop_done scanned=1 skipped=6 outCount=2 timeHit=0 elapsedMs=32 freeInternal=38280
[59534][I][BLE] Enrichment pending scan done count=2
[59534][I][BLE] enrichment request queued count=2 bytes=20
[59534][I][BLE] Requested enrichment batch count=2 queued=0
[59545][I][BLE] enrichment send mtu=247 attPayload=244 bytes=20 count=2
[59573][I][BLE] enrichment batch sent plain=20 sealed=42 count=2 writeOk=1
[59705][I][BLE] enrichment rx chunk cipher=116 queued=0
[59706][I][BLE] enrich_xfer_perf count=2 sendMs=28 waitMs=132 rxBytes=94
[59706][I][BLE] enrichment batch received count=2 bytes=94
[59706][I][BLE] enrichment batch consumed count=2
[59707][I][BLE] Enrich batch queued count=2 queueSize=1
[59707][I][BLE] Enrichment batch received count=2 claimed=2 queued=1
[59717][I][BLE] Enrich drain begin count=2 queueSize=1 ageMs=10
[60314][I][STORAGE] Spool enrich_batch applied=2 failed=0 batchFirstEventId=34289 batchLastEventId=34288 firstRecord=34290 lastRecord=34291 ms=125
[60315][I][BLE] enrich_perf count=2 applied=2 failed=0 deferred=0 storageMs=269 pendingUpload=4
[60315][I][BLE] Enrich drain done applied=2 failed=0 deferred=0 queueSize=0
[60315][I][BLE] Enrich torrent done drained=1 remaining=0 tookLease=0 preempt=0 elapsedMs=599
[60318][I][HEAP] heap free=4454KB min=4428KB largest=4352KB frag=2% internalFree=37KB internalLargest=28KB psramFree=4417KB core=0/0% owner=BLE_GPS nets=0 pendingUpload=4 pendingEnrich=2
[HEALTH] time=2026-08-11 14:40:23 src=ntp
[HEALTH] heap used=3992/8446KB free=4454KB min=4428KB largest=4352KB frag=2%
[HEALTH] internal used=217/254KB free=37KB min=11KB largest=28KB
[HEALTH] psram used=3775/8192KB free=4417KB largest=4352KB
[HEALTH] stack free_min: core0=16KB/22KB core1=13KB/18KB
[HEALTH] core usage: core0=0% core1=0%
[HEALTH] power=usb state=usb batt=100% 4259mV trend=63mV/min runtime=0min cap=1100mAh charging=1
[HEALTH] radio=BLE_GPS wifi=0 ble=1 gps=0 nets=0 pendingUpload=4 pendingEnrich=2
[HEALTH] subghz=NONE mode=OFF pkts=0 nodes=0
[60320][I][STORAGE] RAMSpool enq=0 cons=0 inflight=0/1024 high=0 pressure=0 drop[full=0 big=0 noise=0 p3Evict=0 p3Drop=0 p2Drop=0 p1Fail=0] free=1024
[60320][I][STORAGE] RAMSpool enqueue probe[ok=0 drop=0] device[ok=0 drop=0]
[60320][I][STORAGE] RAMSpool worker probe[ok=0 sup=0 drop=0 fail=0 slow=0] device[ok=0 sup=0 drop=0 fail=0 slow=0] slowTotal=0 maxMs=0
[60321][I][STORAGE] RAMSpool prioEnq p0=0 p1=0 p2=0 p3=0
[60321][I][STORAGE] RAMSpool lanes p1=0/0 p2=0/0 p3=0/0
[60331][W][CORE] TaskHardware loop gap=615ms owner=BLE_GPS pendingUpload=4 maintPending=1 suppressed=1
[60335][I][BLE] Enrichment pending scan begin claimed=0 max=18
[60335][I][BLE] Enrichment pending scan done count=0
[60336][I][BLE] enrich_session_summary requested=2 applied=2 failed=0 deferred=0 batches=1 xferMs=160 storageMs=269 totalMs=877
[60486][I][BLE] Phone enrichment finished successfully
[60548][I][BLE] storage snapshot sent pendingUp=0/4 pendingEnrich=0/0 usedPct=4
[60548][I][BLE] Localization complete; retaining phone link for offload pending=4
[60549][I][BLE] Enrichment complete; persistent companion link retained
[61024][I][STACK] TaskHardware watermark=16304B min=16304B
[61492][I][STORAGE] Routine maintenance requests coalesced count=4 latest=dirty_summary source=ramspool_idle flags=dirty_spool_index|dirty_summary|snapshot_lagged
