# opened COM12 2026-07-03T19:13:53.1860442-05:00
>>> status

Spectre WIO nRF relay console
version=0.4.0 baud=115200
type 'help' for commands; typed characters echo here
nrf> status
USB/1 STATUS
  version=0.4.0
  uptime_ms=26777224
  phone=idle
  connected=0
  services_ready=0
  text_ready=0
  conn_handle=65535
  rssi=-43
  probe_active=0
  probe_seen=11
  probe_uuid_seen=3
  probe_err=conn_failed_0x3E
  uart_rx_lines=24
  uart_tx_lines=40
  ble_rx=0
  ble_write=0
  usb_commands=24
  led_mode=auto
  led_color=off
  ble_init_started=1
  ble_ready=1
  ble_init_blocked=0
nrf> [rx] SPECTRE/1 RXCREDIT total=5
# closing 2026-07-03T19:13:55.1988092-05:00
