# opened COM12 2026-07-03T12:16:41.1798026-05:00
>>> led red

Spectre WIO nRF relay console
version=0.4.0 baud=115200
type 'help' for commands; typed characters echo here
nrf> led red
USB/1 OK led red
>>> status
nrf> status
USB/1 STATUS
  version=0.4.0
  uptime_ms=1746041
  phone=idle
  connected=0
  services_ready=0
  text_ready=0
  conn_handle=65535
  rssi=-43
  probe_active=0
  probe_seen=11
  probe_uuid_seen=3
  probe_err=conn_failed_0x3E
  uart_rx_lines=0
  uart_tx_lines=6
  ble_rx=0
  ble_write=0
  usb_commands=17
  led_mode=manual
  led_color=red
  ble_init_started=1
  ble_ready=1
  ble_init_blocked=0
>>> led blue
nrf> led blue
USB/1 OK led blue
>>> status
nrf> status
USB/1 STATUS
  version=0.4.0
  uptime_ms=1748250
  phone=idle
  connected=0
  services_ready=0
  text_ready=0
  conn_handle=65535
  rssi=-43
  probe_active=0
  probe_seen=11
  probe_uuid_seen=3
  probe_err=conn_failed_0x3E
  uart_rx_lines=0
  uart_tx_lines=6
  ble_rx=0
  ble_write=0
  usb_commands=19
  led_mode=manual
  led_color=blue
  ble_init_started=1
  ble_ready=1
  ble_init_blocked=0
>>> led off
nrf> led off
USB/1 OK led off
>>> status
nrf> status
USB/1 STATUS
  version=0.4.0
  uptime_ms=1750494
  phone=idle
  connected=0
  services_ready=0
  text_ready=0
  conn_handle=65535
  rssi=-43
  probe_active=0
  probe_seen=11
  probe_uuid_seen=3
  probe_err=conn_failed_0x3E
  uart_rx_lines=0
  uart_tx_lines=6
  ble_rx=0
  ble_write=0
  usb_commands=21
  led_mode=manual
  led_color=off
  ble_init_started=1
  ble_ready=1
  ble_init_blocked=0
>>> led auto
nrf> led auto
USB/1 OK led auto
>>> status
nrf> status
USB/1 STATUS
  version=0.4.0
  uptime_ms=1752720
  phone=idle
  connected=0
  services_ready=0
  text_ready=0
  conn_handle=65535
  rssi=-43
  probe_active=0
  probe_seen=11
  probe_uuid_seen=3
  probe_err=conn_failed_0x3E
  uart_rx_lines=0
  uart_tx_lines=6
  ble_rx=0
  ble_write=0
  usb_commands=23
  led_mode=auto
  led_color=off
  ble_init_started=1
  ble_ready=1
  ble_init_blocked=0
# closing 2026-07-03T12:16:50.1382728-05:00
