# Spectre WIO after reset 2026-07-03T11:09:54.5257738-05:00
# port=COM13 baud=115200 dtr=true rts=false

>>> 

>>> wio status
wio status
[WIO] available=1 bleProxy=1 sx1262=0 link=idle lastSeenAgeMs=64568
[WIO] phoneConnected=0 phone=unknown rssi=0
[WIO] gpsFresh=0 lat=0.000000 lon=0.000000 acc=0.0 timeTrusted=0 epoch=0
[WIO] textPending=0 textReady=0 prompt=
[XPORT] active=wio_ble previous=internal_ble ageMs=64567 transitions=1

>>> wio hello
wio hello
[WIO] HELLO sent
[412462][I][WIO] CAPS BLE_PROXY UART BLE_WRITE_BIN UART_FLOWCTRL ver=0.4.0
[412463][I][WIO] BLE proxy capability present
[412463][I][WIO] UART flow control capability present

>>> wio ble status
wio ble status
[WIO] BLE_STATUS requested
[414502][I][WIO] BLE status phone=idle connected=0 rssi=0 state=idle seq=0 ageMs=414501 raw="phone=idle connected=0 rssi=0 ble_ready=1 ble_init_started=1"

>>> wio ble start
wio ble start
[417506][I][WIO] External BLE start requested
[WIO] BLE_START requested
[420051][I][HEAP] heap free=7692KB min=7671KB largest=7552KB frag=1% internalFree=42KB internalLargest=30KB psramFree=7650KB core=0/0% owner=WIFI_CAPTURE nets=8 pendingUpload=435 pendingEnrich=438
[HEALTH] time=2026-07-03 11:10:09 src=ntp
[HEALTH] heap used=726/8418KB free=7692KB min=7671KB largest=7552KB frag=1%
[HEALTH] internal used=184/226KB free=42KB min=21KB largest=30KB
[HEALTH] psram used=542/8192KB free=7650KB largest=7552KB
[HEALTH] stack free_min: core0=17KB/22KB core1=13KB/18KB
[HEALTH] core usage: core0=0% core1=0%
[HEALTH] power=usb state=usb batt=100% 5000mV trend=0mV/min runtime=0min cap=1100mAh charging=0
[HEALTH] radio=WIFI_CAPTURE wifi=0 ble=0 gps=0 nets=8 pendingUpload=435 pendingEnrich=438
[HEALTH] subghz=NONE mode=OFF pkts=0 nodes=0
[420053][I][STORAGE] RAMSpool enq=95 cons=95 inflight=0/1024 high=5 pressure=0 drop[full=0 big=0 noise=0 p3Evict=0 p3Drop=0 p2Drop=0 p1Fail=0] free=1024
[420054][I][STORAGE] RAMSpool enqueue probe[ok=90 drop=0] device[ok=5 drop=0]
[420054][I][STORAGE] RAMSpool worker probe[ok=6 sup=84 drop=0 fail=0 slow=0] device[ok=5 sup=0 drop=0 fail=0 slow=0] slowTotal=0 maxMs=0
[420054][I][STORAGE] RAMSpool prioEnq p0=0 p1=0 p2=95 p3=0
[420054][I][STORAGE] RAMSpool lanes p1=0/0 p2=0/4 p3=0/0
[420868][I][STORAGE] worker ui refresh serviced uiRefreshServiceCount=32 uiDeferred=100 uiFlush=32 pressure=0 usedPct=4 pending=435
[421090][I][STACK] TaskHardware watermark=17188B min=17188B

>>> wio ble status
wio ble status
[WIO] BLE_STATUS requested

>>> wio status
wio status
[WIO] available=1 bleProxy=1 sx1262=0 link=idle lastSeenAgeMs=3074
[WIO] phoneConnected=0 phone=idle rssi=0
[WIO] gpsFresh=0 lat=0.000000 lon=0.000000 acc=0.0 timeTrusted=0 epoch=0
[WIO] textPending=0 textReady=0 prompt=
[XPORT] active=wio_ble previous=internal_ble ageMs=78802 transitions=1
[426257][I][STORAGE] worker ui refresh serviced uiRefreshServiceCount=33 uiDeferred=102 uiFlush=33 pressure=0 usedPct=4 pending=435

>>> wio probe
wio probe
[426662][I][WIO] External BLE probe start reason=serial_wio_probe seq=1 timeoutMs=12000 phone=idle rssi=0
[WIO] probe requested
[438663][W][WIO] External BLE failed reason=probe_timeout state=probing seq=1 ageMs=12001 phone=idle rssi=0
[438664][I][WIO] External BLE recovery to idle reason=failed_idle_recovery state=failed phone=idle rssi=0
[438939][I][STORAGE] capture write allowed owner=WIFI_CAPTURE path=/events/counter.txt reason=capture_micro_idle ms=95 ok=1
[439191][I][STORAGE] capture write allowed owner=WIFI_CAPTURE path=/events/meta.json reason=capture_micro_idle ms=250 ok=1
[439468][I][STORAGE] capture write allowed owner=WIFI_CAPTURE path=/spool/index.json reason=capture_micro_idle ms=272 ok=1
[439469][W][STORAGE] Counter trust=trusted reason=worker_metadata_flush since=439469
[439469][W][CORE] TaskHardware slow section=capture_storage_maintenance ms=755 owner=WIFI_CAPTURE pendingUpload=435 maintPending=0
[439479][W][CORE] TaskHardware loop gap=765ms owner=WIFI_CAPTURE pendingUpload=435 maintPending=0 suppressed=0

>>> wio status
wio status
[WIO] available=1 bleProxy=1 sx1262=0 link=idle lastSeenAgeMs=21188
[WIO] phoneConnected=0 phone=idle rssi=0
[WIO] gpsFresh=0 lat=0.000000 lon=0.000000 acc=0.0 timeTrusted=0 epoch=0
[WIO] textPending=0 textReady=0 prompt=
[XPORT] active=wio_ble previous=internal_ble ageMs=96916 transitions=1
[443017][I][STORAGE] Routine maintenance requests coalesced count=4 latest=dirty_summary source=ramspool_idle flags=dirty_summary
[443723][I][STORAGE] worker ui refresh serviced uiRefreshServiceCount=34 uiDeferred=104 uiFlush=34 pressure=0 usedPct=4 pending=435

>>> companion status
companion status
[COMP] enabled=1
[COMP] external accessory=1 bleProxy=1 phoneConnected=0 phone=idle rssi=0 ageMs=23202
[COMP] wio link=idle sx1262=0 textInput=0
[COMP] phone=UNKNOWN work=IDLE
[COMP] bleBegun=0 bleRadio=0 bleState=IDLE
[COMP] ready link=0 gps=0 freshGps=0 ctrl=0 enrich=0
[COMP] bleInitAgeMs=0 scanStartAgeMs=0 disconnReason=0
[COMP] pendingEnrichMission=0 pendingEnrichNoise=438 pendingEnrichTotal=438
[COMP] lastProbeAgeMs=0 lastEnrichAgeMs=0
[COMP] radioOwner=wifi_capture

# log=C:\PlatformIO\Projects\Spectre\diagnostics\wio-after-reset-COM13-20260703-110954.log
