status
USB/1 STATUS
  version=0.4.0
  uptime_ms=4399056
  phone=idle
  connected=0
  services_ready=0
  text_ready=0
  conn_handle=65535
  rssi=-48
  probe_active=0
  probe_seen=10
  probe_uuid_seen=1
  probe_err=none
  uart_rx_lines=0
  uart_tx_lines=26
  ble_rx=0
  ble_write=0
  usb_commands=14
  led_mode=auto
  led_color=off
  ble_init_started=1
  ble_ready=1
  ble_init_blocked=0
nrf> caps
[tx] WIO/1 CAPS BLE_PROXY UART BLE_WRITE_BIN UART_FLOWCTRL SX1262_PRESENT ver=0.4.0
USB/1 OK caps sent to S3 UART
nrf> wio-status
[tx] WIO/1 STATUS phone=idle connected=0 rssi=-48 ble_ready=1 ble_init_started=1
USB/1 OK status sent to S3 UART
nrf> uart USB_UART_LINK_TEST_20260807
[tx] USB_UART_LINK_TEST_20260807
USB/1 OK uart line sent
nrf> status
USB/1 STATUS
  version=0.4.0
  uptime_ms=4401910
  phone=idle
  connected=0
  services_ready=0
  text_ready=0
  conn_handle=65535
  rssi=-48
  probe_active=0
  probe_seen=10
  probe_uuid_seen=1
  probe_err=none
  uart_rx_lines=0
  uart_tx_lines=29
  ble_rx=0
  ble_write=0
  usb_commands=18
  led_mode=auto
  led_color=off
  ble_init_started=1
  ble_ready=1
  ble_init_blocked=0
nrf> 
